Archive member included to satisfy reference by file (symbol)

d:/tool_chain/gcc-arm-none-eabi/5.4 2016q3/bin/../lib/gcc/arm-none-eabi/5.4.1/../../../../arm-none-eabi/lib/armv7e-m/fpu\libc_nano.a(lib_a-exit.o)
                              d:/tool_chain/gcc-arm-none-eabi/5.4 2016q3/bin/../lib/gcc/arm-none-eabi/5.4.1/../../../../arm-none-eabi/lib/armv7e-m/fpu/crt0.o (exit)
d:/tool_chain/gcc-arm-none-eabi/5.4 2016q3/bin/../lib/gcc/arm-none-eabi/5.4.1/../../../../arm-none-eabi/lib/armv7e-m/fpu\libc_nano.a(lib_a-impure.o)
                              d:/tool_chain/gcc-arm-none-eabi/5.4 2016q3/bin/../lib/gcc/arm-none-eabi/5.4.1/../../../../arm-none-eabi/lib/armv7e-m/fpu\libc_nano.a(lib_a-exit.o) (_global_impure_ptr)
d:/tool_chain/gcc-arm-none-eabi/5.4 2016q3/bin/../lib/gcc/arm-none-eabi/5.4.1/../../../../arm-none-eabi/lib/armv7e-m/fpu\libc_nano.a(lib_a-init.o)
                              d:/tool_chain/gcc-arm-none-eabi/5.4 2016q3/bin/../lib/gcc/arm-none-eabi/5.4.1/../../../../arm-none-eabi/lib/armv7e-m/fpu/crt0.o (__libc_init_array)
d:/tool_chain/gcc-arm-none-eabi/5.4 2016q3/bin/../lib/gcc/arm-none-eabi/5.4.1/../../../../arm-none-eabi/lib/armv7e-m/fpu\libc_nano.a(lib_a-memcpy-stub.o)
                              ../../output/build/queue.o (memcpy)
d:/tool_chain/gcc-arm-none-eabi/5.4 2016q3/bin/../lib/gcc/arm-none-eabi/5.4.1/../../../../arm-none-eabi/lib/armv7e-m/fpu\libc_nano.a(lib_a-memset.o)
                              d:/tool_chain/gcc-arm-none-eabi/5.4 2016q3/bin/../lib/gcc/arm-none-eabi/5.4.1/../../../../arm-none-eabi/lib/armv7e-m/fpu/crt0.o (memset)
d:/tool_chain/gcc-arm-none-eabi/5.4 2016q3/bin/../lib/gcc/arm-none-eabi/5.4.1/../../../../arm-none-eabi/lib/armv7e-m/fpu\libnosys.a(_exit.o)
                              d:/tool_chain/gcc-arm-none-eabi/5.4 2016q3/bin/../lib/gcc/arm-none-eabi/5.4.1/../../../../arm-none-eabi/lib/armv7e-m/fpu\libc_nano.a(lib_a-exit.o) (_exit)

Allocating common symbols
Common symbol       size              file

defaultTaskHandle   0x4               ../../output/build/main.o
uwTick              0x4               ../../output/build/stm32f3xx_hal.o
xQueueRegistry      0x40              ../../output/build/queue.o
blinkLEDTaskHandle  0x4               ../../output/build/main.o
pFlash              0x20              ../../output/build/stm32f3xx_hal_flash.o
htim1               0x40              ../../output/build/stm32f3xx_hal_timebase_tim.o
huart2              0x80              ../../output/build/main.o
comUSBTaskHandle    0x4               ../../output/build/main.o

Discarded input sections

 .text          0x00000000        0x0 d:/tool_chain/gcc-arm-none-eabi/5.4 2016q3/bin/../lib/gcc/arm-none-eabi/5.4.1/armv7e-m/fpu/crti.o
 .data          0x00000000        0x0 d:/tool_chain/gcc-arm-none-eabi/5.4 2016q3/bin/../lib/gcc/arm-none-eabi/5.4.1/armv7e-m/fpu/crti.o
 .bss           0x00000000        0x0 d:/tool_chain/gcc-arm-none-eabi/5.4 2016q3/bin/../lib/gcc/arm-none-eabi/5.4.1/armv7e-m/fpu/crti.o
 .data          0x00000000        0x4 d:/tool_chain/gcc-arm-none-eabi/5.4 2016q3/bin/../lib/gcc/arm-none-eabi/5.4.1/armv7e-m/fpu/crtbegin.o
 .text          0x00000000       0x74 d:/tool_chain/gcc-arm-none-eabi/5.4 2016q3/bin/../lib/gcc/arm-none-eabi/5.4.1/../../../../arm-none-eabi/lib/armv7e-m/fpu/crt0.o
 .data          0x00000000        0x0 d:/tool_chain/gcc-arm-none-eabi/5.4 2016q3/bin/../lib/gcc/arm-none-eabi/5.4.1/../../../../arm-none-eabi/lib/armv7e-m/fpu/crt0.o
 .bss           0x00000000        0x0 d:/tool_chain/gcc-arm-none-eabi/5.4 2016q3/bin/../lib/gcc/arm-none-eabi/5.4.1/../../../../arm-none-eabi/lib/armv7e-m/fpu/crt0.o
 .ARM.extab     0x00000000        0x0 d:/tool_chain/gcc-arm-none-eabi/5.4 2016q3/bin/../lib/gcc/arm-none-eabi/5.4.1/../../../../arm-none-eabi/lib/armv7e-m/fpu/crt0.o
 .ARM.exidx     0x00000000        0x8 d:/tool_chain/gcc-arm-none-eabi/5.4 2016q3/bin/../lib/gcc/arm-none-eabi/5.4.1/../../../../arm-none-eabi/lib/armv7e-m/fpu/crt0.o
 .ARM.attributes
                0x00000000       0x20 d:/tool_chain/gcc-arm-none-eabi/5.4 2016q3/bin/../lib/gcc/arm-none-eabi/5.4.1/../../../../arm-none-eabi/lib/armv7e-m/fpu/crt0.o
 .text          0x00000000        0x0 ../../output/build/main.o
 .data          0x00000000        0x0 ../../output/build/main.o
 .bss           0x00000000        0x0 ../../output/build/main.o
 .text.Error_Handler
                0x00000000        0x4 ../../output/build/main.o
 .text          0x00000000        0x0 ../../output/build/freertos.o
 .data          0x00000000        0x0 ../../output/build/freertos.o
 .bss           0x00000000        0x0 ../../output/build/freertos.o
 .debug_info    0x00000000       0xa2 ../../output/build/freertos.o
 .debug_abbrev  0x00000000       0x4b ../../output/build/freertos.o
 .debug_aranges
                0x00000000       0x18 ../../output/build/freertos.o
 .debug_line    0x00000000       0xf0 ../../output/build/freertos.o
 .debug_str     0x00000000      0x1b5 ../../output/build/freertos.o
[...]
Memory Configuration

Name             Origin             Length             Attributes
RAM              0x20000000         0x00004000         xrw
FLASH            0x08000000         0x00010000         xr
*default*        0x00000000         0xffffffff

Linker script and memory map

LOAD d:/tool_chain/gcc-arm-none-eabi/5.4 2016q3/bin/../lib/gcc/arm-none-eabi/5.4.1/armv7e-m/fpu/crti.o
LOAD d:/tool_chain/gcc-arm-none-eabi/5.4 2016q3/bin/../lib/gcc/arm-none-eabi/5.4.1/armv7e-m/fpu/crtbegin.o
LOAD d:/tool_chain/gcc-arm-none-eabi/5.4 2016q3/bin/../lib/gcc/arm-none-eabi/5.4.1/../../../../arm-none-eabi/lib/armv7e-m/fpu/crt0.o
LOAD ../../output/build/main.o
LOAD ../../output/build/freertos.o
LOAD ../../output/build/stm32f3xx_it.o
LOAD ../../output/build/stm32f3xx_hal_msp.o
LOAD ../../output/build/stm32f3xx_hal.o
LOAD ../../output/build/stm32f3xx_hal_rcc.o
LOAD ../../output/build/stm32f3xx_hal_rcc_ex.o
LOAD ../../output/build/stm32f3xx_hal_gpio.o
LOAD ../../output/build/stm32f3xx_hal_dma.o
LOAD ../../output/build/stm32f3xx_hal_cortex.o
LOAD ../../output/build/stm32f3xx_hal_pwr.o
LOAD ../../output/build/stm32f3xx_hal_pwr_ex.o
LOAD ../../output/build/stm32f3xx_hal_flash.o
LOAD ../../output/build/stm32f3xx_hal_flash_ex.o
LOAD ../../output/build/stm32f3xx_hal_i2c.o
LOAD ../../output/build/stm32f3xx_hal_i2c_ex.o
LOAD ../../output/build/stm32f3xx_hal_exti.o
LOAD ../../output/build/stm32f3xx_hal_tim.o
LOAD ../../output/build/stm32f3xx_hal_tim_ex.o
LOAD ../../output/build/stm32f3xx_hal_uart.o
LOAD ../../output/build/stm32f3xx_hal_uart_ex.o
LOAD ../../output/build/system_stm32f3xx.o
LOAD ../../output/build/croutine.o
LOAD ../../output/build/event_groups.o
LOAD ../../output/build/list.o
LOAD ../../output/build/queue.o
LOAD ../../output/build/stream_buffer.o
LOAD ../../output/build/tasks.o
LOAD ../../output/build/timers.o
LOAD ../../output/build/cmsis_os2.o
LOAD ../../output/build/heap_4.o
LOAD ../../output/build/port.o
LOAD ../../output/build/stm32f3xx_hal_timebase_tim.o
LOAD ../../output/build/startup_stm32f302x8.o
LOAD d:/tool_chain/gcc-arm-none-eabi/5.4 2016q3/bin/../lib/gcc/arm-none-eabi/5.4.1/../../../../arm-none-eabi/lib/armv7e-m/fpu\libc_nano.a
LOAD d:/tool_chain/gcc-arm-none-eabi/5.4 2016q3/bin/../lib/gcc/arm-none-eabi/5.4.1/../../../../arm-none-eabi/lib/armv7e-m/fpu\libm.a
LOAD d:/tool_chain/gcc-arm-none-eabi/5.4 2016q3/bin/../lib/gcc/arm-none-eabi/5.4.1/../../../../arm-none-eabi/lib/armv7e-m/fpu\libnosys.a
START GROUP
LOAD d:/tool_chain/gcc-arm-none-eabi/5.4 2016q3/bin/../lib/gcc/arm-none-eabi/5.4.1/armv7e-m/fpu\libgcc.a
LOAD d:/tool_chain/gcc-arm-none-eabi/5.4 2016q3/bin/../lib/gcc/arm-none-eabi/5.4.1/../../../../arm-none-eabi/lib/armv7e-m/fpu\libc_nano.a
END GROUP
START GROUP
LOAD d:/tool_chain/gcc-arm-none-eabi/5.4 2016q3/bin/../lib/gcc/arm-none-eabi/5.4.1/armv7e-m/fpu\libgcc.a
LOAD d:/tool_chain/gcc-arm-none-eabi/5.4 2016q3/bin/../lib/gcc/arm-none-eabi/5.4.1/../../../../arm-none-eabi/lib/armv7e-m/fpu\libc_nano.a
END GROUP
LOAD d:/tool_chain/gcc-arm-none-eabi/5.4 2016q3/bin/../lib/gcc/arm-none-eabi/5.4.1/armv7e-m/fpu/crtend.o
LOAD d:/tool_chain/gcc-arm-none-eabi/5.4 2016q3/bin/../lib/gcc/arm-none-eabi/5.4.1/armv7e-m/fpu/crtn.o
                0x20004000                _estack = 0x20004000
                0x00000200                _Min_Heap_Size = 0x200
                0x00000400                _Min_Stack_Size = 0x400

.isr_vector     0x08000000      0x188
                0x08000000                . = ALIGN (0x4)
 *(.isr_vector)
 .isr_vector    0x08000000      0x188 ../../output/build/startup_stm32f302x8.o
                0x08000000                g_pfnVectors
                0x08000188                . = ALIGN (0x4)

.text           0x08000190     0x33ac
                0x08000190                . = ALIGN (0x4)
 *(.text)
 .text          0x08000190       0x5c d:/tool_chain/gcc-arm-none-eabi/5.4 2016q3/bin/../lib/gcc/arm-none-eabi/5.4.1/armv7e-m/fpu/crtbegin.o
 *(.text*)
 .text.MX_GPIO_Init
                0x080001ec       0xa4 ../../output/build/main.o
 .text.MX_USART2_UART_Init
                0x08000290       0x30 ../../output/build/main.o
 .text.StartComUSBTask
                0x080002c0        0xc ../../output/build/main.o
                0x080002c0                StartComUSBTask
 .text.StartDefaultTask
                0x080002cc        0xc ../../output/build/main.o
                0x080002cc                StartDefaultTask
 .text.StartTask02
                0x080002d8       0x18 ../../output/build/main.o
                0x080002d8                StartTask02
 .text.SystemClock_Config
                0x080002f0       0x50 ../../output/build/main.o
                0x080002f0                SystemClock_Config
 .text.main     0x08000340       0x6c ../../output/build/main.o
                0x08000340                main
 .text.HAL_TIM_PeriodElapsedCallback
                0x080003ac       0x14 ../../output/build/main.o
                0x080003ac                HAL_TIM_PeriodElapsedCallback
 .text.NMI_Handler
                0x080003c0        0x4 ../../output/build/stm32f3xx_it.o
                0x080003c0                NMI_Handler
 .text.HardFault_Handler
                0x080003c4        0x4 ../../output/build/stm32f3xx_it.o
                0x080003c4                HardFault_Handler
 .text.MemManage_Handler
                0x080003c8        0x4 ../../output/build/stm32f3xx_it.o
                0x080003c8                MemManage_Handler
 .text.BusFault_Handler
                0x080003cc        0x4 ../../output/build/stm32f3xx_it.o
                0x080003cc                BusFault_Handler
 .text.UsageFault_Handler
                0x080003d0        0x4 ../../output/build/stm32f3xx_it.o
                0x080003d0                UsageFault_Handler
 .text.DebugMon_Handler
                0x080003d4        0x4 ../../output/build/stm32f3xx_it.o
                0x080003d4                DebugMon_Handler
 .text.TIM1_UP_TIM16_IRQHandler
                0x080003d8       0x10 ../../output/build/stm32f3xx_it.o
                0x080003d8                TIM1_UP_TIM16_IRQHandler
 .text.HAL_MspInit
                0x080003e8       0x40 ../../output/build/stm32f3xx_hal_msp.o
                0x080003e8                HAL_MspInit
 .text.HAL_UART_MspInit
                0x08000428       0x60 ../../output/build/stm32f3xx_hal_msp.o
                0x08000428                HAL_UART_MspInit
 .text.HAL_Init
                0x08000488       0x24 ../../output/build/stm32f3xx_hal.o
                0x08000488                HAL_Init
 .text.HAL_IncTick
                0x080004ac       0x18 ../../output/build/stm32f3xx_hal.o
                0x080004ac                HAL_IncTick
 .text.HAL_GetTick
                0x080004c4        0xc ../../output/build/stm32f3xx_hal.o
                0x080004c4                HAL_GetTick
 .text.HAL_RCC_OscConfig
                0x080004d0      0x654 ../../output/build/stm32f3xx_hal_rcc.o
                0x080004d0                HAL_RCC_OscConfig
 .text.HAL_RCC_GetSysClockFreq
                0x08000b24       0x70 ../../output/build/stm32f3xx_hal_rcc.o
                0x08000b24                HAL_RCC_GetSysClockFreq
 .text.HAL_RCC_ClockConfig
                0x08000b94      0x1ac ../../output/build/stm32f3xx_hal_rcc.o
                0x08000b94                HAL_RCC_ClockConfig
 .text.HAL_RCC_GetHCLKFreq
                0x08000d40        0xc ../../output/build/stm32f3xx_hal_rcc.o
                0x08000d40                HAL_RCC_GetHCLKFreq
 .text.HAL_RCC_GetPCLK1Freq
                0x08000d4c       0x30 ../../output/build/stm32f3xx_hal_rcc.o
                0x08000d4c                HAL_RCC_GetPCLK1Freq
 .text.HAL_RCC_GetPCLK2Freq
                0x08000d7c       0x30 ../../output/build/stm32f3xx_hal_rcc.o
                0x08000d7c                HAL_RCC_GetPCLK2Freq
 .text.HAL_RCC_GetClockConfig
                0x08000dac       0x3c ../../output/build/stm32f3xx_hal_rcc.o
                0x08000dac                HAL_RCC_GetClockConfig
 .text.HAL_GPIO_Init
                0x08000de8      0x188 ../../output/build/stm32f3xx_hal_gpio.o
                0x08000de8                HAL_GPIO_Init
 .text.HAL_GPIO_WritePin
                0x08000f70        0xc ../../output/build/stm32f3xx_hal_gpio.o
                0x08000f70                HAL_GPIO_WritePin
 .text.HAL_GPIO_TogglePin
                0x08000f7c       0x10 ../../output/build/stm32f3xx_hal_gpio.o
                0x08000f7c                HAL_GPIO_TogglePin
 .text.HAL_NVIC_SetPriorityGrouping
                0x08000f8c       0x24 ../../output/build/stm32f3xx_hal_cortex.o
                0x08000f8c                HAL_NVIC_SetPriorityGrouping
 .text.HAL_NVIC_SetPriority
                0x08000fb0       0x64 ../../output/build/stm32f3xx_hal_cortex.o
                0x08000fb0                HAL_NVIC_SetPriority
 .text.HAL_NVIC_EnableIRQ
                0x08001014       0x1c ../../output/build/stm32f3xx_hal_cortex.o
                0x08001014                HAL_NVIC_EnableIRQ
 .text.HAL_TIM_Base_MspInit
                0x08001030        0x4 ../../output/build/stm32f3xx_hal_tim.o
                0x08001030                HAL_TIM_Base_MspInit
 .text.HAL_TIM_Base_Start_IT
                0x08001034       0x2c ../../output/build/stm32f3xx_hal_tim.o
                0x08001034                HAL_TIM_Base_Start_IT
 .text.HAL_TIM_OC_DelayElapsedCallback
                0x08001060        0x4 ../../output/build/stm32f3xx_hal_tim.o
                0x08001060                HAL_TIM_OC_DelayElapsedCallback
 .text.HAL_TIM_IC_CaptureCallback
                0x08001064        0x4 ../../output/build/stm32f3xx_hal_tim.o
                0x08001064                HAL_TIM_IC_CaptureCallback
 .text.HAL_TIM_PWM_PulseFinishedCallback
                0x08001068        0x4 ../../output/build/stm32f3xx_hal_tim.o
                0x08001068                HAL_TIM_PWM_PulseFinishedCallback
 .text.HAL_TIM_TriggerCallback
                0x0800106c        0x4 ../../output/build/stm32f3xx_hal_tim.o
                0x0800106c                HAL_TIM_TriggerCallback
 .text.HAL_TIM_IRQHandler
                0x08001070      0x190 ../../output/build/stm32f3xx_hal_tim.o
                0x08001070                HAL_TIM_IRQHandler
 .text.TIM_Base_SetConfig
                0x08001200       0x80 ../../output/build/stm32f3xx_hal_tim.o
                0x08001200                TIM_Base_SetConfig
 .text.HAL_TIM_Base_Init
                0x08001280       0x38 ../../output/build/stm32f3xx_hal_tim.o
                0x08001280                HAL_TIM_Base_Init
 .text.HAL_TIMEx_CommutCallback
                0x080012b8        0x4 ../../output/build/stm32f3xx_hal_tim_ex.o
                0x080012b8                HAL_TIMEx_CommutCallback
 .text.HAL_TIMEx_BreakCallback
                0x080012bc        0x4 ../../output/build/stm32f3xx_hal_tim_ex.o
                0x080012bc                HAL_TIMEx_BreakCallback
 .text.HAL_TIMEx_Break2Callback
                0x080012c0        0x4 ../../output/build/stm32f3xx_hal_tim_ex.o
                0x080012c0                HAL_TIMEx_Break2Callback
 .text.UART_SetConfig
                0x080012c4      0x1d8 ../../output/build/stm32f3xx_hal_uart.o
                0x080012c4                UART_SetConfig
 .text.UART_AdvFeatureConfig
                0x0800149c       0xc8 ../../output/build/stm32f3xx_hal_uart.o
                0x0800149c                UART_AdvFeatureConfig
 .text.UART_WaitOnFlagUntilTimeout
                0x08001564       0xa4 ../../output/build/stm32f3xx_hal_uart.o
                0x08001564                UART_WaitOnFlagUntilTimeout
 .text.UART_CheckIdleState
                0x08001608       0x68 ../../output/build/stm32f3xx_hal_uart.o
                0x08001608                UART_CheckIdleState
 .text.HAL_UART_Init
                0x08001670       0x60 ../../output/build/stm32f3xx_hal_uart.o
                0x08001670                HAL_UART_Init
 .text.SystemInit
                0x080016d0       0x1c ../../output/build/system_stm32f3xx.o
                0x080016d0                SystemInit
 .text.vListInitialise
                0x080016ec       0x18 ../../output/build/list.o
                0x080016ec                vListInitialise
 .text.vListInitialiseItem
                0x08001704        0x8 ../../output/build/list.o
                0x08001704                vListInitialiseItem
 .text.vListInsertEnd
                0x0800170c       0x18 ../../output/build/list.o
                0x0800170c                vListInsertEnd
 .text.vListInsert
                0x08001724       0x34 ../../output/build/list.o
                0x08001724                vListInsert
 .text.uxListRemove
                0x08001758       0x28 ../../output/build/list.o
                0x08001758                uxListRemove
 .text.prvIsQueueFull
                0x08001780       0x20 ../../output/build/queue.o
 .text.prvIsQueueEmpty
                0x080017a0       0x1c ../../output/build/queue.o
 .text.prvCopyDataToQueue
                0x080017bc       0x78 ../../output/build/queue.o
 .text.prvCopyDataFromQueue
                0x08001834       0x24 ../../output/build/queue.o
 .text.prvUnlockQueue
                0x08001858       0x68 ../../output/build/queue.o
 .text.xQueueGenericReset
                0x080018c0       0x80 ../../output/build/queue.o
                0x080018c0                xQueueGenericReset
 .text.prvInitialiseNewQueue
                0x08001940       0x24 ../../output/build/queue.o
 .text.xQueueGenericCreateStatic
                0x08001964       0xac ../../output/build/queue.o
                0x08001964                xQueueGenericCreateStatic
 .text.xQueueGenericSend
                0x08001a10      0x190 ../../output/build/queue.o
                0x08001a10                xQueueGenericSend
 .text.xQueueGenericSendFromISR
                0x08001ba0       0xe4 ../../output/build/queue.o
                0x08001ba0                xQueueGenericSendFromISR
 .text.xQueueReceive
                0x08001c84      0x158 ../../output/build/queue.o
                0x08001c84                xQueueReceive
 .text.vQueueAddToRegistry
                0x08001ddc       0x28 ../../output/build/queue.o
                0x08001ddc                vQueueAddToRegistry
 .text.vQueueWaitForMessageRestricted
                0x08001e04       0x4c ../../output/build/queue.o
                0x08001e04                vQueueWaitForMessageRestricted
 .text.prvResetNextTaskUnblockTime
                0x08001e50       0x34 ../../output/build/tasks.o
 .text.prvInitialiseNewTask
                0x08001e84       0x90 ../../output/build/tasks.o
 .text.prvInitialiseTaskLists
                0x08001f14       0x68 ../../output/build/tasks.o
 .text.prvAddNewTaskToReadyList
                0x08001f7c       0xa8 ../../output/build/tasks.o
 .text.prvDeleteTCB
                0x08002024       0x3c ../../output/build/tasks.o
 .text.prvCheckTasksWaitingTermination
                0x08002060       0x44 ../../output/build/tasks.o
 .text.prvIdleTask
                0x080020a4       0x28 ../../output/build/tasks.o
 .text.prvAddCurrentTaskToDelayedList
                0x080020cc       0x7c ../../output/build/tasks.o
 .text.xTaskCreateStatic
                0x08002148       0x7c ../../output/build/tasks.o
                0x08002148                xTaskCreateStatic
 .text.xTaskCreate
                0x080021c4       0x68 ../../output/build/tasks.o
                0x080021c4                xTaskCreate
 .text.vTaskStartScheduler
                0x0800222c       0x98 ../../output/build/tasks.o
                0x0800222c                vTaskStartScheduler
 .text.vTaskSuspendAll
                0x080022c4       0x10 ../../output/build/tasks.o
                0x080022c4                vTaskSuspendAll
 .text.xTaskGetTickCount
                0x080022d4        0xc ../../output/build/tasks.o
                0x080022d4                xTaskGetTickCount
 .text.xTaskIncrementTick
                0x080022e0      0x124 ../../output/build/tasks.o
                0x080022e0                xTaskIncrementTick
 .text.xTaskResumeAll
                0x08002404       0xf8 ../../output/build/tasks.o
                0x08002404                xTaskResumeAll
 .text.vTaskDelay
                0x080024fc       0x50 ../../output/build/tasks.o
                0x080024fc                vTaskDelay
 .text.vTaskSwitchContext
                0x0800254c       0x98 ../../output/build/tasks.o
                0x0800254c                vTaskSwitchContext
 .text.vTaskPlaceOnEventList
                0x080025e4       0x30 ../../output/build/tasks.o
                0x080025e4                vTaskPlaceOnEventList
 .text.vTaskPlaceOnEventListRestricted
                0x08002614       0x38 ../../output/build/tasks.o
                0x08002614                vTaskPlaceOnEventListRestricted
 .text.xTaskRemoveFromEventList
                0x0800264c       0x8c ../../output/build/tasks.o
                0x0800264c                xTaskRemoveFromEventList
 .text.vTaskInternalSetTimeOutState
                0x080026d8       0x18 ../../output/build/tasks.o
                0x080026d8                vTaskInternalSetTimeOutState
 .text.xTaskCheckForTimeOut
                0x080026f0       0x80 ../../output/build/tasks.o
                0x080026f0                xTaskCheckForTimeOut
 .text.vTaskMissedYield
                0x08002770        0xc ../../output/build/tasks.o
                0x08002770                vTaskMissedYield
 .text.xTaskGetSchedulerState
                0x0800277c       0x20 ../../output/build/tasks.o
                0x0800277c                xTaskGetSchedulerState
 .text.xTaskPriorityDisinherit
                0x0800279c       0x94 ../../output/build/tasks.o
                0x0800279c                xTaskPriorityDisinherit
 .text.prvGetNextExpireTime
                0x08002830       0x20 ../../output/build/timers.o
 .text.prvInsertTimerInActiveList
                0x08002850       0x48 ../../output/build/timers.o
 .text.prvCheckForValidListAndQueue
                0x08002898       0x6c ../../output/build/timers.o
 .text.xTimerCreateTimerTask
                0x08002904       0x70 ../../output/build/timers.o
                0x08002904                xTimerCreateTimerTask
 .text.xTimerGenericCommand
                0x08002974       0x6c ../../output/build/timers.o
                0x08002974                xTimerGenericCommand
 .text.prvSwitchTimerLists
                0x080029e0       0x7c ../../output/build/timers.o
 .text.prvSampleTimeNow
                0x08002a5c       0x2c ../../output/build/timers.o
 .text.prvProcessExpiredTimer
                0x08002a88       0x5c ../../output/build/timers.o
 .text.prvProcessTimerOrBlockTask
                0x08002ae4       0x74 ../../output/build/timers.o
 .text.prvProcessReceivedCommands
                0x08002b58       0xd0 ../../output/build/timers.o
 .text.prvTimerTask
                0x08002c28       0x18 ../../output/build/timers.o
 .text.osKernelInitialize
                0x08002c40       0x44 ../../output/build/cmsis_os2.o
                0x08002c40                osKernelInitialize
 .text.osKernelStart
                0x08002c84       0x4c ../../output/build/cmsis_os2.o
                0x08002c84                osKernelStart
 .text.osThreadNew
                0x08002cd0       0xe8 ../../output/build/cmsis_os2.o
                0x08002cd0                osThreadNew
 .text.osDelay  0x08002db8       0x40 ../../output/build/cmsis_os2.o
                0x08002db8                osDelay
 .text.vApplicationGetIdleTaskMemory
                0x08002df8       0x18 ../../output/build/cmsis_os2.o
                0x08002df8                vApplicationGetIdleTaskMemory
 .text.vApplicationGetTimerTaskMemory
                0x08002e10       0x18 ../../output/build/cmsis_os2.o
                0x08002e10                vApplicationGetTimerTaskMemory
 .text.prvHeapInit
                0x08002e28       0x64 ../../output/build/heap_4.o
 .text.prvInsertBlockIntoFreeList
                0x08002e8c       0x58 ../../output/build/heap_4.o
 .text.pvPortMalloc
                0x08002ee4      0x104 ../../output/build/heap_4.o
                0x08002ee4                pvPortMalloc
 .text.vPortFree
                0x08002fe8       0x78 ../../output/build/heap_4.o
                0x08002fe8                vPortFree
 .text.prvTaskExitError
                0x08003060       0x40 ../../output/build/port.o
 .text.prvPortStartFirstTask
                0x080030a0       0x28 ../../output/build/port.o
 .text.vPortEnableVFP
                0x080030c8       0x14 ../../output/build/port.o
 .text.pxPortInitialiseStack
                0x080030dc       0x2c ../../output/build/port.o
                0x080030dc                pxPortInitialiseStack
 *fill*         0x08003108        0x8 
 .text.SVC_Handler
                0x08003110       0x24 ../../output/build/port.o
                0x08003110                SVC_Handler
 .text.vPortEnterCritical
                0x08003134       0x44 ../../output/build/port.o
                0x08003134                vPortEnterCritical
 .text.vPortExitCritical
                0x08003178       0x2c ../../output/build/port.o
                0x08003178                vPortExitCritical
 *fill*         0x080031a4        0xc 
 .text.PendSV_Handler
                0x080031b0       0x64 ../../output/build/port.o
                0x080031b0                PendSV_Handler
 .text.SysTick_Handler
                0x08003214       0x2c ../../output/build/port.o
                0x08003214                SysTick_Handler
 .text.vPortSetupTimerInterrupt
                0x08003240       0x38 ../../output/build/port.o
                0x08003240                vPortSetupTimerInterrupt
 .text.xPortStartScheduler
                0x08003278      0x110 ../../output/build/port.o
                0x08003278                xPortStartScheduler
 .text.vPortValidateInterruptPriority
                0x08003388       0x5c ../../output/build/port.o
                0x08003388                vPortValidateInterruptPriority
 .text.HAL_InitTick
                0x080033e4       0x78 ../../output/build/stm32f3xx_hal_timebase_tim.o
                0x080033e4                HAL_InitTick
 .text.Reset_Handler
                0x0800345c       0x50 ../../output/build/startup_stm32f302x8.o
                0x0800345c                Reset_Handler
 .text.Default_Handler
                0x080034ac        0x2 ../../output/build/startup_stm32f302x8.o
                0x080034ac                RTC_Alarm_IRQHandler
                0x080034ac                TIM1_CC_IRQHandler
                0x080034ac                USB_HP_IRQHandler
                0x080034ac                PVD_IRQHandler
                0x080034ac                TAMP_STAMP_IRQHandler
                0x080034ac                EXTI3_IRQHandler
                0x080034ac                I2C3_ER_IRQHandler
                0x080034ac                USB_HP_CAN_TX_IRQHandler
                0x080034ac                EXTI0_IRQHandler
                0x080034ac                I2C2_EV_IRQHandler
                0x080034ac                FPU_IRQHandler
                0x080034ac                CAN_SCE_IRQHandler
                0x080034ac                TIM6_DAC_IRQHandler
                0x080034ac                DMA1_Channel4_IRQHandler
                0x080034ac                ADC1_IRQHandler
                0x080034ac                USART3_IRQHandler
                0x080034ac                DMA1_Channel7_IRQHandler
                0x080034ac                CAN_RX1_IRQHandler
                0x080034ac                I2C1_EV_IRQHandler
                0x080034ac                DMA1_Channel6_IRQHandler
                0x080034ac                RCC_IRQHandler
                0x080034ac                DMA1_Channel1_IRQHandler
                0x080034ac                Default_Handler
                0x080034ac                USBWakeUp_RMP_IRQHandler
                0x080034ac                EXTI15_10_IRQHandler
                0x080034ac                COMP2_IRQHandler
                0x080034ac                I2C3_EV_IRQHandler
                0x080034ac                EXTI9_5_IRQHandler
                0x080034ac                RTC_WKUP_IRQHandler
                0x080034ac                SPI2_IRQHandler
                0x080034ac                USB_LP_CAN_RX0_IRQHandler
                0x080034ac                DMA1_Channel5_IRQHandler
                0x080034ac                USB_LP_IRQHandler
                0x080034ac                EXTI4_IRQHandler
                0x080034ac                TIM1_TRG_COM_TIM17_IRQHandler
                0x080034ac                DMA1_Channel3_IRQHandler
                0x080034ac                WWDG_IRQHandler
                0x080034ac                TIM2_IRQHandler
                0x080034ac                EXTI1_IRQHandler
                0x080034ac                COMP4_6_IRQHandler
                0x080034ac                USART2_IRQHandler
                0x080034ac                I2C2_ER_IRQHandler
                0x080034ac                DMA1_Channel2_IRQHandler
                0x080034ac                FLASH_IRQHandler
                0x080034ac                USART1_IRQHandler
                0x080034ac                SPI3_IRQHandler
                0x080034ac                I2C1_ER_IRQHandler
                0x080034ac                USBWakeUp_IRQHandler
                0x080034ac                EXTI2_TSC_IRQHandler
                0x080034ac                TIM1_BRK_TIM15_IRQHandler
 *fill*         0x080034ae        0x2 
 .text.__libc_init_array
                0x080034b0       0x4c d:/tool_chain/gcc-arm-none-eabi/5.4 2016q3/bin/../lib/gcc/arm-none-eabi/5.4.1/../../../../arm-none-eabi/lib/armv7e-m/fpu\libc_nano.a(lib_a-init.o)
                0x080034b0                __libc_init_array
 .text.memcpy   0x080034fc       0x16 d:/tool_chain/gcc-arm-none-eabi/5.4 2016q3/bin/../lib/gcc/arm-none-eabi/5.4.1/../../../../arm-none-eabi/lib/armv7e-m/fpu\libc_nano.a(lib_a-memcpy-stub.o)
                0x080034fc                memcpy
 .text.memset   0x08003512       0x10 d:/tool_chain/gcc-arm-none-eabi/5.4 2016q3/bin/../lib/gcc/arm-none-eabi/5.4.1/../../../../arm-none-eabi/lib/armv7e-m/fpu\libc_nano.a(lib_a-memset.o)
                0x08003512                memset
 *(.glue_7)
 .glue_7        0x08003522        0x0 linker stubs
 *(.glue_7t)
 .glue_7t       0x08003522        0x0 linker stubs
 *(.eh_frame)
 *fill*         0x08003522        0x2 
 .eh_frame      0x08003524        0x0 d:/tool_chain/gcc-arm-none-eabi/5.4 2016q3/bin/../lib/gcc/arm-none-eabi/5.4.1/armv7e-m/fpu/crtbegin.o
 *(.init)
 .init          0x08003524        0x4 d:/tool_chain/gcc-arm-none-eabi/5.4 2016q3/bin/../lib/gcc/arm-none-eabi/5.4.1/armv7e-m/fpu/crti.o
                0x08003524                _init
 .init          0x08003528        0x8 d:/tool_chain/gcc-arm-none-eabi/5.4 2016q3/bin/../lib/gcc/arm-none-eabi/5.4.1/armv7e-m/fpu/crtn.o
 *(.fini)
 .fini          0x08003530        0x4 d:/tool_chain/gcc-arm-none-eabi/5.4 2016q3/bin/../lib/gcc/arm-none-eabi/5.4.1/armv7e-m/fpu/crti.o
                0x08003530                _fini
 .fini          0x08003534        0x8 d:/tool_chain/gcc-arm-none-eabi/5.4 2016q3/bin/../lib/gcc/arm-none-eabi/5.4.1/armv7e-m/fpu/crtn.o
                0x0800353c                . = ALIGN (0x4)
                0x0800353c                _etext = .

.vfp11_veneer   0x0800353c        0x0
 .vfp11_veneer  0x0800353c        0x0 linker stubs

.v4_bx          0x0800353c        0x0
 .v4_bx         0x0800353c        0x0 linker stubs

.iplt           0x0800353c        0x0
 .iplt          0x0800353c        0x0 d:/tool_chain/gcc-arm-none-eabi/5.4 2016q3/bin/../lib/gcc/arm-none-eabi/5.4.1/armv7e-m/fpu/crtbegin.o

.rodata         0x0800353c       0xe4
                0x0800353c                . = ALIGN (0x4)
 *(.rodata)
 *(.rodata*)
 .rodata.defaultTask_attributes
                0x0800353c       0x24 ../../output/build/main.o
                0x0800353c                defaultTask_attributes
 .rodata.blinkLEDTask_attributes
                0x08003560       0x24 ../../output/build/main.o
                0x08003560                blinkLEDTask_attributes
 .rodata.str1.4
                0x08003584       0x28 ../../output/build/main.o
 .rodata.comUSBTask_attributes
                0x080035ac       0x24 ../../output/build/main.o
                0x080035ac                comUSBTask_attributes
 .rodata.aPredivFactorTable
                0x080035d0       0x10 ../../output/build/stm32f3xx_hal_rcc.o
                0x080035d0                aPredivFactorTable
 .rodata.aPLLMULFactorTable
                0x080035e0       0x10 ../../output/build/stm32f3xx_hal_rcc.o
                0x080035e0                aPLLMULFactorTable
 .rodata.AHBPrescTable
                0x080035f0       0x10 ../../output/build/system_stm32f3xx.o
                0x080035f0                AHBPrescTable
 .rodata.APBPrescTable
                0x08003600        0x8 ../../output/build/system_stm32f3xx.o
                0x08003600                APBPrescTable
 .rodata.str1.4
                0x08003608        0x5 ../../output/build/tasks.o
 *fill*         0x0800360d        0x3 
 .rodata.str1.4
                0x08003610       0x10 ../../output/build/timers.o
                0x08003620                . = ALIGN (0x4)

.rel.dyn        0x08003620        0x0
 .rel.iplt      0x08003620        0x0 d:/tool_chain/gcc-arm-none-eabi/5.4 2016q3/bin/../lib/gcc/arm-none-eabi/5.4.1/armv7e-m/fpu/crtbegin.o

.ARM.extab
 *(.ARM.extab* .gnu.linkonce.armextab.*)

.ARM            0x08003620        0x0
                0x08003620                __exidx_start = .
 *(.ARM.exidx*)
                0x08003620                __exidx_end = .

.preinit_array  0x08003620        0x0
                0x08003620                PROVIDE (__preinit_array_start, .)
 *(.preinit_array*)
                0x08003620                PROVIDE (__preinit_array_end, .)

.init_array     0x08003620        0x4
                0x08003620                PROVIDE (__init_array_start, .)
 *(SORT(.init_array.*))
 *(.init_array*)
 .init_array    0x08003620        0x4 d:/tool_chain/gcc-arm-none-eabi/5.4 2016q3/bin/../lib/gcc/arm-none-eabi/5.4.1/armv7e-m/fpu/crtbegin.o
                0x08003624                PROVIDE (__init_array_end, .)

.fini_array     0x08003624        0x4
                [!provide]                PROVIDE (__fini_array_start, .)
 *(SORT(.fini_array.*))
 *(.fini_array*)
 .fini_array    0x08003624        0x4 d:/tool_chain/gcc-arm-none-eabi/5.4 2016q3/bin/../lib/gcc/arm-none-eabi/5.4.1/armv7e-m/fpu/crtbegin.o
                [!provide]                PROVIDE (__fini_array_end, .)
                0x08003628                _sidata = LOADADDR (.data)

.data           0x20000000       0x10 load address 0x08003628
                0x20000000                . = ALIGN (0x4)
                0x20000000                _sdata = .
 *(.data)
 *(.data*)
 .data.uwTickPrio
                0x20000000        0x4 ../../output/build/stm32f3xx_hal.o
                0x20000000                uwTickPrio
 .data.uwTickFreq
                0x20000004        0x1 ../../output/build/stm32f3xx_hal.o
                0x20000004                uwTickFreq
 *fill*         0x20000005        0x3 
 .data.SystemCoreClock
                0x20000008        0x4 ../../output/build/system_stm32f3xx.o
                0x20000008                SystemCoreClock
 .data.uxCriticalNesting
                0x2000000c        0x4 ../../output/build/port.o
                0x20000010                . = ALIGN (0x4)
                0x20000010                _edata = .

.jcr            0x20000010        0x0 load address 0x08003638
 .jcr           0x20000010        0x0 d:/tool_chain/gcc-arm-none-eabi/5.4 2016q3/bin/../lib/gcc/arm-none-eabi/5.4.1/armv7e-m/fpu/crtbegin.o

.igot.plt       0x20000010        0x0 load address 0x08003638
 .igot.plt      0x20000010        0x0 d:/tool_chain/gcc-arm-none-eabi/5.4 2016q3/bin/../lib/gcc/arm-none-eabi/5.4.1/armv7e-m/fpu/crtbegin.o
                0x20000010                . = ALIGN (0x4)

.bss            0x20000010     0x1a30 load address 0x08003638
                0x20000010                _sbss = .
                0x20000010                __bss_start__ = _sbss
 *(.bss)
 .bss           0x20000010       0x1c d:/tool_chain/gcc-arm-none-eabi/5.4 2016q3/bin/../lib/gcc/arm-none-eabi/5.4.1/armv7e-m/fpu/crtbegin.o
 *(.bss*)
 .bss.pxDelayedTaskList
                0x2000002c        0x4 ../../output/build/tasks.o
 .bss.xSchedulerRunning
                0x20000030        0x4 ../../output/build/tasks.o
 .bss.xTasksWaitingTermination
                0x20000034       0x14 ../../output/build/tasks.o
 .bss.pxOverflowDelayedTaskList
                0x20000048        0x4 ../../output/build/tasks.o
 .bss.uxPendedTicks
                0x2000004c        0x4 ../../output/build/tasks.o
 .bss.pxReadyTasksLists
                0x20000050      0x460 ../../output/build/tasks.o
 .bss.uxSchedulerSuspended
                0x200004b0        0x4 ../../output/build/tasks.o
 .bss.uxDeletedTasksWaitingCleanUp
                0x200004b4        0x4 ../../output/build/tasks.o
 .bss.uxCurrentNumberOfTasks
                0x200004b8        0x4 ../../output/build/tasks.o
 .bss.pxCurrentTCB
                0x200004bc        0x4 ../../output/build/tasks.o
                0x200004bc                pxCurrentTCB
 .bss.xPendingReadyList
                0x200004c0       0x14 ../../output/build/tasks.o
 .bss.xNumOfOverflows
                0x200004d4        0x4 ../../output/build/tasks.o
 .bss.xTickCount
                0x200004d8        0x4 ../../output/build/tasks.o
 .bss.xNextTaskUnblockTime
                0x200004dc        0x4 ../../output/build/tasks.o
 .bss.uxTaskNumber
                0x200004e0        0x4 ../../output/build/tasks.o
 .bss.xDelayedTaskList1
                0x200004e4       0x14 ../../output/build/tasks.o
 .bss.xDelayedTaskList2
                0x200004f8       0x14 ../../output/build/tasks.o
 .bss.xSuspendedTaskList
                0x2000050c       0x14 ../../output/build/tasks.o
 .bss.uxTopReadyPriority
                0x20000520        0x4 ../../output/build/tasks.o
 .bss.xYieldPending
                0x20000524        0x4 ../../output/build/tasks.o
 .bss.pxCurrentTimerList
                0x20000528        0x4 ../../output/build/timers.o
 .bss.xActiveTimerList1
                0x2000052c       0x14 ../../output/build/timers.o
 .bss.xActiveTimerList2
                0x20000540       0x14 ../../output/build/timers.o
 .bss.xLastTime.5506
                0x20000554        0x4 ../../output/build/timers.o
 .bss.ucStaticTimerQueueStorage.5557
                0x20000558       0xa0 ../../output/build/timers.o
 .bss.xStaticTimerQueue.5556
                0x200005f8       0x50 ../../output/build/timers.o
 .bss.xTimerQueue
                0x20000648        0x4 ../../output/build/timers.o
 .bss.pxOverflowTimerList
                0x2000064c        0x4 ../../output/build/timers.o
 .bss.xTimerTaskHandle
                0x20000650        0x4 ../../output/build/timers.o
 .bss.Idle_Stack
                0x20000654      0x200 ../../output/build/cmsis_os2.o
 .bss.Idle_TCB  0x20000854       0x5c ../../output/build/cmsis_os2.o
 .bss.Timer_Stack
                0x200008b0      0x400 ../../output/build/cmsis_os2.o
 .bss.KernelState
                0x20000cb0        0x4 ../../output/build/cmsis_os2.o
 .bss.Timer_TCB
                0x20000cb4       0x5c ../../output/build/cmsis_os2.o
 .bss.xFreeBytesRemaining
                0x20000d10        0x4 ../../output/build/heap_4.o
 .bss.pxEnd     0x20000d14        0x4 ../../output/build/heap_4.o
 .bss.xStart    0x20000d18        0x8 ../../output/build/heap_4.o
 .bss.ucHeap    0x20000d20      0xc00 ../../output/build/heap_4.o
 .bss.xBlockAllocatedBit
                0x20001920        0x4 ../../output/build/heap_4.o
 .bss.xMinimumEverFreeBytesRemaining
                0x20001924        0x4 ../../output/build/heap_4.o
 .bss.ucMaxSysCallPriority
                0x20001928        0x1 ../../output/build/port.o
 *fill*         0x20001929        0x3 
 .bss.ulMaxPRIGROUPValue
                0x2000192c        0x4 ../../output/build/port.o
 *(COMMON)
 COMMON         0x20001930       0x8c ../../output/build/main.o
                0x20001930                defaultTaskHandle
                0x20001934                blinkLEDTaskHandle
                0x20001938                huart2
                0x200019b8                comUSBTaskHandle
 COMMON         0x200019bc        0x4 ../../output/build/stm32f3xx_hal.o
                0x200019bc                uwTick
 COMMON         0x200019c0       0x40 ../../output/build/queue.o
                0x200019c0                xQueueRegistry
 COMMON         0x20001a00       0x40 ../../output/build/stm32f3xx_hal_timebase_tim.o
                0x20001a00                htim1
                0x20001a40                . = ALIGN (0x4)
                0x20001a40                _ebss = .
                0x20001a40                __bss_end__ = _ebss

._user_heap_stack
                0x20001a40      0x600 load address 0x08003638
                0x20001a40                . = ALIGN (0x8)
                [!provide]                PROVIDE (end, .)
                [!provide]                PROVIDE (_end, .)
                0x20001c40                . = (. + _Min_Heap_Size)
 *fill*         0x20001a40      0x200 
                0x20002040                . = (. + _Min_Stack_Size)
 *fill*         0x20001c40      0x400 
                0x20002040                . = ALIGN (0x8)

/DISCARD/
 libc.a(*)
 libm.a(*)
 libgcc.a(*)

.ARM.attributes
                0x00000000       0x30
 *(.ARM.attributes)
 .ARM.attributes
                0x00000000       0x22 d:/tool_chain/gcc-arm-none-eabi/5.4 2016q3/bin/../lib/gcc/arm-none-eabi/5.4.1/armv7e-m/fpu/crti.o
 .ARM.attributes
                0x00000022       0x34 d:/tool_chain/gcc-arm-none-eabi/5.4 2016q3/bin/../lib/gcc/arm-none-eabi/5.4.1/armv7e-m/fpu/crtbegin.o
 .ARM.attributes
                0x00000056       0x39 ../../output/build/main.o
 .ARM.attributes
                0x0000008f       0x39 ../../output/build/stm32f3xx_it.o
 .ARM.attributes
                0x000000c8       0x39 ../../output/build/stm32f3xx_hal_msp.o
 .ARM.attributes
                0x00000101       0x39 ../../output/build/stm32f3xx_hal.o
 .ARM.attributes
                0x0000013a       0x39 ../../output/build/stm32f3xx_hal_rcc.o
 .ARM.attributes
                0x00000173       0x39 ../../output/build/stm32f3xx_hal_gpio.o
 .ARM.attributes
                0x000001ac       0x39 ../../output/build/stm32f3xx_hal_cortex.o
 .ARM.attributes
                0x000001e5       0x39 ../../output/build/stm32f3xx_hal_tim.o
 .ARM.attributes
                0x0000021e       0x39 ../../output/build/stm32f3xx_hal_tim_ex.o
 .ARM.attributes
                0x00000257       0x39 ../../output/build/stm32f3xx_hal_uart.o
 .ARM.attributes
                0x00000290       0x39 ../../output/build/system_stm32f3xx.o
 .ARM.attributes
                0x000002c9       0x39 ../../output/build/list.o
 .ARM.attributes
                0x00000302       0x39 ../../output/build/queue.o
 .ARM.attributes
                0x0000033b       0x39 ../../output/build/tasks.o
 .ARM.attributes
                0x00000374       0x39 ../../output/build/timers.o
 .ARM.attributes
                0x000003ad       0x39 ../../output/build/cmsis_os2.o
 .ARM.attributes
                0x000003e6       0x39 ../../output/build/heap_4.o
 .ARM.attributes
                0x0000041f       0x39 ../../output/build/port.o
 .ARM.attributes
                0x00000458       0x39 ../../output/build/stm32f3xx_hal_timebase_tim.o
 .ARM.attributes
                0x00000491       0x21 ../../output/build/startup_stm32f302x8.o
 .ARM.attributes
                0x000004b2       0x34 d:/tool_chain/gcc-arm-none-eabi/5.4 2016q3/bin/../lib/gcc/arm-none-eabi/5.4.1/../../../../arm-none-eabi/lib/armv7e-m/fpu\libc_nano.a(lib_a-init.o)
 .ARM.attributes
                0x000004e6       0x34 d:/tool_chain/gcc-arm-none-eabi/5.4 2016q3/bin/../lib/gcc/arm-none-eabi/5.4.1/../../../../arm-none-eabi/lib/armv7e-m/fpu\libc_nano.a(lib_a-memcpy-stub.o)
 .ARM.attributes
                0x0000051a       0x34 d:/tool_chain/gcc-arm-none-eabi/5.4 2016q3/bin/../lib/gcc/arm-none-eabi/5.4.1/../../../../arm-none-eabi/lib/armv7e-m/fpu\libc_nano.a(lib_a-memset.o)
 .ARM.attributes
                0x0000054e       0x22 d:/tool_chain/gcc-arm-none-eabi/5.4 2016q3/bin/../lib/gcc/arm-none-eabi/5.4.1/armv7e-m/fpu/crtn.o
OUTPUT(../../output/build/BasicFW.elf elf32-littlearm)

.debug_info     0x00000000    0x18cd8
 .debug_info    0x00000000     0x138e ../../output/build/main.o
 .debug_info    0x0000138e      0x6b1 ../../output/build/stm32f3xx_it.o
 .debug_info    0x00001a3f      0xb39 ../../output/build/stm32f3xx_hal_msp.o
 .debug_info    0x00002578      0x871 ../../output/build/stm32f3xx_hal.o
 .debug_info    0x00002de9     0x14f6 ../../output/build/stm32f3xx_hal_rcc.o
 .debug_info    0x000042df      0x6cf ../../output/build/stm32f3xx_hal_gpio.o
 .debug_info    0x000049ae      0xd04 ../../output/build/stm32f3xx_hal_cortex.o
 .debug_info    0x000056b2     0x363b ../../output/build/stm32f3xx_hal_tim.o
 .debug_info    0x00008ced     0x1627 ../../output/build/stm32f3xx_hal_tim_ex.o
 .debug_info    0x0000a314     0x1ca3 ../../output/build/stm32f3xx_hal_uart.o
 .debug_info    0x0000bfb7      0x44f ../../output/build/system_stm32f3xx.o
 .debug_info    0x0000c406      0x2d5 ../../output/build/list.o
 .debug_info    0x0000c6db     0x2588 ../../output/build/queue.o
 .debug_info    0x0000ec63     0x2dd9 ../../output/build/tasks.o
 .debug_info    0x00011a3c     0x187b ../../output/build/timers.o
 .debug_info    0x000132b7     0x4546 ../../output/build/cmsis_os2.o
 .debug_info    0x000177fd      0x46f ../../output/build/heap_4.o
 .debug_info    0x00017c6c      0x5ae ../../output/build/port.o
 .debug_info    0x0001821a      0xa54 ../../output/build/stm32f3xx_hal_timebase_tim.o
 .debug_info    0x00018c6e       0x6a ../../output/build/startup_stm32f302x8.o

.debug_abbrev   0x00000000     0x2c6d
 .debug_abbrev  0x00000000      0x270 ../../output/build/main.o
 .debug_abbrev  0x00000270      0x188 ../../output/build/stm32f3xx_it.o
 .debug_abbrev  0x000003f8      0x194 ../../output/build/stm32f3xx_hal_msp.o
 .debug_abbrev  0x0000058c      0x1dd ../../output/build/stm32f3xx_hal.o
 .debug_abbrev  0x00000769      0x2de ../../output/build/stm32f3xx_hal_rcc.o
 .debug_abbrev  0x00000a47      0x208 ../../output/build/stm32f3xx_hal_gpio.o
 .debug_abbrev  0x00000c4f      0x2ee ../../output/build/stm32f3xx_hal_cortex.o
 .debug_abbrev  0x00000f3d      0x258 ../../output/build/stm32f3xx_hal_tim.o
 .debug_abbrev  0x00001195      0x251 ../../output/build/stm32f3xx_hal_tim_ex.o
 .debug_abbrev  0x000013e6      0x25d ../../output/build/stm32f3xx_hal_uart.o
 .debug_abbrev  0x00001643      0x103 ../../output/build/system_stm32f3xx.o
 .debug_abbrev  0x00001746       0xff ../../output/build/list.o
 .debug_abbrev  0x00001845      0x377 ../../output/build/queue.o
 .debug_abbrev  0x00001bbc      0x354 ../../output/build/tasks.o
 .debug_abbrev  0x00001f10      0x33e ../../output/build/timers.o
 .debug_abbrev  0x0000224e      0x3cc ../../output/build/cmsis_os2.o
 .debug_abbrev  0x0000261a      0x216 ../../output/build/heap_4.o
 .debug_abbrev  0x00002830      0x257 ../../output/build/port.o
 .debug_abbrev  0x00002a87      0x1d4 ../../output/build/stm32f3xx_hal_timebase_tim.o
 .debug_abbrev  0x00002c5b       0x12 ../../output/build/startup_stm32f302x8.o

.debug_loc      0x00000000    0x12f4e
 .debug_loc     0x00000000      0x1b5 ../../output/build/main.o
 .debug_loc     0x000001b5       0x20 ../../output/build/stm32f3xx_it.o
 .debug_loc     0x000001d5       0xd2 ../../output/build/stm32f3xx_hal_msp.o
 .debug_loc     0x000002a7      0x1bb ../../output/build/stm32f3xx_hal.o
 .debug_loc     0x00000462      0xb77 ../../output/build/stm32f3xx_hal_rcc.o
 .debug_loc     0x00000fd9      0x37b ../../output/build/stm32f3xx_hal_gpio.o
 .debug_loc     0x00001354      0x59f ../../output/build/stm32f3xx_hal_cortex.o
 .debug_loc     0x000018f3     0x4760 ../../output/build/stm32f3xx_hal_tim.o
 .debug_loc     0x00006053     0x1832 ../../output/build/stm32f3xx_hal_tim_ex.o
 .debug_loc     0x00007885     0x1b51 ../../output/build/stm32f3xx_hal_uart.o
 .debug_loc     0x000093d6       0xff ../../output/build/system_stm32f3xx.o
 .debug_loc     0x000094d5       0x91 ../../output/build/list.o
 .debug_loc     0x00009566     0x197c ../../output/build/queue.o
 .debug_loc     0x0000aee2     0x21cf ../../output/build/tasks.o
 .debug_loc     0x0000d0b1      0xf77 ../../output/build/timers.o
 .debug_loc     0x0000e028     0x49e6 ../../output/build/cmsis_os2.o
 .debug_loc     0x00012a0e      0x32f ../../output/build/heap_4.o
 .debug_loc     0x00012d3d      0x160 ../../output/build/port.o
 .debug_loc     0x00012e9d       0xb1 ../../output/build/stm32f3xx_hal_timebase_tim.o

.debug_aranges  0x00000000     0x1250
 .debug_aranges
                0x00000000       0x60 ../../output/build/main.o
 .debug_aranges
                0x00000060       0x50 ../../output/build/stm32f3xx_it.o
 .debug_aranges
                0x000000b0       0x30 ../../output/build/stm32f3xx_hal_msp.o
 .debug_aranges
                0x000000e0       0xe0 ../../output/build/stm32f3xx_hal.o
 .debug_aranges
                0x000001c0       0x88 ../../output/build/stm32f3xx_hal_rcc.o
 .debug_aranges
                0x00000248       0x58 ../../output/build/stm32f3xx_hal_gpio.o
 .debug_aranges
                0x000002a0       0x90 ../../output/build/stm32f3xx_hal_cortex.o
 .debug_aranges
                0x00000330      0x3c8 ../../output/build/stm32f3xx_hal_tim.o
 .debug_aranges
                0x000006f8      0x160 ../../output/build/stm32f3xx_hal_tim_ex.o
 .debug_aranges
                0x00000858      0x210 ../../output/build/stm32f3xx_hal_uart.o
 .debug_aranges
                0x00000a68       0x28 ../../output/build/system_stm32f3xx.o
 .debug_aranges
                0x00000a90       0x40 ../../output/build/list.o
 .debug_aranges
                0x00000ad0      0x158 ../../output/build/queue.o
 .debug_aranges
                0x00000c28      0x1f8 ../../output/build/tasks.o
 .debug_aranges
                0x00000e20       0xe0 ../../output/build/timers.o
 .debug_aranges
                0x00000f00      0x228 ../../output/build/cmsis_os2.o
 .debug_aranges
                0x00001128       0x50 ../../output/build/heap_4.o
 .debug_aranges
                0x00001178       0x80 ../../output/build/port.o
 .debug_aranges
                0x000011f8       0x30 ../../output/build/stm32f3xx_hal_timebase_tim.o
 .debug_aranges
                0x00001228       0x28 ../../output/build/startup_stm32f302x8.o

.debug_ranges   0x00000000     0x11e8
 .debug_ranges  0x00000000       0x50 ../../output/build/main.o
 .debug_ranges  0x00000050       0x40 ../../output/build/stm32f3xx_it.o
 .debug_ranges  0x00000090       0x20 ../../output/build/stm32f3xx_hal_msp.o
 .debug_ranges  0x000000b0       0xd0 ../../output/build/stm32f3xx_hal.o
 .debug_ranges  0x00000180       0x90 ../../output/build/stm32f3xx_hal_rcc.o
 .debug_ranges  0x00000210       0x48 ../../output/build/stm32f3xx_hal_gpio.o
 .debug_ranges  0x00000258       0x80 ../../output/build/stm32f3xx_hal_cortex.o
 .debug_ranges  0x000002d8      0x3b8 ../../output/build/stm32f3xx_hal_tim.o
 .debug_ranges  0x00000690      0x150 ../../output/build/stm32f3xx_hal_tim_ex.o
 .debug_ranges  0x000007e0      0x200 ../../output/build/stm32f3xx_hal_uart.o
 .debug_ranges  0x000009e0       0x18 ../../output/build/system_stm32f3xx.o
 .debug_ranges  0x000009f8       0x30 ../../output/build/list.o
 .debug_ranges  0x00000a28      0x190 ../../output/build/queue.o
 .debug_ranges  0x00000bb8      0x240 ../../output/build/tasks.o
 .debug_ranges  0x00000df8       0xe8 ../../output/build/timers.o
 .debug_ranges  0x00000ee0      0x218 ../../output/build/cmsis_os2.o
 .debug_ranges  0x000010f8       0x40 ../../output/build/heap_4.o
 .debug_ranges  0x00001138       0x70 ../../output/build/port.o
 .debug_ranges  0x000011a8       0x20 ../../output/build/stm32f3xx_hal_timebase_tim.o
 .debug_ranges  0x000011c8       0x20 ../../output/build/startup_stm32f302x8.o

.debug_line     0x00000000     0x818e
 .debug_line    0x00000000      0x31f ../../output/build/main.o
 .debug_line    0x0000031f      0x219 ../../output/build/stm32f3xx_it.o
 .debug_line    0x00000538      0x21f ../../output/build/stm32f3xx_hal_msp.o
 .debug_line    0x00000757      0x3ad ../../output/build/stm32f3xx_hal.o
 .debug_line    0x00000b04      0x732 ../../output/build/stm32f3xx_hal_rcc.o
 .debug_line    0x00001236      0x2f2 ../../output/build/stm32f3xx_hal_gpio.o
 .debug_line    0x00001528      0x322 ../../output/build/stm32f3xx_hal_cortex.o
 .debug_line    0x0000184a     0x14dd ../../output/build/stm32f3xx_hal_tim.o
 .debug_line    0x00002d27      0x874 ../../output/build/stm32f3xx_hal_tim_ex.o
 .debug_line    0x0000359b      0xcc3 ../../output/build/stm32f3xx_hal_uart.o
 .debug_line    0x0000425e      0x179 ../../output/build/system_stm32f3xx.o
 .debug_line    0x000043d7      0x201 ../../output/build/list.o
 .debug_line    0x000045d8      0xa6b ../../output/build/queue.o
 .debug_line    0x00005043      0xe53 ../../output/build/tasks.o
 .debug_line    0x00005e96      0x575 ../../output/build/timers.o
 .debug_line    0x0000640b     0x14c1 ../../output/build/cmsis_os2.o
 .debug_line    0x000078cc      0x30c ../../output/build/heap_4.o
 .debug_line    0x00007bd8      0x31d ../../output/build/port.o
 .debug_line    0x00007ef5      0x226 ../../output/build/stm32f3xx_hal_timebase_tim.o
 .debug_line    0x0000811b       0x73 ../../output/build/startup_stm32f302x8.o

.debug_str      0x00000000     0x647c
 .debug_str     0x00000000      0xf68 ../../output/build/main.o
                               0x1024 (size before relaxing)
 .debug_str     0x00000f68       0xaa ../../output/build/stm32f3xx_it.o
                                0x658 (size before relaxing)
 .debug_str     0x00001012      0x3c1 ../../output/build/stm32f3xx_hal_msp.o
                                0xa33 (size before relaxing)
 .debug_str     0x000013d3      0x329 ../../output/build/stm32f3xx_hal.o
                                0x8f2 (size before relaxing)
 .debug_str     0x000016fc      0x215 ../../output/build/stm32f3xx_hal_rcc.o
                                0x6a8 (size before relaxing)
 .debug_str     0x00001911      0x118 ../../output/build/stm32f3xx_hal_gpio.o
                                0x464 (size before relaxing)
 .debug_str     0x00001a29      0x3af ../../output/build/stm32f3xx_hal_cortex.o
                                0x96d (size before relaxing)
 .debug_str     0x00001dd8      0xea4 ../../output/build/stm32f3xx_hal_tim.o
                               0x152f (size before relaxing)
 .debug_str     0x00002c7c      0x5a3 ../../output/build/stm32f3xx_hal_tim_ex.o
                                0xd35 (size before relaxing)
 .debug_str     0x0000321f      0x72e ../../output/build/stm32f3xx_hal_uart.o
                                0xe52 (size before relaxing)
 .debug_str     0x0000394d       0x57 ../../output/build/system_stm32f3xx.o
                                0x2fb (size before relaxing)
 .debug_str     0x000039a4      0x14d ../../output/build/list.o
                                0x309 (size before relaxing)
 .debug_str     0x00003af1      0x9a8 ../../output/build/queue.o
                                0xc76 (size before relaxing)
 .debug_str     0x00004499      0xc4b ../../output/build/tasks.o
                               0x1283 (size before relaxing)
 .debug_str     0x000050e4      0x5a9 ../../output/build/timers.o
                                0xbfa (size before relaxing)
 .debug_str     0x0000568d      0xa46 ../../output/build/cmsis_os2.o
                               0x18ee (size before relaxing)
 .debug_str     0x000060d3      0x1d5 ../../output/build/heap_4.o
                                0x3f2 (size before relaxing)
 .debug_str     0x000062a8      0x18d ../../output/build/port.o
                                0x485 (size before relaxing)
 .debug_str     0x00006435       0x47 ../../output/build/stm32f3xx_hal_timebase_tim.o
                                0xaeb (size before relaxing)

.comment        0x00000000       0x6e
 .comment       0x00000000       0x6e ../../output/build/main.o
                                 0x6f (size before relaxing)
 .comment       0x0000006e       0x6f ../../output/build/stm32f3xx_it.o
 .comment       0x0000006e       0x6f ../../output/build/stm32f3xx_hal_msp.o
 .comment       0x0000006e       0x6f ../../output/build/stm32f3xx_hal.o
 .comment       0x0000006e       0x6f ../../output/build/stm32f3xx_hal_rcc.o
 .comment       0x0000006e       0x6f ../../output/build/stm32f3xx_hal_gpio.o
 .comment       0x0000006e       0x6f ../../output/build/stm32f3xx_hal_cortex.o
 .comment       0x0000006e       0x6f ../../output/build/stm32f3xx_hal_tim.o
 .comment       0x0000006e       0x6f ../../output/build/stm32f3xx_hal_tim_ex.o
 .comment       0x0000006e       0x6f ../../output/build/stm32f3xx_hal_uart.o
 .comment       0x0000006e       0x6f ../../output/build/system_stm32f3xx.o
 .comment       0x0000006e       0x6f ../../output/build/list.o
 .comment       0x0000006e       0x6f ../../output/build/queue.o
 .comment       0x0000006e       0x6f ../../output/build/tasks.o
 .comment       0x0000006e       0x6f ../../output/build/timers.o
 .comment       0x0000006e       0x6f ../../output/build/cmsis_os2.o
 .comment       0x0000006e       0x6f ../../output/build/heap_4.o
 .comment       0x0000006e       0x6f ../../output/build/port.o
 .comment       0x0000006e       0x6f ../../output/build/stm32f3xx_hal_timebase_tim.o

.debug_frame    0x00000000     0x3910
 .debug_frame   0x00000000      0x114 ../../output/build/main.o
 .debug_frame   0x00000114       0x8c ../../output/build/stm32f3xx_it.o
 .debug_frame   0x000001a0       0x64 ../../output/build/stm32f3xx_hal_msp.o
 .debug_frame   0x00000204      0x1e0 ../../output/build/stm32f3xx_hal.o
 .debug_frame   0x000003e4      0x19c ../../output/build/stm32f3xx_hal_rcc.o
 .debug_frame   0x00000580       0xd4 ../../output/build/stm32f3xx_hal_gpio.o
 .debug_frame   0x00000654      0x134 ../../output/build/stm32f3xx_hal_cortex.o
 .debug_frame   0x00000788      0xc64 ../../output/build/stm32f3xx_hal_tim.o
 .debug_frame   0x000013ec      0x4b4 ../../output/build/stm32f3xx_hal_tim_ex.o
 .debug_frame   0x000018a0      0x670 ../../output/build/stm32f3xx_hal_uart.o
 .debug_frame   0x00001f10       0x30 ../../output/build/system_stm32f3xx.o
 .debug_frame   0x00001f40       0x70 ../../output/build/list.o
 .debug_frame   0x00001fb0      0x490 ../../output/build/queue.o
 .debug_frame   0x00002440      0x720 ../../output/build/tasks.o
 .debug_frame   0x00002b60      0x2f0 ../../output/build/timers.o
 .debug_frame   0x00002e50      0x844 ../../output/build/cmsis_os2.o
 .debug_frame   0x00003694       0xb8 ../../output/build/heap_4.o
 .debug_frame   0x0000374c      0x104 ../../output/build/port.o
 .debug_frame   0x00003850       0x4c ../../output/build/stm32f3xx_hal_timebase_tim.o
 .debug_frame   0x0000389c       0x2c d:/tool_chain/gcc-arm-none-eabi/5.4 2016q3/bin/../lib/gcc/arm-none-eabi/5.4.1/../../../../arm-none-eabi/lib/armv7e-m/fpu\libc_nano.a(lib_a-init.o)
 .debug_frame   0x000038c8       0x28 d:/tool_chain/gcc-arm-none-eabi/5.4 2016q3/bin/../lib/gcc/arm-none-eabi/5.4.1/../../../../arm-none-eabi/lib/armv7e-m/fpu\libc_nano.a(lib_a-memcpy-stub.o)
 .debug_frame   0x000038f0       0x20 d:/tool_chain/gcc-arm-none-eabi/5.4 2016q3/bin/../lib/gcc/arm-none-eabi/5.4.1/../../../../arm-none-eabi/lib/armv7e-m/fpu\libc_nano.a(lib_a-memset.o)

Cross Reference Table

Symbol                                            File
ADC1_IRQHandler                                   ../../output/build/startup_stm32f302x8.o
AHBPrescTable                                     ../../output/build/system_stm32f3xx.o
                                                  ../../output/build/stm32f3xx_hal_rcc.o
APBPrescTable                                     ../../output/build/system_stm32f3xx.o
                                                  ../../output/build/stm32f3xx_hal_rcc.o
BusFault_Handler                                  ../../output/build/stm32f3xx_it.o
CAN_RX1_IRQHandler                                ../../output/build/startup_stm32f302x8.o
CAN_SCE_IRQHandler                                ../../output/build/startup_stm32f302x8.o
COMP2_IRQHandler                                  ../../output/build/startup_stm32f302x8.o
COMP4_6_IRQHandler                                ../../output/build/startup_stm32f302x8.o
DMA1_Channel1_IRQHandler                          ../../output/build/startup_stm32f302x8.o
DMA1_Channel2_IRQHandler                          ../../output/build/startup_stm32f302x8.o
DMA1_Channel3_IRQHandler                          ../../output/build/startup_stm32f302x8.o
DMA1_Channel4_IRQHandler                          ../../output/build/startup_stm32f302x8.o
DMA1_Channel5_IRQHandler                          ../../output/build/startup_stm32f302x8.o
DMA1_Channel6_IRQHandler                          ../../output/build/startup_stm32f302x8.o
DMA1_Channel7_IRQHandler                          ../../output/build/startup_stm32f302x8.o
DebugMon_Handler                                  ../../output/build/stm32f3xx_it.o
Default_Handler                                   ../../output/build/startup_stm32f302x8.o
EXTI0_IRQHandler                                  ../../output/build/startup_stm32f302x8.o
EXTI15_10_IRQHandler                              ../../output/build/startup_stm32f302x8.o
EXTI1_IRQHandler                                  ../../output/build/startup_stm32f302x8.o
EXTI2_TSC_IRQHandler                              ../../output/build/startup_stm32f302x8.o
EXTI3_IRQHandler                                  ../../output/build/startup_stm32f302x8.o
EXTI4_IRQHandler                                  ../../output/build/startup_stm32f302x8.o
EXTI9_5_IRQHandler                                ../../output/build/startup_stm32f302x8.o
Error_Handler                                     ../../output/build/main.o
FLASH_IRQHandler                                  ../../output/build/startup_stm32f302x8.o
FLASH_PageErase                                   ../../output/build/stm32f3xx_hal_flash_ex.o
                                                  ../../output/build/stm32f3xx_hal_flash.o
FLASH_WaitForLastOperation                        ../../output/build/stm32f3xx_hal_flash.o
                                                  ../../output/build/stm32f3xx_hal_flash_ex.o
FPU_IRQHandler                                    ../../output/build/startup_stm32f302x8.o
HAL_DBGMCU_DisableDBGSleepMode                    ../../output/build/stm32f3xx_hal.o
HAL_DBGMCU_DisableDBGStandbyMode                  ../../output/build/stm32f3xx_hal.o
HAL_DBGMCU_DisableDBGStopMode                     ../../output/build/stm32f3xx_hal.o
HAL_DBGMCU_EnableDBGSleepMode                     ../../output/build/stm32f3xx_hal.o
HAL_DBGMCU_EnableDBGStandbyMode                   ../../output/build/stm32f3xx_hal.o
HAL_DBGMCU_EnableDBGStopMode                      ../../output/build/stm32f3xx_hal.o
HAL_DMA_Abort                                     ../../output/build/stm32f3xx_hal_dma.o
                                                  ../../output/build/stm32f3xx_hal_uart.o
HAL_DMA_Abort_IT                                  ../../output/build/stm32f3xx_hal_dma.o
                                                  ../../output/build/stm32f3xx_hal_uart.o
                                                  ../../output/build/stm32f3xx_hal_tim_ex.o
                                                  ../../output/build/stm32f3xx_hal_tim.o
                                                  ../../output/build/stm32f3xx_hal_i2c.o
HAL_DMA_DeInit                                    ../../output/build/stm32f3xx_hal_dma.o
HAL_DMA_GetError                                  ../../output/build/stm32f3xx_hal_dma.o
                                                  ../../output/build/stm32f3xx_hal_uart.o
HAL_DMA_GetState                                  ../../output/build/stm32f3xx_hal_dma.o
HAL_DMA_IRQHandler                                ../../output/build/stm32f3xx_hal_dma.o
HAL_DMA_Init                                      ../../output/build/stm32f3xx_hal_dma.o
HAL_DMA_PollForTransfer                           ../../output/build/stm32f3xx_hal_dma.o
HAL_DMA_RegisterCallback                          ../../output/build/stm32f3xx_hal_dma.o
HAL_DMA_Start                                     ../../output/build/stm32f3xx_hal_dma.o
HAL_DMA_Start_IT                                  ../../output/build/stm32f3xx_hal_dma.o
                                                  ../../output/build/stm32f3xx_hal_uart.o
                                                  ../../output/build/stm32f3xx_hal_tim_ex.o
                                                  ../../output/build/stm32f3xx_hal_tim.o
                                                  ../../output/build/stm32f3xx_hal_i2c.o
HAL_DMA_UnRegisterCallback                        ../../output/build/stm32f3xx_hal_dma.o
HAL_DeInit                                        ../../output/build/stm32f3xx_hal.o
HAL_Delay                                         ../../output/build/stm32f3xx_hal.o
HAL_EXTI_ClearConfigLine                          ../../output/build/stm32f3xx_hal_exti.o
HAL_EXTI_ClearPending                             ../../output/build/stm32f3xx_hal_exti.o
HAL_EXTI_GenerateSWI                              ../../output/build/stm32f3xx_hal_exti.o
HAL_EXTI_GetConfigLine                            ../../output/build/stm32f3xx_hal_exti.o
HAL_EXTI_GetHandle                                ../../output/build/stm32f3xx_hal_exti.o
HAL_EXTI_GetPending                               ../../output/build/stm32f3xx_hal_exti.o
HAL_EXTI_IRQHandler                               ../../output/build/stm32f3xx_hal_exti.o
HAL_EXTI_RegisterCallback                         ../../output/build/stm32f3xx_hal_exti.o
HAL_EXTI_SetConfigLine                            ../../output/build/stm32f3xx_hal_exti.o
HAL_FLASHEx_Erase                                 ../../output/build/stm32f3xx_hal_flash_ex.o
HAL_FLASHEx_Erase_IT                              ../../output/build/stm32f3xx_hal_flash_ex.o
HAL_FLASHEx_OBErase                               ../../output/build/stm32f3xx_hal_flash_ex.o
HAL_FLASHEx_OBGetConfig                           ../../output/build/stm32f3xx_hal_flash_ex.o
HAL_FLASHEx_OBGetUserData                         ../../output/build/stm32f3xx_hal_flash_ex.o
HAL_FLASHEx_OBProgram                             ../../output/build/stm32f3xx_hal_flash_ex.o
HAL_FLASH_EndOfOperationCallback                  ../../output/build/stm32f3xx_hal_flash.o
HAL_FLASH_GetError                                ../../output/build/stm32f3xx_hal_flash.o
HAL_FLASH_IRQHandler                              ../../output/build/stm32f3xx_hal_flash.o
HAL_FLASH_Lock                                    ../../output/build/stm32f3xx_hal_flash.o
HAL_FLASH_OB_Launch                               ../../output/build/stm32f3xx_hal_flash.o
HAL_FLASH_OB_Lock                                 ../../output/build/stm32f3xx_hal_flash.o
HAL_FLASH_OB_Unlock                               ../../output/build/stm32f3xx_hal_flash.o
HAL_FLASH_OperationErrorCallback                  ../../output/build/stm32f3xx_hal_flash.o
HAL_FLASH_Program                                 ../../output/build/stm32f3xx_hal_flash.o
HAL_FLASH_Program_IT                              ../../output/build/stm32f3xx_hal_flash.o
HAL_FLASH_Unlock                                  ../../output/build/stm32f3xx_hal_flash.o
HAL_GPIO_DeInit                                   ../../output/build/stm32f3xx_hal_gpio.o
                                                  ../../output/build/stm32f3xx_hal_msp.o
HAL_GPIO_EXTI_Callback                            ../../output/build/stm32f3xx_hal_gpio.o
HAL_GPIO_EXTI_IRQHandler                          ../../output/build/stm32f3xx_hal_gpio.o
HAL_GPIO_Init                                     ../../output/build/stm32f3xx_hal_gpio.o
                                                  ../../output/build/stm32f3xx_hal_rcc.o
                                                  ../../output/build/stm32f3xx_hal_msp.o
                                                  ../../output/build/main.o
HAL_GPIO_LockPin                                  ../../output/build/stm32f3xx_hal_gpio.o
HAL_GPIO_ReadPin                                  ../../output/build/stm32f3xx_hal_gpio.o
HAL_GPIO_TogglePin                                ../../output/build/stm32f3xx_hal_gpio.o
                                                  ../../output/build/main.o
HAL_GPIO_WritePin                                 ../../output/build/stm32f3xx_hal_gpio.o
                                                  ../../output/build/main.o
HAL_GetDEVID                                      ../../output/build/stm32f3xx_hal.o
HAL_GetHalVersion                                 ../../output/build/stm32f3xx_hal.o
HAL_GetREVID                                      ../../output/build/stm32f3xx_hal.o
HAL_GetTick                                       ../../output/build/stm32f3xx_hal.o
                                                  ../../output/build/stm32f3xx_hal_uart_ex.o
                                                  ../../output/build/stm32f3xx_hal_uart.o
                                                  ../../output/build/stm32f3xx_hal_i2c.o
                                                  ../../output/build/stm32f3xx_hal_flash.o
                                                  ../../output/build/stm32f3xx_hal_dma.o
                                                  ../../output/build/stm32f3xx_hal_rcc_ex.o
                                                  ../../output/build/stm32f3xx_hal_rcc.o
HAL_GetTickFreq                                   ../../output/build/stm32f3xx_hal.o
HAL_GetTickPrio                                   ../../output/build/stm32f3xx_hal.o
HAL_GetUIDw0                                      ../../output/build/stm32f3xx_hal.o
HAL_GetUIDw1                                      ../../output/build/stm32f3xx_hal.o
HAL_GetUIDw2                                      ../../output/build/stm32f3xx_hal.o
HAL_HalfDuplex_EnableReceiver                     ../../output/build/stm32f3xx_hal_uart.o
HAL_HalfDuplex_EnableTransmitter                  ../../output/build/stm32f3xx_hal_uart.o
HAL_HalfDuplex_Init                               ../../output/build/stm32f3xx_hal_uart.o
HAL_I2CEx_ConfigAnalogFilter                      ../../output/build/stm32f3xx_hal_i2c_ex.o
HAL_I2CEx_ConfigDigitalFilter                     ../../output/build/stm32f3xx_hal_i2c_ex.o
HAL_I2CEx_DisableFastModePlus                     ../../output/build/stm32f3xx_hal_i2c_ex.o
HAL_I2CEx_DisableWakeUp                           ../../output/build/stm32f3xx_hal_i2c_ex.o
HAL_I2CEx_EnableFastModePlus                      ../../output/build/stm32f3xx_hal_i2c_ex.o
HAL_I2CEx_EnableWakeUp                            ../../output/build/stm32f3xx_hal_i2c_ex.o
HAL_I2C_AbortCpltCallback                         ../../output/build/stm32f3xx_hal_i2c.o
HAL_I2C_AddrCallback                              ../../output/build/stm32f3xx_hal_i2c.o
HAL_I2C_DeInit                                    ../../output/build/stm32f3xx_hal_i2c.o
HAL_I2C_DisableListen_IT                          ../../output/build/stm32f3xx_hal_i2c.o
HAL_I2C_ER_IRQHandler                             ../../output/build/stm32f3xx_hal_i2c.o
HAL_I2C_EV_IRQHandler                             ../../output/build/stm32f3xx_hal_i2c.o
HAL_I2C_EnableListen_IT                           ../../output/build/stm32f3xx_hal_i2c.o
HAL_I2C_ErrorCallback                             ../../output/build/stm32f3xx_hal_i2c.o
HAL_I2C_GetError                                  ../../output/build/stm32f3xx_hal_i2c.o
HAL_I2C_GetMode                                   ../../output/build/stm32f3xx_hal_i2c.o
HAL_I2C_GetState                                  ../../output/build/stm32f3xx_hal_i2c.o
HAL_I2C_Init                                      ../../output/build/stm32f3xx_hal_i2c.o
HAL_I2C_IsDeviceReady                             ../../output/build/stm32f3xx_hal_i2c.o
HAL_I2C_ListenCpltCallback                        ../../output/build/stm32f3xx_hal_i2c.o
HAL_I2C_MasterRxCpltCallback                      ../../output/build/stm32f3xx_hal_i2c.o
HAL_I2C_MasterTxCpltCallback                      ../../output/build/stm32f3xx_hal_i2c.o
HAL_I2C_Master_Abort_IT                           ../../output/build/stm32f3xx_hal_i2c.o
HAL_I2C_Master_Receive                            ../../output/build/stm32f3xx_hal_i2c.o
HAL_I2C_Master_Receive_DMA                        ../../output/build/stm32f3xx_hal_i2c.o
HAL_I2C_Master_Receive_IT                         ../../output/build/stm32f3xx_hal_i2c.o
HAL_I2C_Master_Seq_Receive_DMA                    ../../output/build/stm32f3xx_hal_i2c.o
HAL_I2C_Master_Seq_Receive_IT                     ../../output/build/stm32f3xx_hal_i2c.o
HAL_I2C_Master_Seq_Transmit_DMA                   ../../output/build/stm32f3xx_hal_i2c.o
HAL_I2C_Master_Seq_Transmit_IT                    ../../output/build/stm32f3xx_hal_i2c.o
HAL_I2C_Master_Transmit                           ../../output/build/stm32f3xx_hal_i2c.o
HAL_I2C_Master_Transmit_DMA                       ../../output/build/stm32f3xx_hal_i2c.o
HAL_I2C_Master_Transmit_IT                        ../../output/build/stm32f3xx_hal_i2c.o
HAL_I2C_MemRxCpltCallback                         ../../output/build/stm32f3xx_hal_i2c.o
HAL_I2C_MemTxCpltCallback                         ../../output/build/stm32f3xx_hal_i2c.o
HAL_I2C_Mem_Read                                  ../../output/build/stm32f3xx_hal_i2c.o
HAL_I2C_Mem_Read_DMA                              ../../output/build/stm32f3xx_hal_i2c.o
HAL_I2C_Mem_Read_IT                               ../../output/build/stm32f3xx_hal_i2c.o
HAL_I2C_Mem_Write                                 ../../output/build/stm32f3xx_hal_i2c.o
HAL_I2C_Mem_Write_DMA                             ../../output/build/stm32f3xx_hal_i2c.o
HAL_I2C_Mem_Write_IT                              ../../output/build/stm32f3xx_hal_i2c.o
HAL_I2C_MspDeInit                                 ../../output/build/stm32f3xx_hal_i2c.o
HAL_I2C_MspInit                                   ../../output/build/stm32f3xx_hal_i2c.o
HAL_I2C_SlaveRxCpltCallback                       ../../output/build/stm32f3xx_hal_i2c.o
HAL_I2C_SlaveTxCpltCallback                       ../../output/build/stm32f3xx_hal_i2c.o
HAL_I2C_Slave_Receive                             ../../output/build/stm32f3xx_hal_i2c.o
HAL_I2C_Slave_Receive_DMA                         ../../output/build/stm32f3xx_hal_i2c.o
HAL_I2C_Slave_Receive_IT                          ../../output/build/stm32f3xx_hal_i2c.o
HAL_I2C_Slave_Seq_Receive_DMA                     ../../output/build/stm32f3xx_hal_i2c.o
HAL_I2C_Slave_Seq_Receive_IT                      ../../output/build/stm32f3xx_hal_i2c.o
HAL_I2C_Slave_Seq_Transmit_DMA                    ../../output/build/stm32f3xx_hal_i2c.o
HAL_I2C_Slave_Seq_Transmit_IT                     ../../output/build/stm32f3xx_hal_i2c.o
HAL_I2C_Slave_Transmit                            ../../output/build/stm32f3xx_hal_i2c.o
HAL_I2C_Slave_Transmit_DMA                        ../../output/build/stm32f3xx_hal_i2c.o
HAL_I2C_Slave_Transmit_IT                         ../../output/build/stm32f3xx_hal_i2c.o
HAL_IncTick                                       ../../output/build/stm32f3xx_hal.o
                                                  ../../output/build/main.o
HAL_Init                                          ../../output/build/stm32f3xx_hal.o
                                                  ../../output/build/main.o
HAL_InitTick                                      ../../output/build/stm32f3xx_hal_timebase_tim.o
                                                  ../../output/build/stm32f3xx_hal.o
                                                  ../../output/build/stm32f3xx_hal_rcc.o
HAL_LIN_Init                                      ../../output/build/stm32f3xx_hal_uart.o
HAL_LIN_SendBreak                                 ../../output/build/stm32f3xx_hal_uart.o
HAL_MspDeInit                                     ../../output/build/stm32f3xx_hal.o
HAL_MspInit                                       ../../output/build/stm32f3xx_hal_msp.o
HAL_MultiProcessorEx_AddressLength_Set            ../../output/build/stm32f3xx_hal_uart_ex.o
HAL_MultiProcessor_DisableMuteMode                ../../output/build/stm32f3xx_hal_uart.o
HAL_MultiProcessor_EnableMuteMode                 ../../output/build/stm32f3xx_hal_uart.o
HAL_MultiProcessor_EnterMuteMode                  ../../output/build/stm32f3xx_hal_uart.o
HAL_MultiProcessor_Init                           ../../output/build/stm32f3xx_hal_uart.o
HAL_NVIC_ClearPendingIRQ                          ../../output/build/stm32f3xx_hal_cortex.o
HAL_NVIC_DisableIRQ                               ../../output/build/stm32f3xx_hal_cortex.o
HAL_NVIC_EnableIRQ                                ../../output/build/stm32f3xx_hal_cortex.o
                                                  ../../output/build/stm32f3xx_hal_timebase_tim.o
HAL_NVIC_GetActive                                ../../output/build/stm32f3xx_hal_cortex.o
HAL_NVIC_GetPendingIRQ                            ../../output/build/stm32f3xx_hal_cortex.o
HAL_NVIC_GetPriority                              ../../output/build/stm32f3xx_hal_cortex.o
HAL_NVIC_GetPriorityGrouping                      ../../output/build/stm32f3xx_hal_cortex.o
HAL_NVIC_SetPendingIRQ                            ../../output/build/stm32f3xx_hal_cortex.o
HAL_NVIC_SetPriority                              ../../output/build/stm32f3xx_hal_cortex.o
                                                  ../../output/build/stm32f3xx_hal_timebase_tim.o
                                                  ../../output/build/stm32f3xx_hal.o
                                                  ../../output/build/stm32f3xx_hal_msp.o
HAL_NVIC_SetPriorityGrouping                      ../../output/build/stm32f3xx_hal_cortex.o
                                                  ../../output/build/stm32f3xx_hal.o
HAL_NVIC_SystemReset                              ../../output/build/stm32f3xx_hal_cortex.o
HAL_PWR_ConfigPVD                                 ../../output/build/stm32f3xx_hal_pwr_ex.o
HAL_PWR_DeInit                                    ../../output/build/stm32f3xx_hal_pwr.o
HAL_PWR_DisableBkUpAccess                         ../../output/build/stm32f3xx_hal_pwr.o
HAL_PWR_DisablePVD                                ../../output/build/stm32f3xx_hal_pwr_ex.o
HAL_PWR_DisableSEVOnPend                          ../../output/build/stm32f3xx_hal_pwr.o
HAL_PWR_DisableSleepOnExit                        ../../output/build/stm32f3xx_hal_pwr.o
HAL_PWR_DisableWakeUpPin                          ../../output/build/stm32f3xx_hal_pwr.o
HAL_PWR_EnableBkUpAccess                          ../../output/build/stm32f3xx_hal_pwr.o
HAL_PWR_EnablePVD                                 ../../output/build/stm32f3xx_hal_pwr_ex.o
HAL_PWR_EnableSEVOnPend                           ../../output/build/stm32f3xx_hal_pwr.o
HAL_PWR_EnableSleepOnExit                         ../../output/build/stm32f3xx_hal_pwr.o
HAL_PWR_EnableWakeUpPin                           ../../output/build/stm32f3xx_hal_pwr.o
HAL_PWR_EnterSLEEPMode                            ../../output/build/stm32f3xx_hal_pwr.o
HAL_PWR_EnterSTANDBYMode                          ../../output/build/stm32f3xx_hal_pwr.o
HAL_PWR_EnterSTOPMode                             ../../output/build/stm32f3xx_hal_pwr.o
HAL_PWR_PVDCallback                               ../../output/build/stm32f3xx_hal_pwr_ex.o
HAL_PWR_PVD_IRQHandler                            ../../output/build/stm32f3xx_hal_pwr_ex.o
HAL_RCCEx_GetPeriphCLKConfig                      ../../output/build/stm32f3xx_hal_rcc_ex.o
HAL_RCCEx_GetPeriphCLKFreq                        ../../output/build/stm32f3xx_hal_rcc_ex.o
HAL_RCCEx_PeriphCLKConfig                         ../../output/build/stm32f3xx_hal_rcc_ex.o
HAL_RCC_CSSCallback                               ../../output/build/stm32f3xx_hal_rcc.o
HAL_RCC_ClockConfig                               ../../output/build/stm32f3xx_hal_rcc.o
                                                  ../../output/build/main.o
HAL_RCC_DeInit                                    ../../output/build/stm32f3xx_hal_rcc.o
HAL_RCC_DisableCSS                                ../../output/build/stm32f3xx_hal_rcc.o
HAL_RCC_EnableCSS                                 ../../output/build/stm32f3xx_hal_rcc.o
HAL_RCC_GetClockConfig                            ../../output/build/stm32f3xx_hal_rcc.o
                                                  ../../output/build/stm32f3xx_hal_timebase_tim.o
HAL_RCC_GetHCLKFreq                               ../../output/build/stm32f3xx_hal_rcc.o
HAL_RCC_GetOscConfig                              ../../output/build/stm32f3xx_hal_rcc.o
HAL_RCC_GetPCLK1Freq                              ../../output/build/stm32f3xx_hal_rcc.o
                                                  ../../output/build/stm32f3xx_hal_uart.o
                                                  ../../output/build/stm32f3xx_hal_rcc_ex.o
HAL_RCC_GetPCLK2Freq                              ../../output/build/stm32f3xx_hal_rcc.o
                                                  ../../output/build/stm32f3xx_hal_timebase_tim.o
                                                  ../../output/build/stm32f3xx_hal_uart.o
HAL_RCC_GetSysClockFreq                           ../../output/build/stm32f3xx_hal_rcc.o
                                                  ../../output/build/stm32f3xx_hal_uart.o
                                                  ../../output/build/stm32f3xx_hal_rcc_ex.o
HAL_RCC_MCOConfig                                 ../../output/build/stm32f3xx_hal_rcc.o
HAL_RCC_NMI_IRQHandler                            ../../output/build/stm32f3xx_hal_rcc.o
HAL_RCC_OscConfig                                 ../../output/build/stm32f3xx_hal_rcc.o
                                                  ../../output/build/main.o
HAL_RS485Ex_Init                                  ../../output/build/stm32f3xx_hal_uart_ex.o
HAL_ResumeTick                                    ../../output/build/stm32f3xx_hal_timebase_tim.o
                                                  ../../output/build/stm32f3xx_hal.o
HAL_SYSTICK_CLKSourceConfig                       ../../output/build/stm32f3xx_hal_cortex.o
HAL_SYSTICK_Callback                              ../../output/build/stm32f3xx_hal_cortex.o
HAL_SYSTICK_Config                                ../../output/build/stm32f3xx_hal_cortex.o
                                                  ../../output/build/stm32f3xx_hal.o
HAL_SYSTICK_IRQHandler                            ../../output/build/stm32f3xx_hal_cortex.o
HAL_SetTickFreq                                   ../../output/build/stm32f3xx_hal.o
HAL_SuspendTick                                   ../../output/build/stm32f3xx_hal_timebase_tim.o
                                                  ../../output/build/stm32f3xx_hal.o
HAL_TIMEx_Break2Callback                          ../../output/build/stm32f3xx_hal_tim_ex.o
                                                  ../../output/build/stm32f3xx_hal_tim.o
HAL_TIMEx_BreakCallback                           ../../output/build/stm32f3xx_hal_tim_ex.o
                                                  ../../output/build/stm32f3xx_hal_tim.o
HAL_TIMEx_CommutCallback                          ../../output/build/stm32f3xx_hal_tim_ex.o
                                                  ../../output/build/stm32f3xx_hal_tim.o
HAL_TIMEx_CommutHalfCpltCallback                  ../../output/build/stm32f3xx_hal_tim_ex.o
HAL_TIMEx_ConfigBreakDeadTime                     ../../output/build/stm32f3xx_hal_tim_ex.o
HAL_TIMEx_ConfigCommutEvent                       ../../output/build/stm32f3xx_hal_tim_ex.o
HAL_TIMEx_ConfigCommutEvent_DMA                   ../../output/build/stm32f3xx_hal_tim_ex.o
HAL_TIMEx_ConfigCommutEvent_IT                    ../../output/build/stm32f3xx_hal_tim_ex.o
HAL_TIMEx_GroupChannel5                           ../../output/build/stm32f3xx_hal_tim_ex.o
HAL_TIMEx_HallSensor_DeInit                       ../../output/build/stm32f3xx_hal_tim_ex.o
HAL_TIMEx_HallSensor_GetState                     ../../output/build/stm32f3xx_hal_tim_ex.o
HAL_TIMEx_HallSensor_Init                         ../../output/build/stm32f3xx_hal_tim_ex.o
HAL_TIMEx_HallSensor_MspDeInit                    ../../output/build/stm32f3xx_hal_tim_ex.o
HAL_TIMEx_HallSensor_MspInit                      ../../output/build/stm32f3xx_hal_tim_ex.o
HAL_TIMEx_HallSensor_Start                        ../../output/build/stm32f3xx_hal_tim_ex.o
HAL_TIMEx_HallSensor_Start_DMA                    ../../output/build/stm32f3xx_hal_tim_ex.o
HAL_TIMEx_HallSensor_Start_IT                     ../../output/build/stm32f3xx_hal_tim_ex.o
HAL_TIMEx_HallSensor_Stop                         ../../output/build/stm32f3xx_hal_tim_ex.o
HAL_TIMEx_HallSensor_Stop_DMA                     ../../output/build/stm32f3xx_hal_tim_ex.o
HAL_TIMEx_HallSensor_Stop_IT                      ../../output/build/stm32f3xx_hal_tim_ex.o
HAL_TIMEx_MasterConfigSynchronization             ../../output/build/stm32f3xx_hal_tim_ex.o
HAL_TIMEx_OCN_Start                               ../../output/build/stm32f3xx_hal_tim_ex.o
HAL_TIMEx_OCN_Start_DMA                           ../../output/build/stm32f3xx_hal_tim_ex.o
HAL_TIMEx_OCN_Start_IT                            ../../output/build/stm32f3xx_hal_tim_ex.o
HAL_TIMEx_OCN_Stop                                ../../output/build/stm32f3xx_hal_tim_ex.o
HAL_TIMEx_OCN_Stop_DMA                            ../../output/build/stm32f3xx_hal_tim_ex.o
HAL_TIMEx_OCN_Stop_IT                             ../../output/build/stm32f3xx_hal_tim_ex.o
HAL_TIMEx_OnePulseN_Start                         ../../output/build/stm32f3xx_hal_tim_ex.o
HAL_TIMEx_OnePulseN_Start_IT                      ../../output/build/stm32f3xx_hal_tim_ex.o
HAL_TIMEx_OnePulseN_Stop                          ../../output/build/stm32f3xx_hal_tim_ex.o
HAL_TIMEx_OnePulseN_Stop_IT                       ../../output/build/stm32f3xx_hal_tim_ex.o
HAL_TIMEx_PWMN_Start                              ../../output/build/stm32f3xx_hal_tim_ex.o
HAL_TIMEx_PWMN_Start_DMA                          ../../output/build/stm32f3xx_hal_tim_ex.o
HAL_TIMEx_PWMN_Start_IT                           ../../output/build/stm32f3xx_hal_tim_ex.o
HAL_TIMEx_PWMN_Stop                               ../../output/build/stm32f3xx_hal_tim_ex.o
HAL_TIMEx_PWMN_Stop_DMA                           ../../output/build/stm32f3xx_hal_tim_ex.o
HAL_TIMEx_PWMN_Stop_IT                            ../../output/build/stm32f3xx_hal_tim_ex.o
HAL_TIMEx_RemapConfig                             ../../output/build/stm32f3xx_hal_tim_ex.o
HAL_TIM_Base_DeInit                               ../../output/build/stm32f3xx_hal_tim.o
HAL_TIM_Base_GetState                             ../../output/build/stm32f3xx_hal_tim.o
HAL_TIM_Base_Init                                 ../../output/build/stm32f3xx_hal_tim.o
                                                  ../../output/build/stm32f3xx_hal_timebase_tim.o
HAL_TIM_Base_MspDeInit                            ../../output/build/stm32f3xx_hal_tim.o
HAL_TIM_Base_MspInit                              ../../output/build/stm32f3xx_hal_tim.o
HAL_TIM_Base_Start                                ../../output/build/stm32f3xx_hal_tim.o
HAL_TIM_Base_Start_DMA                            ../../output/build/stm32f3xx_hal_tim.o
HAL_TIM_Base_Start_IT                             ../../output/build/stm32f3xx_hal_tim.o
                                                  ../../output/build/stm32f3xx_hal_timebase_tim.o
HAL_TIM_Base_Stop                                 ../../output/build/stm32f3xx_hal_tim.o
HAL_TIM_Base_Stop_DMA                             ../../output/build/stm32f3xx_hal_tim.o
HAL_TIM_Base_Stop_IT                              ../../output/build/stm32f3xx_hal_tim.o
HAL_TIM_ConfigClockSource                         ../../output/build/stm32f3xx_hal_tim.o
HAL_TIM_ConfigOCrefClear                          ../../output/build/stm32f3xx_hal_tim.o
HAL_TIM_ConfigTI1Input                            ../../output/build/stm32f3xx_hal_tim.o
HAL_TIM_DMABurst_MultiReadStart                   ../../output/build/stm32f3xx_hal_tim.o
HAL_TIM_DMABurst_MultiWriteStart                  ../../output/build/stm32f3xx_hal_tim.o
HAL_TIM_DMABurst_ReadStart                        ../../output/build/stm32f3xx_hal_tim.o
HAL_TIM_DMABurst_ReadStop                         ../../output/build/stm32f3xx_hal_tim.o
HAL_TIM_DMABurst_WriteStart                       ../../output/build/stm32f3xx_hal_tim.o
HAL_TIM_DMABurst_WriteStop                        ../../output/build/stm32f3xx_hal_tim.o
HAL_TIM_Encoder_DeInit                            ../../output/build/stm32f3xx_hal_tim.o
HAL_TIM_Encoder_GetState                          ../../output/build/stm32f3xx_hal_tim.o
HAL_TIM_Encoder_Init                              ../../output/build/stm32f3xx_hal_tim.o
HAL_TIM_Encoder_MspDeInit                         ../../output/build/stm32f3xx_hal_tim.o
HAL_TIM_Encoder_MspInit                           ../../output/build/stm32f3xx_hal_tim.o
HAL_TIM_Encoder_Start                             ../../output/build/stm32f3xx_hal_tim.o
HAL_TIM_Encoder_Start_DMA                         ../../output/build/stm32f3xx_hal_tim.o
HAL_TIM_Encoder_Start_IT                          ../../output/build/stm32f3xx_hal_tim.o
HAL_TIM_Encoder_Stop                              ../../output/build/stm32f3xx_hal_tim.o
HAL_TIM_Encoder_Stop_DMA                          ../../output/build/stm32f3xx_hal_tim.o
HAL_TIM_Encoder_Stop_IT                           ../../output/build/stm32f3xx_hal_tim.o
HAL_TIM_ErrorCallback                             ../../output/build/stm32f3xx_hal_tim.o
HAL_TIM_GenerateEvent                             ../../output/build/stm32f3xx_hal_tim.o
HAL_TIM_IC_CaptureCallback                        ../../output/build/stm32f3xx_hal_tim.o
HAL_TIM_IC_CaptureHalfCpltCallback                ../../output/build/stm32f3xx_hal_tim.o
HAL_TIM_IC_ConfigChannel                          ../../output/build/stm32f3xx_hal_tim.o
HAL_TIM_IC_DeInit                                 ../../output/build/stm32f3xx_hal_tim.o
HAL_TIM_IC_GetState                               ../../output/build/stm32f3xx_hal_tim.o
HAL_TIM_IC_Init                                   ../../output/build/stm32f3xx_hal_tim.o
HAL_TIM_IC_MspDeInit                              ../../output/build/stm32f3xx_hal_tim.o
HAL_TIM_IC_MspInit                                ../../output/build/stm32f3xx_hal_tim.o
HAL_TIM_IC_Start                                  ../../output/build/stm32f3xx_hal_tim.o
HAL_TIM_IC_Start_DMA                              ../../output/build/stm32f3xx_hal_tim.o
HAL_TIM_IC_Start_IT                               ../../output/build/stm32f3xx_hal_tim.o
HAL_TIM_IC_Stop                                   ../../output/build/stm32f3xx_hal_tim.o
HAL_TIM_IC_Stop_DMA                               ../../output/build/stm32f3xx_hal_tim.o
HAL_TIM_IC_Stop_IT                                ../../output/build/stm32f3xx_hal_tim.o
HAL_TIM_IRQHandler                                ../../output/build/stm32f3xx_hal_tim.o
                                                  ../../output/build/stm32f3xx_it.o
HAL_TIM_OC_ConfigChannel                          ../../output/build/stm32f3xx_hal_tim.o
HAL_TIM_OC_DeInit                                 ../../output/build/stm32f3xx_hal_tim.o
HAL_TIM_OC_DelayElapsedCallback                   ../../output/build/stm32f3xx_hal_tim.o
HAL_TIM_OC_GetState                               ../../output/build/stm32f3xx_hal_tim.o
HAL_TIM_OC_Init                                   ../../output/build/stm32f3xx_hal_tim.o
HAL_TIM_OC_MspDeInit                              ../../output/build/stm32f3xx_hal_tim.o
HAL_TIM_OC_MspInit                                ../../output/build/stm32f3xx_hal_tim.o
HAL_TIM_OC_Start                                  ../../output/build/stm32f3xx_hal_tim.o
HAL_TIM_OC_Start_DMA                              ../../output/build/stm32f3xx_hal_tim.o
HAL_TIM_OC_Start_IT                               ../../output/build/stm32f3xx_hal_tim.o
HAL_TIM_OC_Stop                                   ../../output/build/stm32f3xx_hal_tim.o
HAL_TIM_OC_Stop_DMA                               ../../output/build/stm32f3xx_hal_tim.o
HAL_TIM_OC_Stop_IT                                ../../output/build/stm32f3xx_hal_tim.o
HAL_TIM_OnePulse_ConfigChannel                    ../../output/build/stm32f3xx_hal_tim.o
HAL_TIM_OnePulse_DeInit                           ../../output/build/stm32f3xx_hal_tim.o
HAL_TIM_OnePulse_GetState                         ../../output/build/stm32f3xx_hal_tim.o
HAL_TIM_OnePulse_Init                             ../../output/build/stm32f3xx_hal_tim.o
HAL_TIM_OnePulse_MspDeInit                        ../../output/build/stm32f3xx_hal_tim.o
HAL_TIM_OnePulse_MspInit                          ../../output/build/stm32f3xx_hal_tim.o
HAL_TIM_OnePulse_Start                            ../../output/build/stm32f3xx_hal_tim.o
HAL_TIM_OnePulse_Start_IT                         ../../output/build/stm32f3xx_hal_tim.o
HAL_TIM_OnePulse_Stop                             ../../output/build/stm32f3xx_hal_tim.o
HAL_TIM_OnePulse_Stop_IT                          ../../output/build/stm32f3xx_hal_tim.o
HAL_TIM_PWM_ConfigChannel                         ../../output/build/stm32f3xx_hal_tim.o
HAL_TIM_PWM_DeInit                                ../../output/build/stm32f3xx_hal_tim.o
HAL_TIM_PWM_GetState                              ../../output/build/stm32f3xx_hal_tim.o
HAL_TIM_PWM_Init                                  ../../output/build/stm32f3xx_hal_tim.o
HAL_TIM_PWM_MspDeInit                             ../../output/build/stm32f3xx_hal_tim.o
HAL_TIM_PWM_MspInit                               ../../output/build/stm32f3xx_hal_tim.o
HAL_TIM_PWM_PulseFinishedCallback                 ../../output/build/stm32f3xx_hal_tim.o
HAL_TIM_PWM_PulseFinishedHalfCpltCallback         ../../output/build/stm32f3xx_hal_tim.o
HAL_TIM_PWM_Start                                 ../../output/build/stm32f3xx_hal_tim.o
HAL_TIM_PWM_Start_DMA                             ../../output/build/stm32f3xx_hal_tim.o
HAL_TIM_PWM_Start_IT                              ../../output/build/stm32f3xx_hal_tim.o
HAL_TIM_PWM_Stop                                  ../../output/build/stm32f3xx_hal_tim.o
HAL_TIM_PWM_Stop_DMA                              ../../output/build/stm32f3xx_hal_tim.o
HAL_TIM_PWM_Stop_IT                               ../../output/build/stm32f3xx_hal_tim.o
HAL_TIM_PeriodElapsedCallback                     ../../output/build/main.o
HAL_TIM_PeriodElapsedHalfCpltCallback             ../../output/build/stm32f3xx_hal_tim.o
HAL_TIM_ReadCapturedValue                         ../../output/build/stm32f3xx_hal_tim.o
HAL_TIM_SlaveConfigSynchro                        ../../output/build/stm32f3xx_hal_tim.o
HAL_TIM_SlaveConfigSynchro_IT                     ../../output/build/stm32f3xx_hal_tim.o
HAL_TIM_TriggerCallback                           ../../output/build/stm32f3xx_hal_tim.o
HAL_TIM_TriggerHalfCpltCallback                   ../../output/build/stm32f3xx_hal_tim.o
HAL_UARTEx_DisableStopMode                        ../../output/build/stm32f3xx_hal_uart_ex.o
HAL_UARTEx_EnableStopMode                         ../../output/build/stm32f3xx_hal_uart_ex.o
HAL_UARTEx_StopModeWakeUpSourceConfig             ../../output/build/stm32f3xx_hal_uart_ex.o
HAL_UARTEx_WakeupCallback                         ../../output/build/stm32f3xx_hal_uart_ex.o
                                                  ../../output/build/stm32f3xx_hal_uart.o
HAL_UART_Abort                                    ../../output/build/stm32f3xx_hal_uart.o
HAL_UART_AbortCpltCallback                        ../../output/build/stm32f3xx_hal_uart.o
HAL_UART_AbortReceive                             ../../output/build/stm32f3xx_hal_uart.o
HAL_UART_AbortReceiveCpltCallback                 ../../output/build/stm32f3xx_hal_uart.o
HAL_UART_AbortReceive_IT                          ../../output/build/stm32f3xx_hal_uart.o
HAL_UART_AbortTransmit                            ../../output/build/stm32f3xx_hal_uart.o
HAL_UART_AbortTransmitCpltCallback                ../../output/build/stm32f3xx_hal_uart.o
HAL_UART_AbortTransmit_IT                         ../../output/build/stm32f3xx_hal_uart.o
HAL_UART_Abort_IT                                 ../../output/build/stm32f3xx_hal_uart.o
HAL_UART_DMAPause                                 ../../output/build/stm32f3xx_hal_uart.o
HAL_UART_DMAResume                                ../../output/build/stm32f3xx_hal_uart.o
HAL_UART_DMAStop                                  ../../output/build/stm32f3xx_hal_uart.o
HAL_UART_DeInit                                   ../../output/build/stm32f3xx_hal_uart.o
HAL_UART_DisableReceiverTimeout                   ../../output/build/stm32f3xx_hal_uart.o
HAL_UART_EnableReceiverTimeout                    ../../output/build/stm32f3xx_hal_uart.o
HAL_UART_ErrorCallback                            ../../output/build/stm32f3xx_hal_uart.o
HAL_UART_GetError                                 ../../output/build/stm32f3xx_hal_uart.o
HAL_UART_GetState                                 ../../output/build/stm32f3xx_hal_uart.o
HAL_UART_IRQHandler                               ../../output/build/stm32f3xx_hal_uart.o
HAL_UART_Init                                     ../../output/build/stm32f3xx_hal_uart.o
                                                  ../../output/build/main.o
HAL_UART_MspDeInit                                ../../output/build/stm32f3xx_hal_msp.o
HAL_UART_MspInit                                  ../../output/build/stm32f3xx_hal_msp.o
                                                  ../../output/build/stm32f3xx_hal_uart_ex.o
HAL_UART_Receive                                  ../../output/build/stm32f3xx_hal_uart.o
HAL_UART_Receive_DMA                              ../../output/build/stm32f3xx_hal_uart.o
HAL_UART_Receive_IT                               ../../output/build/stm32f3xx_hal_uart.o
HAL_UART_ReceiverTimeout_Config                   ../../output/build/stm32f3xx_hal_uart.o
HAL_UART_RxCpltCallback                           ../../output/build/stm32f3xx_hal_uart.o
HAL_UART_RxHalfCpltCallback                       ../../output/build/stm32f3xx_hal_uart.o