Archive member included to satisfy reference by file (symbol)

d:/tool_chain/gcc-arm-none-eabi/5.4 2016q3/bin/../lib/gcc/arm-none-eabi/5.4.1/../../../../arm-none-eabi/lib/armv7e-m/fpu\libc_nano.a(lib_a-exit.o)
                              d:/tool_chain/gcc-arm-none-eabi/5.4 2016q3/bin/../lib/gcc/arm-none-eabi/5.4.1/../../../../arm-none-eabi/lib/armv7e-m/fpu/crt0.o (exit)
d:/tool_chain/gcc-arm-none-eabi/5.4 2016q3/bin/../lib/gcc/arm-none-eabi/5.4.1/../../../../arm-none-eabi/lib/armv7e-m/fpu\libc_nano.a(lib_a-impure.o)
                              d:/tool_chain/gcc-arm-none-eabi/5.4 2016q3/bin/../lib/gcc/arm-none-eabi/5.4.1/../../../../arm-none-eabi/lib/armv7e-m/fpu\libc_nano.a(lib_a-exit.o) (_global_impure_ptr)
d:/tool_chain/gcc-arm-none-eabi/5.4 2016q3/bin/../lib/gcc/arm-none-eabi/5.4.1/../../../../arm-none-eabi/lib/armv7e-m/fpu\libc_nano.a(lib_a-init.o)
                              d:/tool_chain/gcc-arm-none-eabi/5.4 2016q3/bin/../lib/gcc/arm-none-eabi/5.4.1/../../../../arm-none-eabi/lib/armv7e-m/fpu/crt0.o (__libc_init_array)
d:/tool_chain/gcc-arm-none-eabi/5.4 2016q3/bin/../lib/gcc/arm-none-eabi/5.4.1/../../../../arm-none-eabi/lib/armv7e-m/fpu\libc_nano.a(lib_a-memcpy-stub.o)
                              build/queue.o (memcpy)
d:/tool_chain/gcc-arm-none-eabi/5.4 2016q3/bin/../lib/gcc/arm-none-eabi/5.4.1/../../../../arm-none-eabi/lib/armv7e-m/fpu\libc_nano.a(lib_a-memset.o)
                              d:/tool_chain/gcc-arm-none-eabi/5.4 2016q3/bin/../lib/gcc/arm-none-eabi/5.4.1/../../../../arm-none-eabi/lib/armv7e-m/fpu/crt0.o (memset)
d:/tool_chain/gcc-arm-none-eabi/5.4 2016q3/bin/../lib/gcc/arm-none-eabi/5.4.1/../../../../arm-none-eabi/lib/armv7e-m/fpu\libnosys.a(_exit.o)
                              d:/tool_chain/gcc-arm-none-eabi/5.4 2016q3/bin/../lib/gcc/arm-none-eabi/5.4.1/../../../../arm-none-eabi/lib/armv7e-m/fpu\libc_nano.a(lib_a-exit.o) (_exit)

Allocating common symbols
Common symbol       size              file

defaultTaskHandle   0x4               build/main.o
uwTick              0x4               build/stm32f3xx_hal.o
xQueueRegistry      0x40              build/queue.o
blinkLEDTaskHandle  0x4               build/main.o
pFlash              0x20              build/stm32f3xx_hal_flash.o
htim1               0x40              build/stm32f3xx_hal_timebase_tim.o
huart2              0x80              build/main.o
comUSBTaskHandle    0x4               build/main.o

Discarded input sections

 .text          0x00000000        0x0 d:/tool_chain/gcc-arm-none-eabi/5.4 2016q3/bin/../lib/gcc/arm-none-eabi/5.4.1/armv7e-m/fpu/crti.o
 .data          0x00000000        0x0 d:/tool_chain/gcc-arm-none-eabi/5.4 2016q3/bin/../lib/gcc/arm-none-eabi/5.4.1/armv7e-m/fpu/crti.o
 .bss           0x00000000        0x0 d:/tool_chain/gcc-arm-none-eabi/5.4 2016q3/bin/../lib/gcc/arm-none-eabi/5.4.1/armv7e-m/fpu/crti.o
 .data          0x00000000        0x4 d:/tool_chain/gcc-arm-none-eabi/5.4 2016q3/bin/../lib/gcc/arm-none-eabi/5.4.1/armv7e-m/fpu/crtbegin.o
 .text          0x00000000       0x74 d:/tool_chain/gcc-arm-none-eabi/5.4 2016q3/bin/../lib/gcc/arm-none-eabi/5.4.1/../../../../arm-none-eabi/lib/armv7e-m/fpu/crt0.o
 .data          0x00000000        0x0 d:/tool_chain/gcc-arm-none-eabi/5.4 2016q3/bin/../lib/gcc/arm-none-eabi/5.4.1/../../../../arm-none-eabi/lib/armv7e-m/fpu/crt0.o
 .bss           0x00000000        0x0 d:/tool_chain/gcc-arm-none-eabi/5.4 2016q3/bin/../lib/gcc/arm-none-eabi/5.4.1/../../../../arm-none-eabi/lib/armv7e-m/fpu/crt0.o
 .ARM.extab     0x00000000        0x0 d:/tool_chain/gcc-arm-none-eabi/5.4 2016q3/bin/../lib/gcc/arm-none-eabi/5.4.1/../../../../arm-none-eabi/lib/armv7e-m/fpu/crt0.o
 .ARM.exidx     0x00000000        0x8 d:/tool_chain/gcc-arm-none-eabi/5.4 2016q3/bin/../lib/gcc/arm-none-eabi/5.4.1/../../../../arm-none-eabi/lib/armv7e-m/fpu/crt0.o
 .ARM.attributes
                0x00000000       0x20 d:/tool_chain/gcc-arm-none-eabi/5.4 2016q3/bin/../lib/gcc/arm-none-eabi/5.4.1/../../../../arm-none-eabi/lib/armv7e-m/fpu/crt0.o
 .text          0x00000000        0x0 build/main.o
 .data          0x00000000        0x0 build/main.o
 .bss           0x00000000        0x0 build/main.o
 .text.Error_Handler
                0x00000000        0x4 build/main.o
 .text          0x00000000        0x0 build/freertos.o
 .data          0x00000000        0x0 build/freertos.o
 .bss           0x00000000        0x0 build/freertos.o
 .debug_info    0x00000000       0xa2 build/freertos.o
 .debug_abbrev  0x00000000       0x4b build/freertos.o
 .debug_aranges
                0x00000000       0x18 build/freertos.o
 .debug_line    0x00000000       0xf0 build/freertos.o
 .debug_str     0x00000000      0x1b5 build/freertos.o
 .comment       0x00000000       0x6f build/freertos.o
 .ARM.attributes
                0x00000000       0x39 build/freertos.o
 .text          0x00000000        0x0 build/stm32f3xx_it.o
 .data          0x00000000        0x0 build/stm32f3xx_it.o
 .bss           0x00000000        0x0 build/stm32f3xx_it.o
[...]
Memory Configuration

Name             Origin             Length             Attributes
RAM              0x20000000         0x00004000         xrw
FLASH            0x08000000         0x00010000         xr
*default*        0x00000000         0xffffffff

Linker script and memory map

LOAD d:/tool_chain/gcc-arm-none-eabi/5.4 2016q3/bin/../lib/gcc/arm-none-eabi/5.4.1/armv7e-m/fpu/crti.o
LOAD d:/tool_chain/gcc-arm-none-eabi/5.4 2016q3/bin/../lib/gcc/arm-none-eabi/5.4.1/armv7e-m/fpu/crtbegin.o
LOAD d:/tool_chain/gcc-arm-none-eabi/5.4 2016q3/bin/../lib/gcc/arm-none-eabi/5.4.1/../../../../arm-none-eabi/lib/armv7e-m/fpu/crt0.o
LOAD build/main.o
LOAD build/freertos.o
LOAD build/stm32f3xx_it.o
LOAD build/stm32f3xx_hal_msp.o
LOAD build/stm32f3xx_hal.o
LOAD build/stm32f3xx_hal_rcc.o
LOAD build/stm32f3xx_hal_rcc_ex.o
LOAD build/stm32f3xx_hal_gpio.o
LOAD build/stm32f3xx_hal_dma.o
LOAD build/stm32f3xx_hal_cortex.o
LOAD build/stm32f3xx_hal_pwr.o
LOAD build/stm32f3xx_hal_pwr_ex.o
LOAD build/stm32f3xx_hal_flash.o
LOAD build/stm32f3xx_hal_flash_ex.o
LOAD build/stm32f3xx_hal_i2c.o
LOAD build/stm32f3xx_hal_i2c_ex.o
LOAD build/stm32f3xx_hal_exti.o
LOAD build/stm32f3xx_hal_tim.o
LOAD build/stm32f3xx_hal_tim_ex.o
LOAD build/stm32f3xx_hal_uart.o
LOAD build/stm32f3xx_hal_uart_ex.o
LOAD build/system_stm32f3xx.o
LOAD build/croutine.o
LOAD build/event_groups.o
LOAD build/list.o
LOAD build/queue.o
LOAD build/stream_buffer.o
LOAD build/tasks.o
LOAD build/timers.o
LOAD build/cmsis_os2.o
LOAD build/heap_4.o
LOAD build/port.o
LOAD build/stm32f3xx_hal_timebase_tim.o
LOAD build/startup_stm32f302x8.o
LOAD d:/tool_chain/gcc-arm-none-eabi/5.4 2016q3/bin/../lib/gcc/arm-none-eabi/5.4.1/../../../../arm-none-eabi/lib/armv7e-m/fpu\libc_nano.a
LOAD d:/tool_chain/gcc-arm-none-eabi/5.4 2016q3/bin/../lib/gcc/arm-none-eabi/5.4.1/../../../../arm-none-eabi/lib/armv7e-m/fpu\libm.a
LOAD d:/tool_chain/gcc-arm-none-eabi/5.4 2016q3/bin/../lib/gcc/arm-none-eabi/5.4.1/../../../../arm-none-eabi/lib/armv7e-m/fpu\libnosys.a
START GROUP
LOAD d:/tool_chain/gcc-arm-none-eabi/5.4 2016q3/bin/../lib/gcc/arm-none-eabi/5.4.1/armv7e-m/fpu\libgcc.a
LOAD d:/tool_chain/gcc-arm-none-eabi/5.4 2016q3/bin/../lib/gcc/arm-none-eabi/5.4.1/../../../../arm-none-eabi/lib/armv7e-m/fpu\libc_nano.a
END GROUP
START GROUP
LOAD d:/tool_chain/gcc-arm-none-eabi/5.4 2016q3/bin/../lib/gcc/arm-none-eabi/5.4.1/armv7e-m/fpu\libgcc.a
LOAD d:/tool_chain/gcc-arm-none-eabi/5.4 2016q3/bin/../lib/gcc/arm-none-eabi/5.4.1/../../../../arm-none-eabi/lib/armv7e-m/fpu\libc_nano.a
END GROUP
LOAD d:/tool_chain/gcc-arm-none-eabi/5.4 2016q3/bin/../lib/gcc/arm-none-eabi/5.4.1/armv7e-m/fpu/crtend.o
LOAD d:/tool_chain/gcc-arm-none-eabi/5.4 2016q3/bin/../lib/gcc/arm-none-eabi/5.4.1/armv7e-m/fpu/crtn.o
                0x20004000                _estack = 0x20004000
                0x00000200                _Min_Heap_Size = 0x200
                0x00000400                _Min_Stack_Size = 0x400

.isr_vector     0x08000000      0x188
                0x08000000                . = ALIGN (0x4)
 *(.isr_vector)
 .isr_vector    0x08000000      0x188 build/startup_stm32f302x8.o
                0x08000000                g_pfnVectors
                0x08000188                . = ALIGN (0x4)

.text           0x08000190     0x34ac
                0x08000190                . = ALIGN (0x4)
 *(.text)
 .text          0x08000190       0x5c d:/tool_chain/gcc-arm-none-eabi/5.4 2016q3/bin/../lib/gcc/arm-none-eabi/5.4.1/armv7e-m/fpu/crtbegin.o
 *(.text*)
 .text.MX_GPIO_Init
                0x080001ec       0xa4 build/main.o
 .text.MX_USART2_UART_Init
                0x08000290       0x30 build/main.o
 .text.StartComUSBTask
                0x080002c0       0x30 build/main.o
                0x080002c0                StartComUSBTask
 .text.StartDefaultTask
                0x080002f0        0xc build/main.o
                0x080002f0                StartDefaultTask
 .text.StartTask02
                0x080002fc       0x18 build/main.o
                0x080002fc                StartTask02
 .text.SystemClock_Config
                0x08000314       0x50 build/main.o
                0x08000314                SystemClock_Config
 .text.main     0x08000364       0x6c build/main.o
                0x08000364                main
 .text.HAL_TIM_PeriodElapsedCallback
                0x080003d0       0x14 build/main.o
                0x080003d0                HAL_TIM_PeriodElapsedCallback
 .text.NMI_Handler
                0x080003e4        0x4 build/stm32f3xx_it.o
                0x080003e4                NMI_Handler
 .text.HardFault_Handler
                0x080003e8        0x4 build/stm32f3xx_it.o
                0x080003e8                HardFault_Handler
 .text.MemManage_Handler
                0x080003ec        0x4 build/stm32f3xx_it.o
                0x080003ec                MemManage_Handler
 .text.BusFault_Handler
                0x080003f0        0x4 build/stm32f3xx_it.o
                0x080003f0                BusFault_Handler
 .text.UsageFault_Handler
                0x080003f4        0x4 build/stm32f3xx_it.o
                0x080003f4                UsageFault_Handler
 .text.DebugMon_Handler
                0x080003f8        0x4 build/stm32f3xx_it.o
                0x080003f8                DebugMon_Handler
 .text.TIM1_UP_TIM16_IRQHandler
                0x080003fc       0x10 build/stm32f3xx_it.o
                0x080003fc                TIM1_UP_TIM16_IRQHandler
 .text.HAL_MspInit
                0x0800040c       0x40 build/stm32f3xx_hal_msp.o
                0x0800040c                HAL_MspInit
 .text.HAL_UART_MspInit
                0x0800044c       0x60 build/stm32f3xx_hal_msp.o
                0x0800044c                HAL_UART_MspInit
 .text.HAL_Init
                0x080004ac       0x24 build/stm32f3xx_hal.o
                0x080004ac                HAL_Init
 .text.HAL_IncTick
                0x080004d0       0x18 build/stm32f3xx_hal.o
                0x080004d0                HAL_IncTick
 .text.HAL_GetTick
                0x080004e8        0xc build/stm32f3xx_hal.o
                0x080004e8                HAL_GetTick
 .text.HAL_RCC_OscConfig
                0x080004f4      0x654 build/stm32f3xx_hal_rcc.o
                0x080004f4                HAL_RCC_OscConfig
 .text.HAL_RCC_GetSysClockFreq
                0x08000b48       0x70 build/stm32f3xx_hal_rcc.o
                0x08000b48                HAL_RCC_GetSysClockFreq
 .text.HAL_RCC_ClockConfig
                0x08000bb8      0x1ac build/stm32f3xx_hal_rcc.o
                0x08000bb8                HAL_RCC_ClockConfig
 .text.HAL_RCC_GetHCLKFreq
                0x08000d64        0xc build/stm32f3xx_hal_rcc.o
                0x08000d64                HAL_RCC_GetHCLKFreq
 .text.HAL_RCC_GetPCLK1Freq
                0x08000d70       0x30 build/stm32f3xx_hal_rcc.o
                0x08000d70                HAL_RCC_GetPCLK1Freq
 .text.HAL_RCC_GetPCLK2Freq
                0x08000da0       0x30 build/stm32f3xx_hal_rcc.o
                0x08000da0                HAL_RCC_GetPCLK2Freq
 .text.HAL_RCC_GetClockConfig
                0x08000dd0       0x3c build/stm32f3xx_hal_rcc.o
                0x08000dd0                HAL_RCC_GetClockConfig
 .text.HAL_GPIO_Init
                0x08000e0c      0x188 build/stm32f3xx_hal_gpio.o
                0x08000e0c                HAL_GPIO_Init
 .text.HAL_GPIO_WritePin
                0x08000f94        0xc build/stm32f3xx_hal_gpio.o
                0x08000f94                HAL_GPIO_WritePin
 .text.HAL_GPIO_TogglePin
                0x08000fa0       0x10 build/stm32f3xx_hal_gpio.o
                0x08000fa0                HAL_GPIO_TogglePin
 .text.HAL_NVIC_SetPriorityGrouping
                0x08000fb0       0x24 build/stm32f3xx_hal_cortex.o
                0x08000fb0                HAL_NVIC_SetPriorityGrouping
 .text.HAL_NVIC_SetPriority
                0x08000fd4       0x64 build/stm32f3xx_hal_cortex.o
                0x08000fd4                HAL_NVIC_SetPriority
 .text.HAL_NVIC_EnableIRQ
                0x08001038       0x1c build/stm32f3xx_hal_cortex.o
                0x08001038                HAL_NVIC_EnableIRQ
 .text.HAL_TIM_Base_MspInit
                0x08001054        0x4 build/stm32f3xx_hal_tim.o
                0x08001054                HAL_TIM_Base_MspInit
 .text.HAL_TIM_Base_Start_IT
                0x08001058       0x2c build/stm32f3xx_hal_tim.o
                0x08001058                HAL_TIM_Base_Start_IT
 .text.HAL_TIM_OC_DelayElapsedCallback
                0x08001084        0x4 build/stm32f3xx_hal_tim.o
                0x08001084                HAL_TIM_OC_DelayElapsedCallback
 .text.HAL_TIM_IC_CaptureCallback
                0x08001088        0x4 build/stm32f3xx_hal_tim.o
                0x08001088                HAL_TIM_IC_CaptureCallback
 .text.HAL_TIM_PWM_PulseFinishedCallback
                0x0800108c        0x4 build/stm32f3xx_hal_tim.o
                0x0800108c                HAL_TIM_PWM_PulseFinishedCallback
 .text.HAL_TIM_TriggerCallback
                0x08001090        0x4 build/stm32f3xx_hal_tim.o
                0x08001090                HAL_TIM_TriggerCallback
 .text.HAL_TIM_IRQHandler
                0x08001094      0x190 build/stm32f3xx_hal_tim.o
                0x08001094                HAL_TIM_IRQHandler
 .text.TIM_Base_SetConfig
                0x08001224       0x80 build/stm32f3xx_hal_tim.o
                0x08001224                TIM_Base_SetConfig
 .text.HAL_TIM_Base_Init
                0x080012a4       0x38 build/stm32f3xx_hal_tim.o
                0x080012a4                HAL_TIM_Base_Init
 .text.HAL_TIMEx_CommutCallback
                0x080012dc        0x4 build/stm32f3xx_hal_tim_ex.o
                0x080012dc                HAL_TIMEx_CommutCallback
 .text.HAL_TIMEx_BreakCallback
                0x080012e0        0x4 build/stm32f3xx_hal_tim_ex.o
                0x080012e0                HAL_TIMEx_BreakCallback
 .text.HAL_TIMEx_Break2Callback
                0x080012e4        0x4 build/stm32f3xx_hal_tim_ex.o
                0x080012e4                HAL_TIMEx_Break2Callback
 .text.UART_SetConfig
                0x080012e8      0x1d8 build/stm32f3xx_hal_uart.o
                0x080012e8                UART_SetConfig
 .text.UART_AdvFeatureConfig
                0x080014c0       0xc8 build/stm32f3xx_hal_uart.o
                0x080014c0                UART_AdvFeatureConfig
 .text.UART_WaitOnFlagUntilTimeout
                0x08001588       0xa4 build/stm32f3xx_hal_uart.o
                0x08001588                UART_WaitOnFlagUntilTimeout
 .text.HAL_UART_Transmit
                0x0800162c       0xdc build/stm32f3xx_hal_uart.o
                0x0800162c                HAL_UART_Transmit
 .text.UART_CheckIdleState
                0x08001708       0x68 build/stm32f3xx_hal_uart.o
                0x08001708                UART_CheckIdleState
 .text.HAL_UART_Init
                0x08001770       0x60 build/stm32f3xx_hal_uart.o
                0x08001770                HAL_UART_Init
 .text.SystemInit
                0x080017d0       0x1c build/system_stm32f3xx.o
                0x080017d0                SystemInit
 .text.vListInitialise
                0x080017ec       0x18 build/list.o
                0x080017ec                vListInitialise
 .text.vListInitialiseItem
                0x08001804        0x8 build/list.o
                0x08001804                vListInitialiseItem
 .text.vListInsertEnd
                0x0800180c       0x18 build/list.o
                0x0800180c                vListInsertEnd
 .text.vListInsert
                0x08001824       0x34 build/list.o
                0x08001824                vListInsert
 .text.uxListRemove
                0x08001858       0x28 build/list.o
                0x08001858                uxListRemove
 .text.prvIsQueueFull
                0x08001880       0x20 build/queue.o
 .text.prvIsQueueEmpty
                0x080018a0       0x1c build/queue.o
 .text.prvCopyDataToQueue
                0x080018bc       0x78 build/queue.o
 .text.prvCopyDataFromQueue
                0x08001934       0x24 build/queue.o
 .text.prvUnlockQueue
                0x08001958       0x68 build/queue.o
 .text.xQueueGenericReset
                0x080019c0       0x80 build/queue.o
                0x080019c0                xQueueGenericReset
 .text.prvInitialiseNewQueue
                0x08001a40       0x24 build/queue.o
 .text.xQueueGenericCreateStatic
                0x08001a64       0xac build/queue.o
                0x08001a64                xQueueGenericCreateStatic
 .text.xQueueGenericSend
                0x08001b10      0x190 build/queue.o
                0x08001b10                xQueueGenericSend
 .text.xQueueGenericSendFromISR
                0x08001ca0       0xe4 build/queue.o
                0x08001ca0                xQueueGenericSendFromISR
 .text.xQueueReceive
                0x08001d84      0x158 build/queue.o
                0x08001d84                xQueueReceive
 .text.vQueueAddToRegistry
                0x08001edc       0x28 build/queue.o
                0x08001edc                vQueueAddToRegistry
 .text.vQueueWaitForMessageRestricted
                0x08001f04       0x4c build/queue.o
                0x08001f04                vQueueWaitForMessageRestricted
 .text.prvResetNextTaskUnblockTime
                0x08001f50       0x34 build/tasks.o
 .text.prvInitialiseNewTask
                0x08001f84       0x90 build/tasks.o
 .text.prvInitialiseTaskLists
                0x08002014       0x68 build/tasks.o
 .text.prvAddNewTaskToReadyList
                0x0800207c       0xa8 build/tasks.o
 .text.prvDeleteTCB
                0x08002124       0x3c build/tasks.o
 .text.prvCheckTasksWaitingTermination
                0x08002160       0x44 build/tasks.o
 .text.prvIdleTask
                0x080021a4       0x28 build/tasks.o
 .text.prvAddCurrentTaskToDelayedList
                0x080021cc       0x7c build/tasks.o
 .text.xTaskCreateStatic
                0x08002248       0x7c build/tasks.o
                0x08002248                xTaskCreateStatic
 .text.xTaskCreate
                0x080022c4       0x68 build/tasks.o
                0x080022c4                xTaskCreate
 .text.vTaskStartScheduler
                0x0800232c       0x98 build/tasks.o
                0x0800232c                vTaskStartScheduler
 .text.vTaskSuspendAll
                0x080023c4       0x10 build/tasks.o
                0x080023c4                vTaskSuspendAll
 .text.xTaskGetTickCount
                0x080023d4        0xc build/tasks.o
                0x080023d4                xTaskGetTickCount
 .text.xTaskIncrementTick
                0x080023e0      0x124 build/tasks.o
                0x080023e0                xTaskIncrementTick
 .text.xTaskResumeAll
                0x08002504       0xf8 build/tasks.o
                0x08002504                xTaskResumeAll
 .text.vTaskDelay
                0x080025fc       0x50 build/tasks.o
                0x080025fc                vTaskDelay
 .text.vTaskSwitchContext
                0x0800264c       0x98 build/tasks.o
                0x0800264c                vTaskSwitchContext
 .text.vTaskPlaceOnEventList
                0x080026e4       0x30 build/tasks.o
                0x080026e4                vTaskPlaceOnEventList
 .text.vTaskPlaceOnEventListRestricted
                0x08002714       0x38 build/tasks.o
                0x08002714                vTaskPlaceOnEventListRestricted
 .text.xTaskRemoveFromEventList
                0x0800274c       0x8c build/tasks.o
                0x0800274c                xTaskRemoveFromEventList
 .text.vTaskInternalSetTimeOutState
                0x080027d8       0x18 build/tasks.o
                0x080027d8                vTaskInternalSetTimeOutState
 .text.xTaskCheckForTimeOut
                0x080027f0       0x80 build/tasks.o
                0x080027f0                xTaskCheckForTimeOut
 .text.vTaskMissedYield
                0x08002870        0xc build/tasks.o
                0x08002870                vTaskMissedYield
 .text.xTaskGetSchedulerState
                0x0800287c       0x20 build/tasks.o
                0x0800287c                xTaskGetSchedulerState
 .text.xTaskPriorityDisinherit
                0x0800289c       0x94 build/tasks.o
                0x0800289c                xTaskPriorityDisinherit
 .text.prvGetNextExpireTime
                0x08002930       0x20 build/timers.o
 .text.prvInsertTimerInActiveList
                0x08002950       0x48 build/timers.o
 .text.prvCheckForValidListAndQueue
                0x08002998       0x6c build/timers.o
 .text.xTimerCreateTimerTask
                0x08002a04       0x70 build/timers.o
                0x08002a04                xTimerCreateTimerTask
 .text.xTimerGenericCommand
                0x08002a74       0x6c build/timers.o
                0x08002a74                xTimerGenericCommand
 .text.prvSwitchTimerLists
                0x08002ae0       0x7c build/timers.o
 .text.prvSampleTimeNow
                0x08002b5c       0x2c build/timers.o
 .text.prvProcessExpiredTimer
                0x08002b88       0x5c build/timers.o
 .text.prvProcessTimerOrBlockTask
                0x08002be4       0x74 build/timers.o
 .text.prvProcessReceivedCommands
                0x08002c58       0xd0 build/timers.o
 .text.prvTimerTask
                0x08002d28       0x18 build/timers.o
 .text.osKernelInitialize
                0x08002d40       0x44 build/cmsis_os2.o
                0x08002d40                osKernelInitialize
 .text.osKernelStart
                0x08002d84       0x4c build/cmsis_os2.o
                0x08002d84                osKernelStart
 .text.osThreadNew
                0x08002dd0       0xe8 build/cmsis_os2.o
                0x08002dd0                osThreadNew
 .text.osDelay  0x08002eb8       0x40 build/cmsis_os2.o
                0x08002eb8                osDelay
 .text.vApplicationGetIdleTaskMemory
                0x08002ef8       0x18 build/cmsis_os2.o
                0x08002ef8                vApplicationGetIdleTaskMemory
 .text.vApplicationGetTimerTaskMemory
                0x08002f10       0x18 build/cmsis_os2.o
                0x08002f10                vApplicationGetTimerTaskMemory
 .text.prvHeapInit
                0x08002f28       0x64 build/heap_4.o
 .text.prvInsertBlockIntoFreeList
                0x08002f8c       0x58 build/heap_4.o
 .text.pvPortMalloc
                0x08002fe4      0x104 build/heap_4.o
                0x08002fe4                pvPortMalloc
 .text.vPortFree
                0x080030e8       0x78 build/heap_4.o
                0x080030e8                vPortFree
 .text.prvTaskExitError
                0x08003160       0x40 build/port.o
 .text.prvPortStartFirstTask
                0x080031a0       0x28 build/port.o
 .text.vPortEnableVFP
                0x080031c8       0x14 build/port.o
 .text.pxPortInitialiseStack
                0x080031dc       0x2c build/port.o
                0x080031dc                pxPortInitialiseStack
 *fill*         0x08003208        0x8 
 .text.SVC_Handler
                0x08003210       0x24 build/port.o
                0x08003210                SVC_Handler
 .text.vPortEnterCritical
                0x08003234       0x44 build/port.o
                0x08003234                vPortEnterCritical
 .text.vPortExitCritical
                0x08003278       0x2c build/port.o
                0x08003278                vPortExitCritical
 *fill*         0x080032a4        0xc 
 .text.PendSV_Handler
                0x080032b0       0x64 build/port.o
                0x080032b0                PendSV_Handler
 .text.SysTick_Handler
                0x08003314       0x2c build/port.o
                0x08003314                SysTick_Handler
 .text.vPortSetupTimerInterrupt
                0x08003340       0x38 build/port.o
                0x08003340                vPortSetupTimerInterrupt
 .text.xPortStartScheduler
                0x08003378      0x110 build/port.o
                0x08003378                xPortStartScheduler
 .text.vPortValidateInterruptPriority
                0x08003488       0x5c build/port.o
                0x08003488                vPortValidateInterruptPriority
 .text.HAL_InitTick
                0x080034e4       0x78 build/stm32f3xx_hal_timebase_tim.o
                0x080034e4                HAL_InitTick
 .text.Reset_Handler
                0x0800355c       0x50 build/startup_stm32f302x8.o
                0x0800355c                Reset_Handler
 .text.Default_Handler
                0x080035ac        0x2 build/startup_stm32f302x8.o
                0x080035ac                RTC_Alarm_IRQHandler
                0x080035ac                TIM1_CC_IRQHandler
                0x080035ac                USB_HP_IRQHandler
                0x080035ac                PVD_IRQHandler
                0x080035ac                TAMP_STAMP_IRQHandler
                0x080035ac                EXTI3_IRQHandler
                0x080035ac                I2C3_ER_IRQHandler
                0x080035ac                USB_HP_CAN_TX_IRQHandler
                0x080035ac                EXTI0_IRQHandler
                0x080035ac                I2C2_EV_IRQHandler
                0x080035ac                FPU_IRQHandler
                0x080035ac                CAN_SCE_IRQHandler
                0x080035ac                TIM6_DAC_IRQHandler
                0x080035ac                DMA1_Channel4_IRQHandler
                0x080035ac                ADC1_IRQHandler
                0x080035ac                USART3_IRQHandler
                0x080035ac                DMA1_Channel7_IRQHandler
                0x080035ac                CAN_RX1_IRQHandler
                0x080035ac                I2C1_EV_IRQHandler
                0x080035ac                DMA1_Channel6_IRQHandler
                0x080035ac                RCC_IRQHandler
                0x080035ac                DMA1_Channel1_IRQHandler
                0x080035ac                Default_Handler
                0x080035ac                USBWakeUp_RMP_IRQHandler
                0x080035ac                EXTI15_10_IRQHandler
                0x080035ac                COMP2_IRQHandler
                0x080035ac                I2C3_EV_IRQHandler
                0x080035ac                EXTI9_5_IRQHandler
                0x080035ac                RTC_WKUP_IRQHandler
                0x080035ac                SPI2_IRQHandler
                0x080035ac                USB_LP_CAN_RX0_IRQHandler
                0x080035ac                DMA1_Channel5_IRQHandler
                0x080035ac                USB_LP_IRQHandler
                0x080035ac                EXTI4_IRQHandler
                0x080035ac                TIM1_TRG_COM_TIM17_IRQHandler
                0x080035ac                DMA1_Channel3_IRQHandler
                0x080035ac                WWDG_IRQHandler
                0x080035ac                TIM2_IRQHandler
                0x080035ac                EXTI1_IRQHandler
                0x080035ac                COMP4_6_IRQHandler
                0x080035ac                USART2_IRQHandler
                0x080035ac                I2C2_ER_IRQHandler
                0x080035ac                DMA1_Channel2_IRQHandler
                0x080035ac                FLASH_IRQHandler
                0x080035ac                USART1_IRQHandler
                0x080035ac                SPI3_IRQHandler
                0x080035ac                I2C1_ER_IRQHandler
                0x080035ac                USBWakeUp_IRQHandler
                0x080035ac                EXTI2_TSC_IRQHandler
                0x080035ac                TIM1_BRK_TIM15_IRQHandler
 *fill*         0x080035ae        0x2 
 .text.__libc_init_array
                0x080035b0       0x4c d:/tool_chain/gcc-arm-none-eabi/5.4 2016q3/bin/../lib/gcc/arm-none-eabi/5.4.1/../../../../arm-none-eabi/lib/armv7e-m/fpu\libc_nano.a(lib_a-init.o)
                0x080035b0                __libc_init_array
 .text.memcpy   0x080035fc       0x16 d:/tool_chain/gcc-arm-none-eabi/5.4 2016q3/bin/../lib/gcc/arm-none-eabi/5.4.1/../../../../arm-none-eabi/lib/armv7e-m/fpu\libc_nano.a(lib_a-memcpy-stub.o)
                0x080035fc                memcpy
 .text.memset   0x08003612       0x10 d:/tool_chain/gcc-arm-none-eabi/5.4 2016q3/bin/../lib/gcc/arm-none-eabi/5.4.1/../../../../arm-none-eabi/lib/armv7e-m/fpu\libc_nano.a(lib_a-memset.o)
                0x08003612                memset
 *(.glue_7)
 .glue_7        0x08003622        0x0 linker stubs
 *(.glue_7t)
 .glue_7t       0x08003622        0x0 linker stubs
 *(.eh_frame)
 *fill*         0x08003622        0x2 
 .eh_frame      0x08003624        0x0 d:/tool_chain/gcc-arm-none-eabi/5.4 2016q3/bin/../lib/gcc/arm-none-eabi/5.4.1/armv7e-m/fpu/crtbegin.o
 *(.init)
 .init          0x08003624        0x4 d:/tool_chain/gcc-arm-none-eabi/5.4 2016q3/bin/../lib/gcc/arm-none-eabi/5.4.1/armv7e-m/fpu/crti.o
                0x08003624                _init
 .init          0x08003628        0x8 d:/tool_chain/gcc-arm-none-eabi/5.4 2016q3/bin/../lib/gcc/arm-none-eabi/5.4.1/armv7e-m/fpu/crtn.o
 *(.fini)
 .fini          0x08003630        0x4 d:/tool_chain/gcc-arm-none-eabi/5.4 2016q3/bin/../lib/gcc/arm-none-eabi/5.4.1/armv7e-m/fpu/crti.o
                0x08003630                _fini
 .fini          0x08003634        0x8 d:/tool_chain/gcc-arm-none-eabi/5.4 2016q3/bin/../lib/gcc/arm-none-eabi/5.4.1/armv7e-m/fpu/crtn.o
                0x0800363c                . = ALIGN (0x4)
                0x0800363c                _etext = .

.vfp11_veneer   0x0800363c        0x0
 .vfp11_veneer  0x0800363c        0x0 linker stubs

.v4_bx          0x0800363c        0x0
 .v4_bx         0x0800363c        0x0 linker stubs

.iplt           0x0800363c        0x0
 .iplt          0x0800363c        0x0 d:/tool_chain/gcc-arm-none-eabi/5.4 2016q3/bin/../lib/gcc/arm-none-eabi/5.4.1/armv7e-m/fpu/crtbegin.o

.rodata         0x0800363c       0xf0
                0x0800363c                . = ALIGN (0x4)
 *(.rodata)
 *(.rodata*)
 .rodata.defaultTask_attributes
                0x0800363c       0x24 build/main.o
                0x0800363c                defaultTask_attributes
 .rodata.blinkLEDTask_attributes
                0x08003660       0x24 build/main.o
                0x08003660                blinkLEDTask_attributes
 .rodata.str1.4
                0x08003684       0x34 build/main.o
 .rodata.comUSBTask_attributes
                0x080036b8       0x24 build/main.o
                0x080036b8                comUSBTask_attributes
 .rodata.aPredivFactorTable
                0x080036dc       0x10 build/stm32f3xx_hal_rcc.o
                0x080036dc                aPredivFactorTable
 .rodata.aPLLMULFactorTable
                0x080036ec       0x10 build/stm32f3xx_hal_rcc.o
                0x080036ec                aPLLMULFactorTable
 .rodata.AHBPrescTable
                0x080036fc       0x10 build/system_stm32f3xx.o
                0x080036fc                AHBPrescTable
 .rodata.APBPrescTable
                0x0800370c        0x8 build/system_stm32f3xx.o
                0x0800370c                APBPrescTable
 .rodata.str1.4
                0x08003714        0x5 build/tasks.o
 *fill*         0x08003719        0x3 
 .rodata.str1.4
                0x0800371c       0x10 build/timers.o
                0x0800372c                . = ALIGN (0x4)

.rel.dyn        0x0800372c        0x0
 .rel.iplt      0x0800372c        0x0 d:/tool_chain/gcc-arm-none-eabi/5.4 2016q3/bin/../lib/gcc/arm-none-eabi/5.4.1/armv7e-m/fpu/crtbegin.o

.ARM.extab
 *(.ARM.extab* .gnu.linkonce.armextab.*)

.ARM            0x0800372c        0x0
                0x0800372c                __exidx_start = .
 *(.ARM.exidx*)
                0x0800372c                __exidx_end = .

.preinit_array  0x0800372c        0x0
                0x0800372c                PROVIDE (__preinit_array_start, .)
 *(.preinit_array*)
                0x0800372c                PROVIDE (__preinit_array_end, .)

.init_array     0x0800372c        0x4
                0x0800372c                PROVIDE (__init_array_start, .)
 *(SORT(.init_array.*))
 *(.init_array*)
 .init_array    0x0800372c        0x4 d:/tool_chain/gcc-arm-none-eabi/5.4 2016q3/bin/../lib/gcc/arm-none-eabi/5.4.1/armv7e-m/fpu/crtbegin.o
                0x08003730                PROVIDE (__init_array_end, .)

.fini_array     0x08003730        0x4
                [!provide]                PROVIDE (__fini_array_start, .)
 *(SORT(.fini_array.*))
 *(.fini_array*)
 .fini_array    0x08003730        0x4 d:/tool_chain/gcc-arm-none-eabi/5.4 2016q3/bin/../lib/gcc/arm-none-eabi/5.4.1/armv7e-m/fpu/crtbegin.o
                [!provide]                PROVIDE (__fini_array_end, .)
                0x08003734                _sidata = LOADADDR (.data)

.data           0x20000000       0x10 load address 0x08003734
                0x20000000                . = ALIGN (0x4)
                0x20000000                _sdata = .
 *(.data)
 *(.data*)
 .data.uwTickPrio
                0x20000000        0x4 build/stm32f3xx_hal.o
                0x20000000                uwTickPrio
 .data.uwTickFreq
                0x20000004        0x1 build/stm32f3xx_hal.o
                0x20000004                uwTickFreq
 *fill*         0x20000005        0x3 
 .data.SystemCoreClock
                0x20000008        0x4 build/system_stm32f3xx.o
                0x20000008                SystemCoreClock
 .data.uxCriticalNesting
                0x2000000c        0x4 build/port.o
                0x20000010                . = ALIGN (0x4)
                0x20000010                _edata = .

.jcr            0x20000010        0x0 load address 0x08003744
 .jcr           0x20000010        0x0 d:/tool_chain/gcc-arm-none-eabi/5.4 2016q3/bin/../lib/gcc/arm-none-eabi/5.4.1/armv7e-m/fpu/crtbegin.o

.igot.plt       0x20000010        0x0 load address 0x08003744
 .igot.plt      0x20000010        0x0 d:/tool_chain/gcc-arm-none-eabi/5.4 2016q3/bin/../lib/gcc/arm-none-eabi/5.4.1/armv7e-m/fpu/crtbegin.o
                0x20000010                . = ALIGN (0x4)

.bss            0x20000010     0x1a30 load address 0x08003744
                0x20000010                _sbss = .
                0x20000010                __bss_start__ = _sbss
 *(.bss)
 .bss           0x20000010       0x1c d:/tool_chain/gcc-arm-none-eabi/5.4 2016q3/bin/../lib/gcc/arm-none-eabi/5.4.1/armv7e-m/fpu/crtbegin.o
 *(.bss*)
 .bss.pxDelayedTaskList
                0x2000002c        0x4 build/tasks.o
 .bss.xSchedulerRunning
                0x20000030        0x4 build/tasks.o
 .bss.xTasksWaitingTermination
                0x20000034       0x14 build/tasks.o
 .bss.pxOverflowDelayedTaskList
                0x20000048        0x4 build/tasks.o
 .bss.uxPendedTicks
                0x2000004c        0x4 build/tasks.o
 .bss.pxReadyTasksLists
                0x20000050      0x460 build/tasks.o
 .bss.uxSchedulerSuspended
                0x200004b0        0x4 build/tasks.o
 .bss.uxDeletedTasksWaitingCleanUp
                0x200004b4        0x4 build/tasks.o
 .bss.uxCurrentNumberOfTasks
                0x200004b8        0x4 build/tasks.o
 .bss.pxCurrentTCB
                0x200004bc        0x4 build/tasks.o
                0x200004bc                pxCurrentTCB
 .bss.xPendingReadyList
                0x200004c0       0x14 build/tasks.o
 .bss.xNumOfOverflows
                0x200004d4        0x4 build/tasks.o
 .bss.xTickCount
                0x200004d8        0x4 build/tasks.o
 .bss.xNextTaskUnblockTime
                0x200004dc        0x4 build/tasks.o
 .bss.uxTaskNumber
                0x200004e0        0x4 build/tasks.o
 .bss.xDelayedTaskList1
                0x200004e4       0x14 build/tasks.o
 .bss.xDelayedTaskList2
                0x200004f8       0x14 build/tasks.o
 .bss.xSuspendedTaskList
                0x2000050c       0x14 build/tasks.o
 .bss.uxTopReadyPriority
                0x20000520        0x4 build/tasks.o
 .bss.xYieldPending
                0x20000524        0x4 build/tasks.o
 .bss.pxCurrentTimerList
                0x20000528        0x4 build/timers.o
 .bss.xActiveTimerList1
                0x2000052c       0x14 build/timers.o
 .bss.xActiveTimerList2
                0x20000540       0x14 build/timers.o
 .bss.xLastTime.5506
                0x20000554        0x4 build/timers.o
 .bss.ucStaticTimerQueueStorage.5557
                0x20000558       0xa0 build/timers.o
 .bss.xStaticTimerQueue.5556
                0x200005f8       0x50 build/timers.o
 .bss.xTimerQueue
                0x20000648        0x4 build/timers.o
 .bss.pxOverflowTimerList
                0x2000064c        0x4 build/timers.o
 .bss.xTimerTaskHandle
                0x20000650        0x4 build/timers.o
 .bss.Idle_Stack
                0x20000654      0x200 build/cmsis_os2.o
 .bss.Idle_TCB  0x20000854       0x5c build/cmsis_os2.o
 .bss.Timer_Stack
                0x200008b0      0x400 build/cmsis_os2.o
 .bss.KernelState
                0x20000cb0        0x4 build/cmsis_os2.o
 .bss.Timer_TCB
                0x20000cb4       0x5c build/cmsis_os2.o
 .bss.xFreeBytesRemaining
                0x20000d10        0x4 build/heap_4.o
 .bss.pxEnd     0x20000d14        0x4 build/heap_4.o
 .bss.xStart    0x20000d18        0x8 build/heap_4.o
 .bss.ucHeap    0x20000d20      0xc00 build/heap_4.o
 .bss.xBlockAllocatedBit
                0x20001920        0x4 build/heap_4.o
 .bss.xMinimumEverFreeBytesRemaining
                0x20001924        0x4 build/heap_4.o
 .bss.ucMaxSysCallPriority
                0x20001928        0x1 build/port.o
 *fill*         0x20001929        0x3 
 .bss.ulMaxPRIGROUPValue
                0x2000192c        0x4 build/port.o
 *(COMMON)
 COMMON         0x20001930       0x8c build/main.o
                0x20001930                defaultTaskHandle
                0x20001934                blinkLEDTaskHandle
                0x20001938                huart2
                0x200019b8                comUSBTaskHandle
 COMMON         0x200019bc        0x4 build/stm32f3xx_hal.o
                0x200019bc                uwTick
 COMMON         0x200019c0       0x40 build/queue.o
                0x200019c0                xQueueRegistry
 COMMON         0x20001a00       0x40 build/stm32f3xx_hal_timebase_tim.o
                0x20001a00                htim1
                0x20001a40                . = ALIGN (0x4)
                0x20001a40                _ebss = .
                0x20001a40                __bss_end__ = _ebss

._user_heap_stack
                0x20001a40      0x600 load address 0x08003744
                0x20001a40                . = ALIGN (0x8)
                [!provide]                PROVIDE (end, .)
                [!provide]                PROVIDE (_end, .)
                0x20001c40                . = (. + _Min_Heap_Size)
 *fill*         0x20001a40      0x200 
                0x20002040                . = (. + _Min_Stack_Size)
 *fill*         0x20001c40      0x400 
                0x20002040                . = ALIGN (0x8)

/DISCARD/
 libc.a(*)
 libm.a(*)
 libgcc.a(*)

.ARM.attributes
                0x00000000       0x30
 *(.ARM.attributes)
 .ARM.attributes
                0x00000000       0x22 d:/tool_chain/gcc-arm-none-eabi/5.4 2016q3/bin/../lib/gcc/arm-none-eabi/5.4.1/armv7e-m/fpu/crti.o
 .ARM.attributes
                0x00000022       0x34 d:/tool_chain/gcc-arm-none-eabi/5.4 2016q3/bin/../lib/gcc/arm-none-eabi/5.4.1/armv7e-m/fpu/crtbegin.o
 .ARM.attributes
                0x00000056       0x39 build/main.o
 .ARM.attributes
                0x0000008f       0x39 build/stm32f3xx_it.o
 .ARM.attributes
                0x000000c8       0x39 build/stm32f3xx_hal_msp.o
 .ARM.attributes
                0x00000101       0x39 build/stm32f3xx_hal.o
 .ARM.attributes
                0x0000013a       0x39 build/stm32f3xx_hal_rcc.o
 .ARM.attributes
                0x00000173       0x39 build/stm32f3xx_hal_gpio.o
 .ARM.attributes
                0x000001ac       0x39 build/stm32f3xx_hal_cortex.o
 .ARM.attributes
                0x000001e5       0x39 build/stm32f3xx_hal_tim.o
 .ARM.attributes
                0x0000021e       0x39 build/stm32f3xx_hal_tim_ex.o
 .ARM.attributes
                0x00000257       0x39 build/stm32f3xx_hal_uart.o
 .ARM.attributes
                0x00000290       0x39 build/system_stm32f3xx.o
 .ARM.attributes
                0x000002c9       0x39 build/list.o
 .ARM.attributes
                0x00000302       0x39 build/queue.o
 .ARM.attributes
                0x0000033b       0x39 build/tasks.o
 .ARM.attributes
                0x00000374       0x39 build/timers.o
 .ARM.attributes
                0x000003ad       0x39 build/cmsis_os2.o
 .ARM.attributes
                0x000003e6       0x39 build/heap_4.o
 .ARM.attributes
                0x0000041f       0x39 build/port.o
 .ARM.attributes
                0x00000458       0x39 build/stm32f3xx_hal_timebase_tim.o
 .ARM.attributes
                0x00000491       0x21 build/startup_stm32f302x8.o
 .ARM.attributes
                0x000004b2       0x34 d:/tool_chain/gcc-arm-none-eabi/5.4 2016q3/bin/../lib/gcc/arm-none-eabi/5.4.1/../../../../arm-none-eabi/lib/armv7e-m/fpu\libc_nano.a(lib_a-init.o)
 .ARM.attributes
                0x000004e6       0x34 d:/tool_chain/gcc-arm-none-eabi/5.4 2016q3/bin/../lib/gcc/arm-none-eabi/5.4.1/../../../../arm-none-eabi/lib/armv7e-m/fpu\libc_nano.a(lib_a-memcpy-stub.o)
 .ARM.attributes
                0x0000051a       0x34 d:/tool_chain/gcc-arm-none-eabi/5.4 2016q3/bin/../lib/gcc/arm-none-eabi/5.4.1/../../../../arm-none-eabi/lib/armv7e-m/fpu\libc_nano.a(lib_a-memset.o)
 .ARM.attributes
                0x0000054e       0x22 d:/tool_chain/gcc-arm-none-eabi/5.4 2016q3/bin/../lib/gcc/arm-none-eabi/5.4.1/armv7e-m/fpu/crtn.o
OUTPUT(build/BasicFW.elf elf32-littlearm)

.debug_info     0x00000000    0x18d2e
 .debug_info    0x00000000     0x13e4 build/main.o
 .debug_info    0x000013e4      0x6b1 build/stm32f3xx_it.o
 .debug_info    0x00001a95      0xb39 build/stm32f3xx_hal_msp.o
 .debug_info    0x000025ce      0x871 build/stm32f3xx_hal.o
 .debug_info    0x00002e3f     0x14f6 build/stm32f3xx_hal_rcc.o
 .debug_info    0x00004335      0x6cf build/stm32f3xx_hal_gpio.o
 .debug_info    0x00004a04      0xd04 build/stm32f3xx_hal_cortex.o
 .debug_info    0x00005708     0x363b build/stm32f3xx_hal_tim.o
 .debug_info    0x00008d43     0x1627 build/stm32f3xx_hal_tim_ex.o
 .debug_info    0x0000a36a     0x1ca3 build/stm32f3xx_hal_uart.o
 .debug_info    0x0000c00d      0x44f build/system_stm32f3xx.o
 .debug_info    0x0000c45c      0x2d5 build/list.o
 .debug_info    0x0000c731     0x2588 build/queue.o
 .debug_info    0x0000ecb9     0x2dd9 build/tasks.o
 .debug_info    0x00011a92     0x187b build/timers.o
 .debug_info    0x0001330d     0x4546 build/cmsis_os2.o
 .debug_info    0x00017853      0x46f build/heap_4.o
 .debug_info    0x00017cc2      0x5ae build/port.o
 .debug_info    0x00018270      0xa54 build/stm32f3xx_hal_timebase_tim.o
 .debug_info    0x00018cc4       0x6a build/startup_stm32f302x8.o

.debug_abbrev   0x00000000     0x2c7c
 .debug_abbrev  0x00000000      0x27f build/main.o
 .debug_abbrev  0x0000027f      0x188 build/stm32f3xx_it.o
 .debug_abbrev  0x00000407      0x194 build/stm32f3xx_hal_msp.o
 .debug_abbrev  0x0000059b      0x1dd build/stm32f3xx_hal.o
 .debug_abbrev  0x00000778      0x2de build/stm32f3xx_hal_rcc.o
 .debug_abbrev  0x00000a56      0x208 build/stm32f3xx_hal_gpio.o
 .debug_abbrev  0x00000c5e      0x2ee build/stm32f3xx_hal_cortex.o
 .debug_abbrev  0x00000f4c      0x258 build/stm32f3xx_hal_tim.o
 .debug_abbrev  0x000011a4      0x251 build/stm32f3xx_hal_tim_ex.o
 .debug_abbrev  0x000013f5      0x25d build/stm32f3xx_hal_uart.o
 .debug_abbrev  0x00001652      0x103 build/system_stm32f3xx.o
 .debug_abbrev  0x00001755       0xff build/list.o
 .debug_abbrev  0x00001854      0x377 build/queue.o
 .debug_abbrev  0x00001bcb      0x354 build/tasks.o
 .debug_abbrev  0x00001f1f      0x33e build/timers.o
 .debug_abbrev  0x0000225d      0x3cc build/cmsis_os2.o
 .debug_abbrev  0x00002629      0x216 build/heap_4.o
 .debug_abbrev  0x0000283f      0x257 build/port.o
 .debug_abbrev  0x00002a96      0x1d4 build/stm32f3xx_hal_timebase_tim.o
 .debug_abbrev  0x00002c6a       0x12 build/startup_stm32f302x8.o

.debug_loc      0x00000000    0x12f5a
 .debug_loc     0x00000000      0x1c1 build/main.o
 .debug_loc     0x000001c1       0x20 build/stm32f3xx_it.o
 .debug_loc     0x000001e1       0xd2 build/stm32f3xx_hal_msp.o
 .debug_loc     0x000002b3      0x1bb build/stm32f3xx_hal.o
 .debug_loc     0x0000046e      0xb77 build/stm32f3xx_hal_rcc.o
 .debug_loc     0x00000fe5      0x37b build/stm32f3xx_hal_gpio.o
 .debug_loc     0x00001360      0x59f build/stm32f3xx_hal_cortex.o
 .debug_loc     0x000018ff     0x4760 build/stm32f3xx_hal_tim.o
 .debug_loc     0x0000605f     0x1832 build/stm32f3xx_hal_tim_ex.o
 .debug_loc     0x00007891     0x1b51 build/stm32f3xx_hal_uart.o
 .debug_loc     0x000093e2       0xff build/system_stm32f3xx.o
 .debug_loc     0x000094e1       0x91 build/list.o
 .debug_loc     0x00009572     0x197c build/queue.o
 .debug_loc     0x0000aeee     0x21cf build/tasks.o
 .debug_loc     0x0000d0bd      0xf77 build/timers.o
 .debug_loc     0x0000e034     0x49e6 build/cmsis_os2.o
 .debug_loc     0x00012a1a      0x32f build/heap_4.o
 .debug_loc     0x00012d49      0x160 build/port.o
 .debug_loc     0x00012ea9       0xb1 build/stm32f3xx_hal_timebase_tim.o

.debug_aranges  0x00000000     0x1250
 .debug_aranges
                0x00000000       0x60 build/main.o
 .debug_aranges
                0x00000060       0x50 build/stm32f3xx_it.o
 .debug_aranges
                0x000000b0       0x30 build/stm32f3xx_hal_msp.o
 .debug_aranges
                0x000000e0       0xe0 build/stm32f3xx_hal.o
 .debug_aranges
                0x000001c0       0x88 build/stm32f3xx_hal_rcc.o
 .debug_aranges
                0x00000248       0x58 build/stm32f3xx_hal_gpio.o
 .debug_aranges
                0x000002a0       0x90 build/stm32f3xx_hal_cortex.o
 .debug_aranges
                0x00000330      0x3c8 build/stm32f3xx_hal_tim.o
 .debug_aranges
                0x000006f8      0x160 build/stm32f3xx_hal_tim_ex.o
 .debug_aranges
                0x00000858      0x210 build/stm32f3xx_hal_uart.o
 .debug_aranges
                0x00000a68       0x28 build/system_stm32f3xx.o
 .debug_aranges
                0x00000a90       0x40 build/list.o
 .debug_aranges
                0x00000ad0      0x158 build/queue.o
 .debug_aranges
                0x00000c28      0x1f8 build/tasks.o
 .debug_aranges
                0x00000e20       0xe0 build/timers.o
 .debug_aranges
                0x00000f00      0x228 build/cmsis_os2.o
 .debug_aranges
                0x00001128       0x50 build/heap_4.o
 .debug_aranges
                0x00001178       0x80 build/port.o
 .debug_aranges
                0x000011f8       0x30 build/stm32f3xx_hal_timebase_tim.o
 .debug_aranges
                0x00001228       0x28 build/startup_stm32f302x8.o

.debug_ranges   0x00000000     0x11e8
 .debug_ranges  0x00000000       0x50 build/main.o
 .debug_ranges  0x00000050       0x40 build/stm32f3xx_it.o
 .debug_ranges  0x00000090       0x20 build/stm32f3xx_hal_msp.o
 .debug_ranges  0x000000b0       0xd0 build/stm32f3xx_hal.o
 .debug_ranges  0x00000180       0x90 build/stm32f3xx_hal_rcc.o
 .debug_ranges  0x00000210       0x48 build/stm32f3xx_hal_gpio.o
 .debug_ranges  0x00000258       0x80 build/stm32f3xx_hal_cortex.o
 .debug_ranges  0x000002d8      0x3b8 build/stm32f3xx_hal_tim.o
 .debug_ranges  0x00000690      0x150 build/stm32f3xx_hal_tim_ex.o
 .debug_ranges  0x000007e0      0x200 build/stm32f3xx_hal_uart.o
 .debug_ranges  0x000009e0       0x18 build/system_stm32f3xx.o
 .debug_ranges  0x000009f8       0x30 build/list.o
 .debug_ranges  0x00000a28      0x190 build/queue.o
 .debug_ranges  0x00000bb8      0x240 build/tasks.o
 .debug_ranges  0x00000df8       0xe8 build/timers.o
 .debug_ranges  0x00000ee0      0x218 build/cmsis_os2.o
 .debug_ranges  0x000010f8       0x40 build/heap_4.o
 .debug_ranges  0x00001138       0x70 build/port.o
 .debug_ranges  0x000011a8       0x20 build/stm32f3xx_hal_timebase_tim.o
 .debug_ranges  0x000011c8       0x20 build/startup_stm32f302x8.o

.debug_line     0x00000000     0x8192
 .debug_line    0x00000000      0x323 build/main.o
 .debug_line    0x00000323      0x219 build/stm32f3xx_it.o
 .debug_line    0x0000053c      0x21f build/stm32f3xx_hal_msp.o
 .debug_line    0x0000075b      0x3ad build/stm32f3xx_hal.o
 .debug_line    0x00000b08      0x732 build/stm32f3xx_hal_rcc.o
 .debug_line    0x0000123a      0x2f2 build/stm32f3xx_hal_gpio.o
 .debug_line    0x0000152c      0x322 build/stm32f3xx_hal_cortex.o
 .debug_line    0x0000184e     0x14dd build/stm32f3xx_hal_tim.o
 .debug_line    0x00002d2b      0x874 build/stm32f3xx_hal_tim_ex.o
 .debug_line    0x0000359f      0xcc3 build/stm32f3xx_hal_uart.o
 .debug_line    0x00004262      0x179 build/system_stm32f3xx.o
 .debug_line    0x000043db      0x201 build/list.o
 .debug_line    0x000045dc      0xa6b build/queue.o
 .debug_line    0x00005047      0xe53 build/tasks.o
 .debug_line    0x00005e9a      0x575 build/timers.o
 .debug_line    0x0000640f     0x14c1 build/cmsis_os2.o
 .debug_line    0x000078d0      0x30c build/heap_4.o
 .debug_line    0x00007bdc      0x31d build/port.o
 .debug_line    0x00007ef9      0x226 build/stm32f3xx_hal_timebase_tim.o
 .debug_line    0x0000811f       0x73 build/startup_stm32f302x8.o

.debug_str      0x00000000     0x6482
 .debug_str     0x00000000      0xf80 build/main.o
                               0x103c (size before relaxing)
 .debug_str     0x00000f80       0xaa build/stm32f3xx_it.o
                                0x658 (size before relaxing)
 .debug_str     0x0000102a      0x3c1 build/stm32f3xx_hal_msp.o
                                0xa33 (size before relaxing)
 .debug_str     0x000013eb      0x329 build/stm32f3xx_hal.o
                                0x8f2 (size before relaxing)
 .debug_str     0x00001714      0x215 build/stm32f3xx_hal_rcc.o
                                0x6a8 (size before relaxing)
 .debug_str     0x00001929      0x118 build/stm32f3xx_hal_gpio.o
                                0x464 (size before relaxing)
 .debug_str     0x00001a41      0x3af build/stm32f3xx_hal_cortex.o
                                0x96d (size before relaxing)
 .debug_str     0x00001df0      0xea4 build/stm32f3xx_hal_tim.o
                               0x152f (size before relaxing)
 .debug_str     0x00002c94      0x5a3 build/stm32f3xx_hal_tim_ex.o
                                0xd35 (size before relaxing)
 .debug_str     0x00003237      0x71c build/stm32f3xx_hal_uart.o
                                0xe52 (size before relaxing)
 .debug_str     0x00003953       0x57 build/system_stm32f3xx.o
                                0x2fb (size before relaxing)
 .debug_str     0x000039aa      0x14d build/list.o
                                0x309 (size before relaxing)
 .debug_str     0x00003af7      0x9a8 build/queue.o
                                0xc76 (size before relaxing)
 .debug_str     0x0000449f      0xc4b build/tasks.o
                               0x1283 (size before relaxing)
 .debug_str     0x000050ea      0x5a9 build/timers.o
                                0xbfa (size before relaxing)
 .debug_str     0x00005693      0xa46 build/cmsis_os2.o
                               0x18ee (size before relaxing)
 .debug_str     0x000060d9      0x1d5 build/heap_4.o
                                0x3f2 (size before relaxing)
 .debug_str     0x000062ae      0x18d build/port.o
                                0x485 (size before relaxing)
 .debug_str     0x0000643b       0x47 build/stm32f3xx_hal_timebase_tim.o
                                0xaeb (size before relaxing)

.comment        0x00000000       0x6e
 .comment       0x00000000       0x6e build/main.o
                                 0x6f (size before relaxing)
 .comment       0x0000006e       0x6f build/stm32f3xx_it.o
 .comment       0x0000006e       0x6f build/stm32f3xx_hal_msp.o
 .comment       0x0000006e       0x6f build/stm32f3xx_hal.o
 .comment       0x0000006e       0x6f build/stm32f3xx_hal_rcc.o
 .comment       0x0000006e       0x6f build/stm32f3xx_hal_gpio.o
 .comment       0x0000006e       0x6f build/stm32f3xx_hal_cortex.o
 .comment       0x0000006e       0x6f build/stm32f3xx_hal_tim.o
 .comment       0x0000006e       0x6f build/stm32f3xx_hal_tim_ex.o
 .comment       0x0000006e       0x6f build/stm32f3xx_hal_uart.o
 .comment       0x0000006e       0x6f build/system_stm32f3xx.o
 .comment       0x0000006e       0x6f build/list.o
 .comment       0x0000006e       0x6f build/queue.o
 .comment       0x0000006e       0x6f build/tasks.o
 .comment       0x0000006e       0x6f build/timers.o
 .comment       0x0000006e       0x6f build/cmsis_os2.o
 .comment       0x0000006e       0x6f build/heap_4.o
 .comment       0x0000006e       0x6f build/port.o
 .comment       0x0000006e       0x6f build/stm32f3xx_hal_timebase_tim.o

.debug_frame    0x00000000     0x3910
 .debug_frame   0x00000000      0x114 build/main.o
 .debug_frame   0x00000114       0x8c build/stm32f3xx_it.o
 .debug_frame   0x000001a0       0x64 build/stm32f3xx_hal_msp.o
 .debug_frame   0x00000204      0x1e0 build/stm32f3xx_hal.o
 .debug_frame   0x000003e4      0x19c build/stm32f3xx_hal_rcc.o
 .debug_frame   0x00000580       0xd4 build/stm32f3xx_hal_gpio.o
 .debug_frame   0x00000654      0x134 build/stm32f3xx_hal_cortex.o
 .debug_frame   0x00000788      0xc64 build/stm32f3xx_hal_tim.o
 .debug_frame   0x000013ec      0x4b4 build/stm32f3xx_hal_tim_ex.o
 .debug_frame   0x000018a0      0x670 build/stm32f3xx_hal_uart.o
 .debug_frame   0x00001f10       0x30 build/system_stm32f3xx.o
 .debug_frame   0x00001f40       0x70 build/list.o
 .debug_frame   0x00001fb0      0x490 build/queue.o
 .debug_frame   0x00002440      0x720 build/tasks.o
 .debug_frame   0x00002b60      0x2f0 build/timers.o
 .debug_frame   0x00002e50      0x844 build/cmsis_os2.o
 .debug_frame   0x00003694       0xb8 build/heap_4.o
 .debug_frame   0x0000374c      0x104 build/port.o
 .debug_frame   0x00003850       0x4c build/stm32f3xx_hal_timebase_tim.o
 .debug_frame   0x0000389c       0x2c d:/tool_chain/gcc-arm-none-eabi/5.4 2016q3/bin/../lib/gcc/arm-none-eabi/5.4.1/../../../../arm-none-eabi/lib/armv7e-m/fpu\libc_nano.a(lib_a-init.o)
 .debug_frame   0x000038c8       0x28 d:/tool_chain/gcc-arm-none-eabi/5.4 2016q3/bin/../lib/gcc/arm-none-eabi/5.4.1/../../../../arm-none-eabi/lib/armv7e-m/fpu\libc_nano.a(lib_a-memcpy-stub.o)
 .debug_frame   0x000038f0       0x20 d:/tool_chain/gcc-arm-none-eabi/5.4 2016q3/bin/../lib/gcc/arm-none-eabi/5.4.1/../../../../arm-none-eabi/lib/armv7e-m/fpu\libc_nano.a(lib_a-memset.o)

Cross Reference Table

Symbol                                            File
ADC1_IRQHandler                                   build/startup_stm32f302x8.o
AHBPrescTable                                     build/system_stm32f3xx.o
                                                  build/stm32f3xx_hal_rcc.o
APBPrescTable                                     build/system_stm32f3xx.o
                                                  build/stm32f3xx_hal_rcc.o
BusFault_Handler                                  build/stm32f3xx_it.o
CAN_RX1_IRQHandler                                build/startup_stm32f302x8.o
CAN_SCE_IRQHandler                                build/startup_stm32f302x8.o
COMP2_IRQHandler                                  build/startup_stm32f302x8.o
COMP4_6_IRQHandler                                build/startup_stm32f302x8.o
DMA1_Channel1_IRQHandler                          build/startup_stm32f302x8.o
DMA1_Channel2_IRQHandler                          build/startup_stm32f302x8.o
DMA1_Channel3_IRQHandler                          build/startup_stm32f302x8.o
DMA1_Channel4_IRQHandler                          build/startup_stm32f302x8.o
DMA1_Channel5_IRQHandler                          build/startup_stm32f302x8.o
DMA1_Channel6_IRQHandler                          build/startup_stm32f302x8.o
DMA1_Channel7_IRQHandler                          build/startup_stm32f302x8.o
DebugMon_Handler                                  build/stm32f3xx_it.o
Default_Handler                                   build/startup_stm32f302x8.o
EXTI0_IRQHandler                                  build/startup_stm32f302x8.o
EXTI15_10_IRQHandler                              build/startup_stm32f302x8.o
EXTI1_IRQHandler                                  build/startup_stm32f302x8.o
EXTI2_TSC_IRQHandler                              build/startup_stm32f302x8.o
EXTI3_IRQHandler                                  build/startup_stm32f302x8.o
EXTI4_IRQHandler                                  build/startup_stm32f302x8.o
EXTI9_5_IRQHandler                                build/startup_stm32f302x8.o
Error_Handler                                     build/main.o
FLASH_IRQHandler                                  build/startup_stm32f302x8.o
FLASH_PageErase                                   build/stm32f3xx_hal_flash_ex.o
                                                  build/stm32f3xx_hal_flash.o
FLASH_WaitForLastOperation                        build/stm32f3xx_hal_flash.o
                                                  build/stm32f3xx_hal_flash_ex.o
FPU_IRQHandler                                    build/startup_stm32f302x8.o
HAL_DBGMCU_DisableDBGSleepMode                    build/stm32f3xx_hal.o
HAL_DBGMCU_DisableDBGStandbyMode                  build/stm32f3xx_hal.o
HAL_DBGMCU_DisableDBGStopMode                     build/stm32f3xx_hal.o
HAL_DBGMCU_EnableDBGSleepMode                     build/stm32f3xx_hal.o
HAL_DBGMCU_EnableDBGStandbyMode                   build/stm32f3xx_hal.o
HAL_DBGMCU_EnableDBGStopMode                      build/stm32f3xx_hal.o
HAL_DMA_Abort                                     build/stm32f3xx_hal_dma.o
                                                  build/stm32f3xx_hal_uart.o
HAL_DMA_Abort_IT                                  build/stm32f3xx_hal_dma.o
                                                  build/stm32f3xx_hal_uart.o
                                                  build/stm32f3xx_hal_tim_ex.o
                                                  build/stm32f3xx_hal_tim.o
                                                  build/stm32f3xx_hal_i2c.o
HAL_DMA_DeInit                                    build/stm32f3xx_hal_dma.o
HAL_DMA_GetError                                  build/stm32f3xx_hal_dma.o
                                                  build/stm32f3xx_hal_uart.o
HAL_DMA_GetState                                  build/stm32f3xx_hal_dma.o
HAL_DMA_IRQHandler                                build/stm32f3xx_hal_dma.o
HAL_DMA_Init                                      build/stm32f3xx_hal_dma.o
HAL_DMA_PollForTransfer                           build/stm32f3xx_hal_dma.o
HAL_DMA_RegisterCallback                          build/stm32f3xx_hal_dma.o
HAL_DMA_Start                                     build/stm32f3xx_hal_dma.o
HAL_DMA_Start_IT                                  build/stm32f3xx_hal_dma.o
                                                  build/stm32f3xx_hal_uart.o
                                                  build/stm32f3xx_hal_tim_ex.o
                                                  build/stm32f3xx_hal_tim.o
                                                  build/stm32f3xx_hal_i2c.o
HAL_DMA_UnRegisterCallback                        build/stm32f3xx_hal_dma.o
HAL_DeInit                                        build/stm32f3xx_hal.o
HAL_Delay                                         build/stm32f3xx_hal.o
HAL_EXTI_ClearConfigLine                          build/stm32f3xx_hal_exti.o
HAL_EXTI_ClearPending                             build/stm32f3xx_hal_exti.o
HAL_EXTI_GenerateSWI                              build/stm32f3xx_hal_exti.o
HAL_EXTI_GetConfigLine                            build/stm32f3xx_hal_exti.o
HAL_EXTI_GetHandle                                build/stm32f3xx_hal_exti.o
HAL_EXTI_GetPending                               build/stm32f3xx_hal_exti.o
HAL_EXTI_IRQHandler                               build/stm32f3xx_hal_exti.o
HAL_EXTI_RegisterCallback                         build/stm32f3xx_hal_exti.o
HAL_EXTI_SetConfigLine                            build/stm32f3xx_hal_exti.o
HAL_FLASHEx_Erase                                 build/stm32f3xx_hal_flash_ex.o
HAL_FLASHEx_Erase_IT                              build/stm32f3xx_hal_flash_ex.o
HAL_FLASHEx_OBErase                               build/stm32f3xx_hal_flash_ex.o
HAL_FLASHEx_OBGetConfig                           build/stm32f3xx_hal_flash_ex.o
HAL_FLASHEx_OBGetUserData                         build/stm32f3xx_hal_flash_ex.o
HAL_FLASHEx_OBProgram                             build/stm32f3xx_hal_flash_ex.o
HAL_FLASH_EndOfOperationCallback                  build/stm32f3xx_hal_flash.o
HAL_FLASH_GetError                                build/stm32f3xx_hal_flash.o
HAL_FLASH_IRQHandler                              build/stm32f3xx_hal_flash.o
HAL_FLASH_Lock                                    build/stm32f3xx_hal_flash.o
HAL_FLASH_OB_Launch                               build/stm32f3xx_hal_flash.o
HAL_FLASH_OB_Lock                                 build/stm32f3xx_hal_flash.o
HAL_FLASH_OB_Unlock                               build/stm32f3xx_hal_flash.o
HAL_FLASH_OperationErrorCallback                  build/stm32f3xx_hal_flash.o
HAL_FLASH_Program                                 build/stm32f3xx_hal_flash.o
HAL_FLASH_Program_IT                              build/stm32f3xx_hal_flash.o
HAL_FLASH_Unlock                                  build/stm32f3xx_hal_flash.o
HAL_GPIO_DeInit                                   build/stm32f3xx_hal_gpio.o
                                                  build/stm32f3xx_hal_msp.o
HAL_GPIO_EXTI_Callback                            build/stm32f3xx_hal_gpio.o
HAL_GPIO_EXTI_IRQHandler                          build/stm32f3xx_hal_gpio.o
HAL_GPIO_Init                                     build/stm32f3xx_hal_gpio.o
                                                  build/stm32f3xx_hal_rcc.o
                                                  build/stm32f3xx_hal_msp.o
                                                  build/main.o
HAL_GPIO_LockPin                                  build/stm32f3xx_hal_gpio.o
HAL_GPIO_ReadPin                                  build/stm32f3xx_hal_gpio.o
HAL_GPIO_TogglePin                                build/stm32f3xx_hal_gpio.o
                                                  build/main.o
HAL_GPIO_WritePin                                 build/stm32f3xx_hal_gpio.o
                                                  build/main.o
HAL_GetDEVID                                      build/stm32f3xx_hal.o
HAL_GetHalVersion                                 build/stm32f3xx_hal.o
HAL_GetREVID                                      build/stm32f3xx_hal.o
HAL_GetTick                                       build/stm32f3xx_hal.o
                                                  build/stm32f3xx_hal_uart_ex.o
                                                  build/stm32f3xx_hal_uart.o
                                                  build/stm32f3xx_hal_i2c.o
                                                  build/stm32f3xx_hal_flash.o
                                                  build/stm32f3xx_hal_dma.o
                                                  build/stm32f3xx_hal_rcc_ex.o
                                                  build/stm32f3xx_hal_rcc.o
HAL_GetTickFreq                                   build/stm32f3xx_hal.o
HAL_GetTickPrio                                   build/stm32f3xx_hal.o
HAL_GetUIDw0                                      build/stm32f3xx_hal.o
HAL_GetUIDw1                                      build/stm32f3xx_hal.o
HAL_GetUIDw2                                      build/stm32f3xx_hal.o
HAL_HalfDuplex_EnableReceiver                     build/stm32f3xx_hal_uart.o
HAL_HalfDuplex_EnableTransmitter                  build/stm32f3xx_hal_uart.o
HAL_HalfDuplex_Init                               build/stm32f3xx_hal_uart.o
HAL_I2CEx_ConfigAnalogFilter                      build/stm32f3xx_hal_i2c_ex.o
HAL_I2CEx_ConfigDigitalFilter                     build/stm32f3xx_hal_i2c_ex.o
HAL_I2CEx_DisableFastModePlus                     build/stm32f3xx_hal_i2c_ex.o
HAL_I2CEx_DisableWakeUp                           build/stm32f3xx_hal_i2c_ex.o
HAL_I2CEx_EnableFastModePlus                      build/stm32f3xx_hal_i2c_ex.o
HAL_I2CEx_EnableWakeUp                            build/stm32f3xx_hal_i2c_ex.o
HAL_I2C_AbortCpltCallback                         build/stm32f3xx_hal_i2c.o
HAL_I2C_AddrCallback                              build/stm32f3xx_hal_i2c.o
HAL_I2C_DeInit                                    build/stm32f3xx_hal_i2c.o
HAL_I2C_DisableListen_IT                          build/stm32f3xx_hal_i2c.o
HAL_I2C_ER_IRQHandler                             build/stm32f3xx_hal_i2c.o
HAL_I2C_EV_IRQHandler                             build/stm32f3xx_hal_i2c.o
HAL_I2C_EnableListen_IT                           build/stm32f3xx_hal_i2c.o
HAL_I2C_ErrorCallback                             build/stm32f3xx_hal_i2c.o
HAL_I2C_GetError                                  build/stm32f3xx_hal_i2c.o
HAL_I2C_GetMode                                   build/stm32f3xx_hal_i2c.o
HAL_I2C_GetState                                  build/stm32f3xx_hal_i2c.o
HAL_I2C_Init                                      build/stm32f3xx_hal_i2c.o
HAL_I2C_IsDeviceReady                             build/stm32f3xx_hal_i2c.o
HAL_I2C_ListenCpltCallback                        build/stm32f3xx_hal_i2c.o
HAL_I2C_MasterRxCpltCallback                      build/stm32f3xx_hal_i2c.o
HAL_I2C_MasterTxCpltCallback                      build/stm32f3xx_hal_i2c.o
HAL_I2C_Master_Abort_IT                           build/stm32f3xx_hal_i2c.o
HAL_I2C_Master_Receive                            build/stm32f3xx_hal_i2c.o
HAL_I2C_Master_Receive_DMA                        build/stm32f3xx_hal_i2c.o
HAL_I2C_Master_Receive_IT                         build/stm32f3xx_hal_i2c.o
HAL_I2C_Master_Seq_Receive_DMA                    build/stm32f3xx_hal_i2c.o
HAL_I2C_Master_Seq_Receive_IT                     build/stm32f3xx_hal_i2c.o
HAL_I2C_Master_Seq_Transmit_DMA                   build/stm32f3xx_hal_i2c.o
HAL_I2C_Master_Seq_Transmit_IT                    build/stm32f3xx_hal_i2c.o
HAL_I2C_Master_Transmit                           build/stm32f3xx_hal_i2c.o
HAL_I2C_Master_Transmit_DMA                       build/stm32f3xx_hal_i2c.o
HAL_I2C_Master_Transmit_IT                        build/stm32f3xx_hal_i2c.o
HAL_I2C_MemRxCpltCallback                         build/stm32f3xx_hal_i2c.o
HAL_I2C_MemTxCpltCallback                         build/stm32f3xx_hal_i2c.o
HAL_I2C_Mem_Read                                  build/stm32f3xx_hal_i2c.o
HAL_I2C_Mem_Read_DMA                              build/stm32f3xx_hal_i2c.o
HAL_I2C_Mem_Read_IT                               build/stm32f3xx_hal_i2c.o
HAL_I2C_Mem_Write                                 build/stm32f3xx_hal_i2c.o
HAL_I2C_Mem_Write_DMA                             build/stm32f3xx_hal_i2c.o
HAL_I2C_Mem_Write_IT                              build/stm32f3xx_hal_i2c.o
HAL_I2C_MspDeInit                                 build/stm32f3xx_hal_i2c.o
HAL_I2C_MspInit                                   build/stm32f3xx_hal_i2c.o
HAL_I2C_SlaveRxCpltCallback                       build/stm32f3xx_hal_i2c.o
HAL_I2C_SlaveTxCpltCallback                       build/stm32f3xx_hal_i2c.o
HAL_I2C_Slave_Receive                             build/stm32f3xx_hal_i2c.o
HAL_I2C_Slave_Receive_DMA                         build/stm32f3xx_hal_i2c.o
HAL_I2C_Slave_Receive_IT                          build/stm32f3xx_hal_i2c.o
HAL_I2C_Slave_Seq_Receive_DMA                     build/stm32f3xx_hal_i2c.o
HAL_I2C_Slave_Seq_Receive_IT                      build/stm32f3xx_hal_i2c.o
HAL_I2C_Slave_Seq_Transmit_DMA                    build/stm32f3xx_hal_i2c.o
HAL_I2C_Slave_Seq_Transmit_IT                     build/stm32f3xx_hal_i2c.o
HAL_I2C_Slave_Transmit                            build/stm32f3xx_hal_i2c.o
HAL_I2C_Slave_Transmit_DMA                        build/stm32f3xx_hal_i2c.o
HAL_I2C_Slave_Transmit_IT                         build/stm32f3xx_hal_i2c.o
HAL_IncTick                                       build/stm32f3xx_hal.o
                                                  build/main.o
HAL_Init                                          build/stm32f3xx_hal.o
                                                  build/main.o
HAL_InitTick                                      build/stm32f3xx_hal_timebase_tim.o
                                                  build/stm32f3xx_hal.o
                                                  build/stm32f3xx_hal_rcc.o
HAL_LIN_Init                                      build/stm32f3xx_hal_uart.o
HAL_LIN_SendBreak                                 build/stm32f3xx_hal_uart.o
HAL_MspDeInit                                     build/stm32f3xx_hal.o
HAL_MspInit                                       build/stm32f3xx_hal_msp.o
HAL_MultiProcessorEx_AddressLength_Set            build/stm32f3xx_hal_uart_ex.o
HAL_MultiProcessor_DisableMuteMode                build/stm32f3xx_hal_uart.o
HAL_MultiProcessor_EnableMuteMode                 build/stm32f3xx_hal_uart.o
HAL_MultiProcessor_EnterMuteMode                  build/stm32f3xx_hal_uart.o
HAL_MultiProcessor_Init                           build/stm32f3xx_hal_uart.o
HAL_NVIC_ClearPendingIRQ                          build/stm32f3xx_hal_cortex.o
HAL_NVIC_DisableIRQ                               build/stm32f3xx_hal_cortex.o
HAL_NVIC_EnableIRQ                                build/stm32f3xx_hal_cortex.o
                                                  build/stm32f3xx_hal_timebase_tim.o
HAL_NVIC_GetActive                                build/stm32f3xx_hal_cortex.o
HAL_NVIC_GetPendingIRQ                            build/stm32f3xx_hal_cortex.o
HAL_NVIC_GetPriority                              build/stm32f3xx_hal_cortex.o
HAL_NVIC_GetPriorityGrouping                      build/stm32f3xx_hal_cortex.o
HAL_NVIC_SetPendingIRQ                            build/stm32f3xx_hal_cortex.o
HAL_NVIC_SetPriority                              build/stm32f3xx_hal_cortex.o
                                                  build/stm32f3xx_hal_timebase_tim.o
                                                  build/stm32f3xx_hal.o
                                                  build/stm32f3xx_hal_msp.o
HAL_NVIC_SetPriorityGrouping                      build/stm32f3xx_hal_cortex.o
                                                  build/stm32f3xx_hal.o
HAL_NVIC_SystemReset                              build/stm32f3xx_hal_cortex.o
HAL_PWR_ConfigPVD                                 build/stm32f3xx_hal_pwr_ex.o
HAL_PWR_DeInit                                    build/stm32f3xx_hal_pwr.o
HAL_PWR_DisableBkUpAccess                         build/stm32f3xx_hal_pwr.o
HAL_PWR_DisablePVD                                build/stm32f3xx_hal_pwr_ex.o
HAL_PWR_DisableSEVOnPend                          build/stm32f3xx_hal_pwr.o
HAL_PWR_DisableSleepOnExit                        build/stm32f3xx_hal_pwr.o
HAL_PWR_DisableWakeUpPin                          build/stm32f3xx_hal_pwr.o
HAL_PWR_EnableBkUpAccess                          build/stm32f3xx_hal_pwr.o
HAL_PWR_EnablePVD                                 build/stm32f3xx_hal_pwr_ex.o
HAL_PWR_EnableSEVOnPend                           build/stm32f3xx_hal_pwr.o
HAL_PWR_EnableSleepOnExit                         build/stm32f3xx_hal_pwr.o
HAL_PWR_EnableWakeUpPin                           build/stm32f3xx_hal_pwr.o
HAL_PWR_EnterSLEEPMode                            build/stm32f3xx_hal_pwr.o
HAL_PWR_EnterSTANDBYMode                          build/stm32f3xx_hal_pwr.o
HAL_PWR_EnterSTOPMode                             build/stm32f3xx_hal_pwr.o
HAL_PWR_PVDCallback                               build/stm32f3xx_hal_pwr_ex.o
HAL_PWR_PVD_IRQHandler                            build/stm32f3xx_hal_pwr_ex.o
HAL_RCCEx_GetPeriphCLKConfig                      build/stm32f3xx_hal_rcc_ex.o
HAL_RCCEx_GetPeriphCLKFreq                        build/stm32f3xx_hal_rcc_ex.o
HAL_RCCEx_PeriphCLKConfig                         build/stm32f3xx_hal_rcc_ex.o
HAL_RCC_CSSCallback                               build/stm32f3xx_hal_rcc.o
HAL_RCC_ClockConfig                               build/stm32f3xx_hal_rcc.o
                                                  build/main.o
HAL_RCC_DeInit                                    build/stm32f3xx_hal_rcc.o
HAL_RCC_DisableCSS                                build/stm32f3xx_hal_rcc.o
HAL_RCC_EnableCSS                                 build/stm32f3xx_hal_rcc.o
HAL_RCC_GetClockConfig                            build/stm32f3xx_hal_rcc.o
                                                  build/stm32f3xx_hal_timebase_tim.o
HAL_RCC_GetHCLKFreq                               build/stm32f3xx_hal_rcc.o
HAL_RCC_GetOscConfig                              build/stm32f3xx_hal_rcc.o
HAL_RCC_GetPCLK1Freq                              build/stm32f3xx_hal_rcc.o
                                                  build/stm32f3xx_hal_uart.o
                                                  build/stm32f3xx_hal_rcc_ex.o
HAL_RCC_GetPCLK2Freq                              build/stm32f3xx_hal_rcc.o
                                                  build/stm32f3xx_hal_timebase_tim.o
                                                  build/stm32f3xx_hal_uart.o
HAL_RCC_GetSysClockFreq                           build/stm32f3xx_hal_rcc.o
                                                  build/stm32f3xx_hal_uart.o
                                                  build/stm32f3xx_hal_rcc_ex.o
HAL_RCC_MCOConfig                                 build/stm32f3xx_hal_rcc.o
HAL_RCC_NMI_IRQHandler                            build/stm32f3xx_hal_rcc.o
HAL_RCC_OscConfig                                 build/stm32f3xx_hal_rcc.o
                                                  build/main.o
HAL_RS485Ex_Init                                  build/stm32f3xx_hal_uart_ex.o
HAL_ResumeTick                                    build/stm32f3xx_hal_timebase_tim.o
                                                  build/stm32f3xx_hal.o
HAL_SYSTICK_CLKSourceConfig                       build/stm32f3xx_hal_cortex.o
HAL_SYSTICK_Callback                              build/stm32f3xx_hal_cortex.o
HAL_SYSTICK_Config                                build/stm32f3xx_hal_cortex.o
                                                  build/stm32f3xx_hal.o
HAL_SYSTICK_IRQHandler                            build/stm32f3xx_hal_cortex.o
HAL_SetTickFreq                                   build/stm32f3xx_hal.o
HAL_SuspendTick                                   build/stm32f3xx_hal_timebase_tim.o
                                                  build/stm32f3xx_hal.o
HAL_TIMEx_Break2Callback                          build/stm32f3xx_hal_tim_ex.o
                                                  build/stm32f3xx_hal_tim.o
HAL_TIMEx_BreakCallback                           build/stm32f3xx_hal_tim_ex.o
                                                  build/stm32f3xx_hal_tim.o
HAL_TIMEx_CommutCallback                          build/stm32f3xx_hal_tim_ex.o
                                                  build/stm32f3xx_hal_tim.o
HAL_TIMEx_CommutHalfCpltCallback                  build/stm32f3xx_hal_tim_ex.o
HAL_TIMEx_ConfigBreakDeadTime                     build/stm32f3xx_hal_tim_ex.o
HAL_TIMEx_ConfigCommutEvent                       build/stm32f3xx_hal_tim_ex.o
HAL_TIMEx_ConfigCommutEvent_DMA                   build/stm32f3xx_hal_tim_ex.o
HAL_TIMEx_ConfigCommutEvent_IT                    build/stm32f3xx_hal_tim_ex.o
HAL_TIMEx_GroupChannel5                           build/stm32f3xx_hal_tim_ex.o
HAL_TIMEx_HallSensor_DeInit                       build/stm32f3xx_hal_tim_ex.o
HAL_TIMEx_HallSensor_GetState                     build/stm32f3xx_hal_tim_ex.o
HAL_TIMEx_HallSensor_Init                         build/stm32f3xx_hal_tim_ex.o
HAL_TIMEx_HallSensor_MspDeInit                    build/stm32f3xx_hal_tim_ex.o
HAL_TIMEx_HallSensor_MspInit                      build/stm32f3xx_hal_tim_ex.o
HAL_TIMEx_HallSensor_Start                        build/stm32f3xx_hal_tim_ex.o
HAL_TIMEx_HallSensor_Start_DMA                    build/stm32f3xx_hal_tim_ex.o
HAL_TIMEx_HallSensor_Start_IT                     build/stm32f3xx_hal_tim_ex.o
HAL_TIMEx_HallSensor_Stop                         build/stm32f3xx_hal_tim_ex.o
HAL_TIMEx_HallSensor_Stop_DMA                     build/stm32f3xx_hal_tim_ex.o
HAL_TIMEx_HallSensor_Stop_IT                      build/stm32f3xx_hal_tim_ex.o
HAL_TIMEx_MasterConfigSynchronization             build/stm32f3xx_hal_tim_ex.o
HAL_TIMEx_OCN_Start                               build/stm32f3xx_hal_tim_ex.o
HAL_TIMEx_OCN_Start_DMA                           build/stm32f3xx_hal_tim_ex.o
HAL_TIMEx_OCN_Start_IT                            build/stm32f3xx_hal_tim_ex.o
HAL_TIMEx_OCN_Stop                                build/stm32f3xx_hal_tim_ex.o
HAL_TIMEx_OCN_Stop_DMA                            build/stm32f3xx_hal_tim_ex.o
HAL_TIMEx_OCN_Stop_IT                             build/stm32f3xx_hal_tim_ex.o
HAL_TIMEx_OnePulseN_Start                         build/stm32f3xx_hal_tim_ex.o
HAL_TIMEx_OnePulseN_Start_IT                      build/stm32f3xx_hal_tim_ex.o
HAL_TIMEx_OnePulseN_Stop                          build/stm32f3xx_hal_tim_ex.o
HAL_TIMEx_OnePulseN_Stop_IT                       build/stm32f3xx_hal_tim_ex.o
HAL_TIMEx_PWMN_Start                              build/stm32f3xx_hal_tim_ex.o
HAL_TIMEx_PWMN_Start_DMA                          build/stm32f3xx_hal_tim_ex.o
HAL_TIMEx_PWMN_Start_IT                           build/stm32f3xx_hal_tim_ex.o
HAL_TIMEx_PWMN_Stop                               build/stm32f3xx_hal_tim_ex.o
HAL_TIMEx_PWMN_Stop_DMA                           build/stm32f3xx_hal_tim_ex.o
HAL_TIMEx_PWMN_Stop_IT                            build/stm32f3xx_hal_tim_ex.o
HAL_TIMEx_RemapConfig                             build/stm32f3xx_hal_tim_ex.o
HAL_TIM_Base_DeInit                               build/stm32f3xx_hal_tim.o
HAL_TIM_Base_GetState                             build/stm32f3xx_hal_tim.o
HAL_TIM_Base_Init                                 build/stm32f3xx_hal_tim.o
                                                  build/stm32f3xx_hal_timebase_tim.o
HAL_TIM_Base_MspDeInit                            build/stm32f3xx_hal_tim.o
HAL_TIM_Base_MspInit                              build/stm32f3xx_hal_tim.o
HAL_TIM_Base_Start                                build/stm32f3xx_hal_tim.o
HAL_TIM_Base_Start_DMA                            build/stm32f3xx_hal_tim.o
HAL_TIM_Base_Start_IT                             build/stm32f3xx_hal_tim.o
                                                  build/stm32f3xx_hal_timebase_tim.o
HAL_TIM_Base_Stop                                 build/stm32f3xx_hal_tim.o
HAL_TIM_Base_Stop_DMA                             build/stm32f3xx_hal_tim.o
HAL_TIM_Base_Stop_IT                              build/stm32f3xx_hal_tim.o
HAL_TIM_ConfigClockSource                         build/stm32f3xx_hal_tim.o
HAL_TIM_ConfigOCrefClear                          build/stm32f3xx_hal_tim.o
HAL_TIM_ConfigTI1Input                            build/stm32f3xx_hal_tim.o
HAL_TIM_DMABurst_MultiReadStart                   build/stm32f3xx_hal_tim.o
HAL_TIM_DMABurst_MultiWriteStart                  build/stm32f3xx_hal_tim.o
HAL_TIM_DMABurst_ReadStart                        build/stm32f3xx_hal_tim.o
HAL_TIM_DMABurst_ReadStop                         build/stm32f3xx_hal_tim.o
HAL_TIM_DMABurst_WriteStart                       build/stm32f3xx_hal_tim.o
HAL_TIM_DMABurst_WriteStop                        build/stm32f3xx_hal_tim.o
HAL_TIM_Encoder_DeInit                            build/stm32f3xx_hal_tim.o
HAL_TIM_Encoder_GetState                          build/stm32f3xx_hal_tim.o
HAL_TIM_Encoder_Init                              build/stm32f3xx_hal_tim.o
HAL_TIM_Encoder_MspDeInit                         build/stm32f3xx_hal_tim.o
HAL_TIM_Encoder_MspInit                           build/stm32f3xx_hal_tim.o
HAL_TIM_Encoder_Start                             build/stm32f3xx_hal_tim.o
HAL_TIM_Encoder_Start_DMA                         build/stm32f3xx_hal_tim.o
HAL_TIM_Encoder_Start_IT                          build/stm32f3xx_hal_tim.o
HAL_TIM_Encoder_Stop                              build/stm32f3xx_hal_tim.o
HAL_TIM_Encoder_Stop_DMA                          build/stm32f3xx_hal_tim.o
HAL_TIM_Encoder_Stop_IT                           build/stm32f3xx_hal_tim.o
HAL_TIM_ErrorCallback                             build/stm32f3xx_hal_tim.o
HAL_TIM_GenerateEvent                             build/stm32f3xx_hal_tim.o
HAL_TIM_IC_CaptureCallback                        build/stm32f3xx_hal_tim.o
HAL_TIM_IC_CaptureHalfCpltCallback                build/stm32f3xx_hal_tim.o
HAL_TIM_IC_ConfigChannel                          build/stm32f3xx_hal_tim.o
HAL_TIM_IC_DeInit                                 build/stm32f3xx_hal_tim.o
HAL_TIM_IC_GetState                               build/stm32f3xx_hal_tim.o
HAL_TIM_IC_Init                                   build/stm32f3xx_hal_tim.o
HAL_TIM_IC_MspDeInit                              build/stm32f3xx_hal_tim.o
HAL_TIM_IC_MspInit                                build/stm32f3xx_hal_tim.o
HAL_TIM_IC_Start                                  build/stm32f3xx_hal_tim.o
HAL_TIM_IC_Start_DMA                              build/stm32f3xx_hal_tim.o
HAL_TIM_IC_Start_IT                               build/stm32f3xx_hal_tim.o
HAL_TIM_IC_Stop                                   build/stm32f3xx_hal_tim.o
HAL_TIM_IC_Stop_DMA                               build/stm32f3xx_hal_tim.o
HAL_TIM_IC_Stop_IT                                build/stm32f3xx_hal_tim.o
HAL_TIM_IRQHandler                                build/stm32f3xx_hal_tim.o
                                                  build/stm32f3xx_it.o
HAL_TIM_OC_ConfigChannel                          build/stm32f3xx_hal_tim.o
HAL_TIM_OC_DeInit                                 build/stm32f3xx_hal_tim.o
HAL_TIM_OC_DelayElapsedCallback                   build/stm32f3xx_hal_tim.o
HAL_TIM_OC_GetState                               build/stm32f3xx_hal_tim.o
HAL_TIM_OC_Init                                   build/stm32f3xx_hal_tim.o
HAL_TIM_OC_MspDeInit                              build/stm32f3xx_hal_tim.o
HAL_TIM_OC_MspInit                                build/stm32f3xx_hal_tim.o
HAL_TIM_OC_Start                                  build/stm32f3xx_hal_tim.o
HAL_TIM_OC_Start_DMA                              build/stm32f3xx_hal_tim.o
HAL_TIM_OC_Start_IT                               build/stm32f3xx_hal_tim.o
HAL_TIM_OC_Stop                                   build/stm32f3xx_hal_tim.o
HAL_TIM_OC_Stop_DMA                               build/stm32f3xx_hal_tim.o
HAL_TIM_OC_Stop_IT                                build/stm32f3xx_hal_tim.o
HAL_TIM_OnePulse_ConfigChannel                    build/stm32f3xx_hal_tim.o
HAL_TIM_OnePulse_DeInit                           build/stm32f3xx_hal_tim.o
HAL_TIM_OnePulse_GetState                         build/stm32f3xx_hal_tim.o
HAL_TIM_OnePulse_Init                             build/stm32f3xx_hal_tim.o
HAL_TIM_OnePulse_MspDeInit                        build/stm32f3xx_hal_tim.o
HAL_TIM_OnePulse_MspInit                          build/stm32f3xx_hal_tim.o
HAL_TIM_OnePulse_Start                            build/stm32f3xx_hal_tim.o
HAL_TIM_OnePulse_Start_IT                         build/stm32f3xx_hal_tim.o
HAL_TIM_OnePulse_Stop                             build/stm32f3xx_hal_tim.o
HAL_TIM_OnePulse_Stop_IT                          build/stm32f3xx_hal_tim.o
HAL_TIM_PWM_ConfigChannel                         build/stm32f3xx_hal_tim.o
HAL_TIM_PWM_DeInit                                build/stm32f3xx_hal_tim.o
HAL_TIM_PWM_GetState                              build/stm32f3xx_hal_tim.o
HAL_TIM_PWM_Init                                  build/stm32f3xx_hal_tim.o
HAL_TIM_PWM_MspDeInit                             build/stm32f3xx_hal_tim.o
HAL_TIM_PWM_MspInit                               build/stm32f3xx_hal_tim.o
HAL_TIM_PWM_PulseFinishedCallback                 build/stm32f3xx_hal_tim.o
HAL_TIM_PWM_PulseFinishedHalfCpltCallback         build/stm32f3xx_hal_tim.o
HAL_TIM_PWM_Start                                 build/stm32f3xx_hal_tim.o
HAL_TIM_PWM_Start_DMA                             build/stm32f3xx_hal_tim.o
HAL_TIM_PWM_Start_IT                              build/stm32f3xx_hal_tim.o
HAL_TIM_PWM_Stop                                  build/stm32f3xx_hal_tim.o
HAL_TIM_PWM_Stop_DMA                              build/stm32f3xx_hal_tim.o
HAL_TIM_PWM_Stop_IT                               build/stm32f3xx_hal_tim.o
HAL_TIM_PeriodElapsedCallback                     build/main.o
HAL_TIM_PeriodElapsedHalfCpltCallback             build/stm32f3xx_hal_tim.o
HAL_TIM_ReadCapturedValue                         build/stm32f3xx_hal_tim.o
HAL_TIM_SlaveConfigSynchro                        build/stm32f3xx_hal_tim.o
HAL_TIM_SlaveConfigSynchro_IT                     build/stm32f3xx_hal_tim.o
HAL_TIM_TriggerCallback                           build/stm32f3xx_hal_tim.o
HAL_TIM_TriggerHalfCpltCallback                   build/stm32f3xx_hal_tim.o
HAL_UARTEx_DisableStopMode                        build/stm32f3xx_hal_uart_ex.o
HAL_UARTEx_EnableStopMode                         build/stm32f3xx_hal_uart_ex.o
HAL_UARTEx_StopModeWakeUpSourceConfig             build/stm32f3xx_hal_uart_ex.o
HAL_UARTEx_WakeupCallback                         build/stm32f3xx_hal_uart_ex.o
                                                  build/stm32f3xx_hal_uart.o
HAL_UART_Abort                                    build/stm32f3xx_hal_uart.o
HAL_UART_AbortCpltCallback                        build/stm32f3xx_hal_uart.o
HAL_UART_AbortReceive                             build/stm32f3xx_hal_uart.o
HAL_UART_AbortReceiveCpltCallback                 build/stm32f3xx_hal_uart.o
HAL_UART_AbortReceive_IT                          build/stm32f3xx_hal_uart.o
HAL_UART_AbortTransmit                            build/stm32f3xx_hal_uart.o
HAL_UART_AbortTransmitCpltCallback                build/stm32f3xx_hal_uart.o
HAL_UART_AbortTransmit_IT                         build/stm32f3xx_hal_uart.o
HAL_UART_Abort_IT                                 build/stm32f3xx_hal_uart.o
HAL_UART_DMAPause                                 build/stm32f3xx_hal_uart.o
HAL_UART_DMAResume                                build/stm32f3xx_hal_uart.o
HAL_UART_DMAStop                                  build/stm32f3xx_hal_uart.o
HAL_UART_DeInit                                   build/stm32f3xx_hal_uart.o
HAL_UART_DisableReceiverTimeout                   build/stm32f3xx_hal_uart.o
HAL_UART_EnableReceiverTimeout                    build/stm32f3xx_hal_uart.o
HAL_UART_ErrorCallback                            build/stm32f3xx_hal_uart.o
HAL_UART_GetError                                 build/stm32f3xx_hal_uart.o
HAL_UART_GetState                                 build/stm32f3xx_hal_uart.o
HAL_UART_IRQHandler                               build/stm32f3xx_hal_uart.o
HAL_UART_Init                                     build/stm32f3xx_hal_uart.o
                                                  build/main.o
HAL_UART_MspDeInit                                build/stm32f3xx_hal_msp.o
HAL_UART_MspInit                                  build/stm32f3xx_hal_msp.o
                                                  build/stm32f3xx_hal_uart_ex.o
HAL_UART_Receive                                  build/stm32f3xx_hal_uart.o
HAL_UART_Receive_DMA                              build/stm32f3xx_hal_uart.o
HAL_UART_Receive_IT                               build/stm32f3xx_hal_uart.o
HAL_UART_ReceiverTimeout_Config                   build/stm32f3xx_hal_uart.o
HAL_UART_RxCpltCallback                           build/stm32f3xx_hal_uart.o
HAL_UART_RxHalfCpltCallback                       build/stm32f3xx_hal_uart.o
HAL_UART_Transmit                                 build/stm32f3xx_hal_uart.o
                                                  build/main.o
HAL_UART_Transmit_DMA                             build/stm32f3xx_hal_uart.o
HAL_UART_Transmit_IT                              build/stm32f3xx_hal_uart.o
HAL_UART_TxCpltCallback                           build/stm32f3xx_hal_uart.o
HAL_UART_TxHalfCpltCallback                       build/stm32f3xx_hal_uart.o
HardFault_Handler                                 build/stm32f3xx_it.o
I2C1_ER_IRQHandler                                build/startup_stm32f302x8.o
I2C1_EV_IRQHandler                                build/startup_stm32f302x8.o
I2C2_ER_IRQHandler                                build/startup_stm32f302x8.o
I2C2_EV_IRQHandler                                build/startup_stm32f302x8.o
I2C3_ER_IRQHandler                                build/startup_stm32f302x8.o
I2C3_EV_IRQHandler                                build/startup_stm32f302x8.o
MemManage_Handler                                 build/stm32f3xx_it.o
NMI_Handler                                       build/stm32f3xx_it.o
PVD_IRQHandler                                    build/startup_stm32f302x8.o
PendSV_Handler                                    build/port.o
RCC_IRQHandler                                    build/startup_stm32f302x8.o
RTC_Alarm_IRQHandler                              build/startup_stm32f302x8.o
RTC_WKUP_IRQHandler                               build/startup_stm32f302x8.o
Reset_Handler                                     build/startup_stm32f302x8.o
SPI2_IRQHandler                                   build/startup_stm32f302x8.o
SPI3_IRQHandler                                   build/startup_stm32f302x8.o
SVC_Handler                                       build/port.o
StartComUSBTask                                   build/main.o
StartDefaultTask                                  build/main.o
StartTask02                                       build/main.o
SysTick_Handler                                   build/port.o
SystemClock_Config                                build/main.o
SystemCoreClock                                   build/system_stm32f3xx.o
                                                  build/port.o
                                                  build/cmsis_os2.o
                                                  build/stm32f3xx_hal_rcc_ex.o
                                                  build/stm32f3xx_hal_rcc.o
                                                  build/stm32f3xx_hal.o
SystemCoreClockUpdate                             build/system_stm32f3xx.o
SystemInit                                        build/system_stm32f3xx.o
                                                  build/startup_stm32f302x8.o
TAMP_STAMP_IRQHandler                             build/startup_stm32f302x8.o
TIM1_BRK_TIM15_IRQHandler                         build/startup_stm32f302x8.o
TIM1_CC_IRQHandler                                build/startup_stm32f302x8.o
TIM1_TRG_COM_TIM17_IRQHandler                     build/startup_stm32f302x8.o
TIM1_UP_TIM16_IRQHandler                          build/stm32f3xx_it.o
TIM2_IRQHandler                                   build/startup_stm32f302x8.o
TIM6_DAC_IRQHandler                               build/startup_stm32f302x8.o
TIMEx_DMACommutationCplt                          build/stm32f3xx_hal_tim_ex.o
                                                  build/stm32f3xx_hal_tim.o
TIMEx_DMACommutationHalfCplt                      build/stm32f3xx_hal_tim_ex.o
                                                  build/stm32f3xx_hal_tim.o
TIM_Base_SetConfig                                build/stm32f3xx_hal_tim.o
                                                  build/stm32f3xx_hal_tim_ex.o
TIM_CCxChannelCmd                                 build/stm32f3xx_hal_tim.o
                                                  build/stm32f3xx_hal_tim_ex.o
TIM_DMACaptureCplt                                build/stm32f3xx_hal_tim.o
                                                  build/stm32f3xx_hal_tim_ex.o
TIM_DMACaptureHalfCplt                            build/stm32f3xx_hal_tim.o
                                                  build/stm32f3xx_hal_tim_ex.o
TIM_DMADelayPulseCplt                             build/stm32f3xx_hal_tim.o
                                                  build/stm32f3xx_hal_tim_ex.o
TIM_DMADelayPulseHalfCplt                         build/stm32f3xx_hal_tim.o
                                                  build/stm32f3xx_hal_tim_ex.o
TIM_DMAError                                      build/stm32f3xx_hal_tim.o
                                                  build/stm32f3xx_hal_tim_ex.o
TIM_ETR_SetConfig                                 build/stm32f3xx_hal_tim.o
TIM_OC2_SetConfig                                 build/stm32f3xx_hal_tim.o
                                                  build/stm32f3xx_hal_tim_ex.o
TIM_TI1_SetConfig                                 build/stm32f3xx_hal_tim.o
                                                  build/stm32f3xx_hal_tim_ex.o
UART_AdvFeatureConfig                             build/stm32f3xx_hal_uart.o
                                                  build/stm32f3xx_hal_uart_ex.o
UART_CheckIdleState                               build/stm32f3xx_hal_uart.o
                                                  build/stm32f3xx_hal_uart_ex.o
UART_SetConfig                                    build/stm32f3xx_hal_uart.o
                                                  build/stm32f3xx_hal_uart_ex.o
UART_WaitOnFlagUntilTimeout                       build/stm32f3xx_hal_uart.o
                                                  build/stm32f3xx_hal_uart_ex.o
USART1_IRQHandler                                 build/startup_stm32f302x8.o
USART2_IRQHandler                                 build/startup_stm32f302x8.o
USART3_IRQHandler                                 build/startup_stm32f302x8.o
USBWakeUp_IRQHandler                              build/startup_stm32f302x8.o
USBWakeUp_RMP_IRQHandler                          build/startup_stm32f302x8.o
USB_HP_CAN_TX_IRQHandler                          build/startup_stm32f302x8.o
USB_HP_IRQHandler                                 build/startup_stm32f302x8.o
USB_LP_CAN_RX0_IRQHandler                         build/startup_stm32f302x8.o
USB_LP_IRQHandler                                 build/startup_stm32f302x8.o
UsageFault_Handler                                build/stm32f3xx_it.o
WWDG_IRQHandler                                   build/startup_stm32f302x8.o
_Jv_RegisterClasses                               d:/tool_chain/gcc-arm-none-eabi/5.4 2016q3/bin/../lib/gcc/arm-none-eabi/5.4.1/armv7e-m/fpu/crtbegin.o
__bss_end__                                       d:/tool_chain/gcc-arm-none-eabi/5.4 2016q3/bin/../lib/gcc/arm-none-eabi/5.4.1/../../../../arm-none-eabi/lib/armv7e-m/fpu/crt0.o
__bss_start__                                     d:/tool_chain/gcc-arm-none-eabi/5.4 2016q3/bin/../lib/gcc/arm-none-eabi/5.4.1/../../../../arm-none-eabi/lib/armv7e-m/fpu/crt0.o
__call_exitprocs                                  d:/tool_chain/gcc-arm-none-eabi/5.4 2016q3/bin/../lib/gcc/arm-none-eabi/5.4.1/../../../../arm-none-eabi/lib/armv7e-m/fpu\libc_nano.a(lib_a-exit.o)
__deregister_frame_info                           d:/tool_chain/gcc-arm-none-eabi/5.4 2016q3/bin/../lib/gcc/arm-none-eabi/5.4.1/armv7e-m/fpu/crtbegin.o
__dso_handle                                      d:/tool_chain/gcc-arm-none-eabi/5.4 2016q3/bin/../lib/gcc/arm-none-eabi/5.4.1/armv7e-m/fpu/crtbegin.o
__init_array_end                                  d:/tool_chain/gcc-arm-none-eabi/5.4 2016q3/bin/../lib/gcc/arm-none-eabi/5.4.1/../../../../arm-none-eabi/lib/armv7e-m/fpu\libc_nano.a(lib_a-init.o)
__init_array_start                                d:/tool_chain/gcc-arm-none-eabi/5.4 2016q3/bin/../lib/gcc/arm-none-eabi/5.4.1/../../../../arm-none-eabi/lib/armv7e-m/fpu\libc_nano.a(lib_a-init.o)
__libc_fini_array                                 d:/tool_chain/gcc-arm-none-eabi/5.4 2016q3/bin/../lib/gcc/arm-none-eabi/5.4.1/../../../../arm-none-eabi/lib/armv7e-m/fpu/crt0.o
__libc_init_array                                 d:/tool_chain/gcc-arm-none-eabi/5.4 2016q3/bin/../lib/gcc/arm-none-eabi/5.4.1/../../../../arm-none-eabi/lib/armv7e-m/fpu\libc_nano.a(lib_a-init.o)
                                                  build/startup_stm32f302x8.o
                                                  d:/tool_chain/gcc-arm-none-eabi/5.4 2016q3/bin/../lib/gcc/arm-none-eabi/5.4.1/../../../../arm-none-eabi/lib/armv7e-m/fpu/crt0.o
__preinit_array_end                               d:/tool_chain/gcc-arm-none-eabi/5.4 2016q3/bin/../lib/gcc/arm-none-eabi/5.4.1/../../../../arm-none-eabi/lib/armv7e-m/fpu\libc_nano.a(lib_a-init.o)
__preinit_array_start                             d:/tool_chain/gcc-arm-none-eabi/5.4 2016q3/bin/../lib/gcc/arm-none-eabi/5.4.1/../../../../arm-none-eabi/lib/armv7e-m/fpu\libc_nano.a(lib_a-init.o)
__register_frame_info                             d:/tool_chain/gcc-arm-none-eabi/5.4 2016q3/bin/../lib/gcc/arm-none-eabi/5.4.1/armv7e-m/fpu/crtbegin.o
__sf_fake_stderr                                  d:/tool_chain/gcc-arm-none-eabi/5.4 2016q3/bin/../lib/gcc/arm-none-eabi/5.4.1/../../../../arm-none-eabi/lib/armv7e-m/fpu\libc_nano.a(lib_a-impure.o)
__sf_fake_stdin                                   d:/tool_chain/gcc-arm-none-eabi/5.4 2016q3/bin/../lib/gcc/arm-none-eabi/5.4.1/../../../../arm-none-eabi/lib/armv7e-m/fpu\libc_nano.a(lib_a-impure.o)
__sf_fake_stdout                                  d:/tool_chain/gcc-arm-none-eabi/5.4 2016q3/bin/../lib/gcc/arm-none-eabi/5.4.1/../../../../arm-none-eabi/lib/armv7e-m/fpu\libc_nano.a(lib_a-impure.o)
__stack                                           d:/tool_chain/gcc-arm-none-eabi/5.4 2016q3/bin/../lib/gcc/arm-none-eabi/5.4.1/../../../../arm-none-eabi/lib/armv7e-m/fpu/crt0.o
_ebss                                             build/startup_stm32f302x8.o
_edata                                            build/startup_stm32f302x8.o
_estack                                           build/startup_stm32f302x8.o
_exit                                             d:/tool_chain/gcc-arm-none-eabi/5.4 2016q3/bin/../lib/gcc/arm-none-eabi/5.4.1/../../../../arm-none-eabi/lib/armv7e-m/fpu\libnosys.a(_exit.o)
                                                  d:/tool_chain/gcc-arm-none-eabi/5.4 2016q3/bin/../lib/gcc/arm-none-eabi/5.4.1/../../../../arm-none-eabi/lib/armv7e-m/fpu\libc_nano.a(lib_a-exit.o)
_fini                                             d:/tool_chain/gcc-arm-none-eabi/5.4 2016q3/bin/../lib/gcc/arm-none-eabi/5.4.1/armv7e-m/fpu/crti.o
_global_impure_ptr                                d:/tool_chain/gcc-arm-none-eabi/5.4 2016q3/bin/../lib/gcc/arm-none-eabi/5.4.1/../../../../arm-none-eabi/lib/armv7e-m/fpu\libc_nano.a(lib_a-impure.o)